Archive member included to satisfy reference by file (symbol)

/opt/homebrew/Cellar/arm-gcc-bin@8/8-2019-q3-update_2/bin/../lib/gcc/arm-none-eabi/8.3.1/../../../../arm-none-eabi/lib/thumb/v7e-m+fp/hard/libc_nano.a(lib_a-ctype_.o)
                              _build/nrf52832_xxaa/nrf_log_str_formatter.c.o (_ctype_)
/opt/homebrew/Cellar/arm-gcc-bin@8/8-2019-q3-update_2/bin/../lib/gcc/arm-none-eabi/8.3.1/../../../../arm-none-eabi/lib/thumb/v7e-m+fp/hard/libc_nano.a(lib_a-exit.o)
                              /opt/homebrew/Cellar/arm-gcc-bin@8/8-2019-q3-update_2/bin/../lib/gcc/arm-none-eabi/8.3.1/../../../../arm-none-eabi/lib/thumb/v7e-m+fp/hard/crt0.o (exit)
/opt/homebrew/Cellar/arm-gcc-bin@8/8-2019-q3-update_2/bin/../lib/gcc/arm-none-eabi/8.3.1/../../../../arm-none-eabi/lib/thumb/v7e-m+fp/hard/libc_nano.a(lib_a-impure.o)
                              /opt/homebrew/Cellar/arm-gcc-bin@8/8-2019-q3-update_2/bin/../lib/gcc/arm-none-eabi/8.3.1/../../../../arm-none-eabi/lib/thumb/v7e-m+fp/hard/libc_nano.a(lib_a-exit.o) (_global_impure_ptr)
/opt/homebrew/Cellar/arm-gcc-bin@8/8-2019-q3-update_2/bin/../lib/gcc/arm-none-eabi/8.3.1/../../../../arm-none-eabi/lib/thumb/v7e-m+fp/hard/libc_nano.a(lib_a-init.o)
                              /opt/homebrew/Cellar/arm-gcc-bin@8/8-2019-q3-update_2/bin/../lib/gcc/arm-none-eabi/8.3.1/../../../../arm-none-eabi/lib/thumb/v7e-m+fp/hard/crt0.o (__libc_init_array)
/opt/homebrew/Cellar/arm-gcc-bin@8/8-2019-q3-update_2/bin/../lib/gcc/arm-none-eabi/8.3.1/../../../../arm-none-eabi/lib/thumb/v7e-m+fp/hard/libc_nano.a(lib_a-memcpy-stub.o)
                              _build/nrf52832_xxaa/nrf_log_backend_flash.c.o (memcpy)
/opt/homebrew/Cellar/arm-gcc-bin@8/8-2019-q3-update_2/bin/../lib/gcc/arm-none-eabi/8.3.1/../../../../arm-none-eabi/lib/thumb/v7e-m+fp/hard/libc_nano.a(lib_a-memmove.o)
                              _build/nrf52832_xxaa/nrf_cli.c.o (memmove)
/opt/homebrew/Cellar/arm-gcc-bin@8/8-2019-q3-update_2/bin/../lib/gcc/arm-none-eabi/8.3.1/../../../../arm-none-eabi/lib/thumb/v7e-m+fp/hard/libc_nano.a(lib_a-memset.o)
                              /opt/homebrew/Cellar/arm-gcc-bin@8/8-2019-q3-update_2/bin/../lib/gcc/arm-none-eabi/8.3.1/../../../../arm-none-eabi/lib/thumb/v7e-m+fp/hard/crt0.o (memset)
/opt/homebrew/Cellar/arm-gcc-bin@8/8-2019-q3-update_2/bin/../lib/gcc/arm-none-eabi/8.3.1/../../../../arm-none-eabi/lib/thumb/v7e-m+fp/hard/libc_nano.a(lib_a-qsort.o)
                              _build/nrf52832_xxaa/nrf_cli.c.o (qsort)
/opt/homebrew/Cellar/arm-gcc-bin@8/8-2019-q3-update_2/bin/../lib/gcc/arm-none-eabi/8.3.1/../../../../arm-none-eabi/lib/thumb/v7e-m+fp/hard/libc_nano.a(lib_a-sprintf.o)
                              _build/nrf52832_xxaa/demo_cli_cmds.c.o (sprintf)
/opt/homebrew/Cellar/arm-gcc-bin@8/8-2019-q3-update_2/bin/../lib/gcc/arm-none-eabi/8.3.1/../../../../arm-none-eabi/lib/thumb/v7e-m+fp/hard/libc_nano.a(lib_a-strchr.o)
                              _build/nrf52832_xxaa/fnmatch.c.o (strchr)
/opt/homebrew/Cellar/arm-gcc-bin@8/8-2019-q3-update_2/bin/../lib/gcc/arm-none-eabi/8.3.1/../../../../arm-none-eabi/lib/thumb/v7e-m+fp/hard/libc_nano.a(lib_a-strcmp.o)
                              _build/nrf52832_xxaa/nrf_log_frontend.c.o (strcmp)
/opt/homebrew/Cellar/arm-gcc-bin@8/8-2019-q3-update_2/bin/../lib/gcc/arm-none-eabi/8.3.1/../../../../arm-none-eabi/lib/thumb/v7e-m+fp/hard/libc_nano.a(lib_a-strcpy.o)
                              _build/nrf52832_xxaa/nrf_cli.c.o (strcpy)
/opt/homebrew/Cellar/arm-gcc-bin@8/8-2019-q3-update_2/bin/../lib/gcc/arm-none-eabi/8.3.1/../../../../arm-none-eabi/lib/thumb/v7e-m+fp/hard/libc_nano.a(lib_a-strlen.o)
                              _build/nrf52832_xxaa/nrf_log_frontend.c.o (strlen)
/opt/homebrew/Cellar/arm-gcc-bin@8/8-2019-q3-update_2/bin/../lib/gcc/arm-none-eabi/8.3.1/../../../../arm-none-eabi/lib/thumb/v7e-m+fp/hard/libc_nano.a(lib_a-strncmp.o)
                              _build/nrf52832_xxaa/nrf_log_frontend.c.o (strncmp)
/opt/homebrew/Cellar/arm-gcc-bin@8/8-2019-q3-update_2/bin/../lib/gcc/arm-none-eabi/8.3.1/../../../../arm-none-eabi/lib/thumb/v7e-m+fp/hard/libc_nano.a(lib_a-strstr.o)
                              _build/nrf52832_xxaa/nrf_cli.c.o (strstr)
/opt/homebrew/Cellar/arm-gcc-bin@8/8-2019-q3-update_2/bin/../lib/gcc/arm-none-eabi/8.3.1/../../../../arm-none-eabi/lib/thumb/v7e-m+fp/hard/libc_nano.a(lib_a-strtol.o)
                              _build/nrf52832_xxaa/cli_utils_cmds.c.o (strtol)
/opt/homebrew/Cellar/arm-gcc-bin@8/8-2019-q3-update_2/bin/../lib/gcc/arm-none-eabi/8.3.1/../../../../arm-none-eabi/lib/thumb/v7e-m+fp/hard/libc_nano.a(lib_a-nano-svfprintf.o)
                              /opt/homebrew/Cellar/arm-gcc-bin@8/8-2019-q3-update_2/bin/../lib/gcc/arm-none-eabi/8.3.1/../../../../arm-none-eabi/lib/thumb/v7e-m+fp/hard/libc_nano.a(lib_a-sprintf.o) (_svfprintf_r)
[...]
Memory Configuration

Name             Origin             Length             Attributes
FLASH            0x0000000000000000 0x0000000000080000 xr
RAM              0x0000000020000000 0x0000000000010000 xrw
*default*        0x0000000000000000 0xffffffffffffffff

Linker script and memory map


.text           0x0000000000000000    0x14558
 *(.isr_vector)
 .isr_vector    0x0000000000000000      0x200 _build/nrf52832_xxaa/gcc_startup_nrf52.S.o
                0x0000000000000000                __isr_vector
 *(.text*)
 .text          0x0000000000000200       0x40 /opt/homebrew/Cellar/arm-gcc-bin@8/8-2019-q3-update_2/bin/../lib/gcc/arm-none-eabi/8.3.1/thumb/v7e-m+fp/hard/crtbegin.o
 .text          0x0000000000000240       0x74 /opt/homebrew/Cellar/arm-gcc-bin@8/8-2019-q3-update_2/bin/../lib/gcc/arm-none-eabi/8.3.1/../../../../arm-none-eabi/lib/thumb/v7e-m+fp/hard/crt0.o
                0x0000000000000240                _mainCRTStartup
                0x0000000000000240                _start
 .text          0x00000000000002b4       0x3c _build/nrf52832_xxaa/gcc_startup_nrf52.S.o
                0x00000000000002b4                Reset_Handler
                0x00000000000002dc                NMI_Handler
                0x00000000000002e0                MemoryManagement_Handler
                0x00000000000002e2                BusFault_Handler
                0x00000000000002e4                UsageFault_Handler
                0x00000000000002e6                SVC_Handler
                0x00000000000002e8                DebugMon_Handler
                0x00000000000002ea                PendSV_Handler
                0x00000000000002ec                SysTick_Handler
                0x00000000000002ee                TIMER3_IRQHandler
                0x00000000000002ee                FPU_IRQHandler
                0x00000000000002ee                SPIM0_SPIS0_TWIM0_TWIS0_SPI0_TWI0_IRQHandler
                0x00000000000002ee                TIMER4_IRQHandler
                0x00000000000002ee                I2S_IRQHandler
                0x00000000000002ee                SWI4_EGU4_IRQHandler
                0x00000000000002ee                TIMER0_IRQHandler
                0x00000000000002ee                TIMER1_IRQHandler
                0x00000000000002ee                PWM2_IRQHandler
                0x00000000000002ee                ECB_IRQHandler
                0x00000000000002ee                SPIM1_SPIS1_TWIM1_TWIS1_SPI1_TWI1_IRQHandler
                0x00000000000002ee                Default_Handler
                0x00000000000002ee                SAADC_IRQHandler
                0x00000000000002ee                CCM_AAR_IRQHandler
                0x00000000000002ee                WDT_IRQHandler
                0x00000000000002ee                SWI5_EGU5_IRQHandler
                0x00000000000002ee                RNG_IRQHandler
                0x00000000000002ee                RTC2_IRQHandler
                0x00000000000002ee                PWM0_IRQHandler
                0x00000000000002ee                SWI3_EGU3_IRQHandler
                0x00000000000002ee                SWI1_EGU1_IRQHandler
                0x00000000000002ee                SPIM2_SPIS2_SPI2_IRQHandler
                0x00000000000002ee                NFCT_IRQHandler
                0x00000000000002ee                MWU_IRQHandler
                0x00000000000002ee                TIMER2_IRQHandler
                0x00000000000002ee                COMP_LPCOMP_IRQHandler
                0x00000000000002ee                RTC0_IRQHandler
                0x00000000000002ee                SWI0_EGU0_IRQHandler
                0x00000000000002ee                SWI2_EGU2_IRQHandler
                0x00000000000002ee                PWM1_IRQHandler
                0x00000000000002ee                RADIO_IRQHandler
                0x00000000000002ee                PDM_IRQHandler
                0x00000000000002ee                TEMP_IRQHandler
                0x00000000000002ee                QDEC_IRQHandler
 .text.nrf_log_backend_flashlog_panic_set
                0x00000000000002f0        0x4 _build/nrf52832_xxaa/nrf_log_backend_flash.c.o
                0x00000000000002f0                nrf_log_backend_flashlog_panic_set
 .text.nrf_log_backend_crashlog_flush
                0x00000000000002f4       0x34 _build/nrf52832_xxaa/nrf_log_backend_flash.c.o
                0x00000000000002f4                nrf_log_backend_crashlog_flush
 .text.flashlog_clear_cmd
                0x0000000000000328       0x48 _build/nrf52832_xxaa/nrf_log_backend_flash.c.o
 .text.flashlog_status_cmd
                0x0000000000000370       0x8c _build/nrf52832_xxaa/nrf_log_backend_flash.c.o
 .text.cli_tx   0x00000000000003fc       0x10 _build/nrf52832_xxaa/nrf_log_backend_flash.c.o
 .text.log_msg_queue_process
                0x000000000000040c      0x12c _build/nrf52832_xxaa/nrf_log_backend_flash.c.o
 .text.fstorage_evt_handler
                0x0000000000000538       0x7c _build/nrf52832_xxaa/nrf_log_backend_flash.c.o
 .text.nrf_log_backend_flashlog_put
                0x00000000000005b4       0x6c _build/nrf52832_xxaa/nrf_log_backend_flash.c.o
                0x00000000000005b4                nrf_log_backend_flashlog_put
 .text.nrf_log_backend_crashlog_panic_set
                0x0000000000000620       0xa4 _build/nrf52832_xxaa/nrf_log_backend_flash.c.o
                0x0000000000000620                nrf_log_backend_crashlog_panic_set
 .text.nrf_log_backend_flashlog_flush
                0x00000000000006c4       0x34 _build/nrf52832_xxaa/nrf_log_backend_flash.c.o
                0x00000000000006c4                nrf_log_backend_flashlog_flush
 .text.nrf_log_backend_crashlog_put
                0x00000000000006f8       0x58 _build/nrf52832_xxaa/nrf_log_backend_flash.c.o
                0x00000000000006f8                nrf_log_backend_crashlog_put
 .text.flashlog_read_cmd
                0x0000000000000750      0x100 _build/nrf52832_xxaa/nrf_log_backend_flash.c.o
 .text.nrf_log_backend_flash_init
                0x0000000000000850       0x80 _build/nrf52832_xxaa/nrf_log_backend_flash.c.o
                0x0000000000000850                nrf_log_backend_flash_init
 .text.nrf_log_backend_serial_put
                0x00000000000008d0       0xd4 _build/nrf52832_xxaa/nrf_log_backend_serial.c.o
                0x00000000000008d0                nrf_log_backend_serial_put
 .text.nrf_log_backend_uart_flush
                0x00000000000009a4        0x4 _build/nrf52832_xxaa/nrf_log_backend_uart.c.o
 .text.nrf_log_backend_uart_put
                0x00000000000009a8       0x20 _build/nrf52832_xxaa/nrf_log_backend_uart.c.o
 .text.serial_tx
                0x00000000000009c8       0x54 _build/nrf52832_xxaa/nrf_log_backend_uart.c.o
 .text.nrf_log_backend_uart_panic_set
                0x0000000000000a1c       0x6c _build/nrf52832_xxaa/nrf_log_backend_uart.c.o
 .text.severity_lvl_get
                0x0000000000000a88       0x24 _build/nrf52832_xxaa/nrf_log_frontend.c.o
 .text.log_self_halt
                0x0000000000000aac        0xc _build/nrf52832_xxaa/nrf_log_frontend.c.o
 .text.log_self_go
                0x0000000000000ab8        0xc _build/nrf52832_xxaa/nrf_log_frontend.c.o
 .text.backend_name_get
                0x0000000000000ac4       0x48 _build/nrf52832_xxaa/nrf_log_frontend.c.o
 .text.log_cmd  0x0000000000000b0c       0x40 _build/nrf52832_xxaa/nrf_log_frontend.c.o
 .text.log_cmd_backends_list
                0x0000000000000b4c       0x94 _build/nrf52832_xxaa/nrf_log_frontend.c.o
 .text.log_backend_halt
                0x0000000000000be0       0x50 _build/nrf52832_xxaa/nrf_log_frontend.c.o
 .text.log_backend_go
                0x0000000000000c30       0x54 _build/nrf52832_xxaa/nrf_log_frontend.c.o
 .text.log_self_status
                0x0000000000000c84      0x120 _build/nrf52832_xxaa/nrf_log_frontend.c.o
 .text.module_name_get
                0x0000000000000da4       0x58 _build/nrf52832_xxaa/nrf_log_frontend.c.o
 .text.log_ctrl
                0x0000000000000dfc      0x240 _build/nrf52832_xxaa/nrf_log_frontend.c.o
 .text.log_self_ctrl
                0x000000000000103c        0xc _build/nrf52832_xxaa/nrf_log_frontend.c.o
 .text.log_backend_ctrl
                0x0000000000001048       0x5c _build/nrf52832_xxaa/nrf_log_frontend.c.o
 .text.log_backend_status
                0x00000000000010a4      0x188 _build/nrf52832_xxaa/nrf_log_frontend.c.o
 .text.nrf_log_init
                0x000000000000122c      0x1b4 _build/nrf52832_xxaa/nrf_log_frontend.c.o
                0x000000000000122c                nrf_log_init
 .text.nrf_log_module_name_get
                0x00000000000013e0       0x58 _build/nrf52832_xxaa/nrf_log_frontend.c.o
                0x00000000000013e0                nrf_log_module_name_get
 .text.nrf_log_color_id_get
                0x0000000000001438       0x2c _build/nrf52832_xxaa/nrf_log_frontend.c.o
                0x0000000000001438                nrf_log_color_id_get
 .text.log_pending_hook
                0x0000000000001464        0x4 _build/nrf52832_xxaa/nrf_log_frontend.c.o
                0x0000000000001464                log_pending_hook
 .text.nrf_log_frontend_dequeue
                0x0000000000001468      0x44c _build/nrf52832_xxaa/nrf_log_frontend.c.o
                0x0000000000001468                nrf_log_frontend_dequeue
 .text.nrf_log_frontend_std_2
                0x00000000000018b4      0x1f0 _build/nrf52832_xxaa/nrf_log_frontend.c.o
                0x00000000000018b4                nrf_log_frontend_std_2
 .text.nrf_log_frontend_std_3
                0x0000000000001aa4      0x1fc _build/nrf52832_xxaa/nrf_log_frontend.c.o
                0x0000000000001aa4                nrf_log_frontend_std_3
 .text.nrf_log_frontend_std_4
                0x0000000000001ca0      0x214 _build/nrf52832_xxaa/nrf_log_frontend.c.o
                0x0000000000001ca0                nrf_log_frontend_std_4
 .text.nrf_log_frontend_std_5
                0x0000000000001eb4      0x230 _build/nrf52832_xxaa/nrf_log_frontend.c.o
                0x0000000000001eb4                nrf_log_frontend_std_5
 .text.nrf_log_frontend_std_1
                0x00000000000020e4      0x1e4 _build/nrf52832_xxaa/nrf_log_frontend.c.o
                0x00000000000020e4                nrf_log_frontend_std_1
 .text.nrf_log_frontend_std_0
                0x00000000000022c8      0x1d4 _build/nrf52832_xxaa/nrf_log_frontend.c.o
                0x00000000000022c8                nrf_log_frontend_std_0
 .text.nrf_log_backend_add
                0x000000000000249c       0xf8 _build/nrf52832_xxaa/nrf_log_frontend.c.o
                0x000000000000249c                nrf_log_backend_add
 .text.nrf_log_panic
                0x0000000000002594       0x28 _build/nrf52832_xxaa/nrf_log_frontend.c.o
                0x0000000000002594                nrf_log_panic
 .text.nrf_log_config_store
                0x00000000000025bc      0x480 _build/nrf52832_xxaa/nrf_log_frontend.c.o
                0x00000000000025bc                nrf_log_config_store
 .text.log_config_store_cmd
                0x0000000000002a3c       0x40 _build/nrf52832_xxaa/nrf_log_frontend.c.o
 .text.nrf_log_config_load
                0x0000000000002a7c      0x264 _build/nrf52832_xxaa/nrf_log_frontend.c.o
                0x0000000000002a7c                nrf_log_config_load
 .text.log_config_load_cmd
                0x0000000000002ce0       0x40 _build/nrf52832_xxaa/nrf_log_frontend.c.o
 .text.prefix_process
                0x0000000000002d20       0xf8 _build/nrf52832_xxaa/nrf_log_str_formatter.c.o
 .text.nrf_log_std_entry_process
                0x0000000000002e18       0xec _build/nrf52832_xxaa/nrf_log_str_formatter.c.o
                0x0000000000002e18                nrf_log_std_entry_process
 .text.nrf_log_hexdump_entry_process
                0x0000000000002f04       0xfc _build/nrf52832_xxaa/nrf_log_str_formatter.c.o
                0x0000000000002f04                nrf_log_hexdump_entry_process
 .text.nrf_log_str_formatter_timestamp_freq_set
                0x0000000000003000       0x2c _build/nrf52832_xxaa/nrf_log_str_formatter.c.o
                0x0000000000003000                nrf_log_str_formatter_timestamp_freq_set
 .text.nrf_mpu_lib_init
                0x000000000000302c       0x40 _build/nrf52832_xxaa/nrf_mpu_lib.c.o
                0x000000000000302c                nrf_mpu_lib_init
 .text.nrf_mpu_lib_region_create
                0x000000000000306c       0x94 _build/nrf52832_xxaa/nrf_mpu_lib.c.o
                0x000000000000306c                nrf_mpu_lib_region_create
 .text.nrf_stack_guard_init
                0x0000000000003100       0xc0 _build/nrf52832_xxaa/nrf_stack_guard.c.o
                0x0000000000003100                nrf_stack_guard_init
 .text.app_error_save_and_stop
                0x00000000000031c0       0x60 _build/nrf52832_xxaa/app_error.c.o
                0x00000000000031c0                app_error_save_and_stop
 .text.app_error_handler
                0x0000000000003220       0x1c _build/nrf52832_xxaa/app_error_handler_gcc.c.o
                0x0000000000003220                app_error_handler
 .text.app_error_fault_handler
                0x000000000000323c      0x104 _build/nrf52832_xxaa/app_error_weak.c.o
                0x000000000000323c                app_error_fault_handler
 .text.compare_func
                0x0000000000003340       0x18 _build/nrf52832_xxaa/app_timer2.c.o
 .text.timer_expire.part.1
                0x0000000000003358       0xa4 _build/nrf52832_xxaa/app_timer2.c.o
 .text.rtc_irq  0x00000000000033fc      0x548 _build/nrf52832_xxaa/app_timer2.c.o
 .text.app_timer_init
                0x0000000000003944       0x6c _build/nrf52832_xxaa/app_timer2.c.o
                0x0000000000003944                app_timer_init
 .text.app_timer_create
                0x00000000000039b0       0x54 _build/nrf52832_xxaa/app_timer2.c.o
                0x00000000000039b0                app_timer_create
 .text.app_timer_start
                0x0000000000003a04      0x100 _build/nrf52832_xxaa/app_timer2.c.o
                0x0000000000003a04                app_timer_start
 .text.app_timer_stop
                0x0000000000003b04       0xb4 _build/nrf52832_xxaa/app_timer2.c.o
                0x0000000000003b04                app_timer_stop
 .text.app_timer_cnt_get
                0x0000000000003bb8        0xc _build/nrf52832_xxaa/app_timer2.c.o
                0x0000000000003bb8                app_timer_cnt_get
 .text.app_util_critical_region_enter
                0x0000000000003bc4       0x34 _build/nrf52832_xxaa/app_util_platform.c.o
                0x0000000000003bc4                app_util_critical_region_enter
 .text.app_util_critical_region_exit
                0x0000000000003bf8       0x34 _build/nrf52832_xxaa/app_util_platform.c.o
                0x0000000000003bf8                app_util_critical_region_exit
 .text.cmd_reset
                0x0000000000003c2c       0x34 _build/nrf52832_xxaa/cli_utils_cmds.c.o
 .text.cmd_log_msg_warning
                0x0000000000003c60       0xd4 _build/nrf52832_xxaa/cli_utils_cmds.c.o
 .text.cmd_log_msg_error
                0x0000000000003d34       0xd0 _build/nrf52832_xxaa/cli_utils_cmds.c.o
 .text.cmd_app_size
                0x0000000000003e04       0x3c _build/nrf52832_xxaa/cli_utils_cmds.c.o
 .text.cmd_error
                0x0000000000003e40       0x20 _build/nrf52832_xxaa/cli_utils_cmds.c.o
 .text.drv_rtc_init
                0x0000000000003e60      0x150 _build/nrf52832_xxaa/drv_rtc.c.o
                0x0000000000003e60                drv_rtc_init
 .text.drv_rtc_start
                0x0000000000003fb0       0x24 _build/nrf52832_xxaa/drv_rtc.c.o
                0x0000000000003fb0                drv_rtc_start
 .text.drv_rtc_stop
                0x0000000000003fd4       0x24 _build/nrf52832_xxaa/drv_rtc.c.o
                0x0000000000003fd4                drv_rtc_stop
 .text.drv_rtc_compare_set
                0x0000000000003ff8       0x68 _build/nrf52832_xxaa/drv_rtc.c.o
                0x0000000000003ff8                drv_rtc_compare_set
 .text.drv_rtc_windowed_compare_set
                0x0000000000004060      0x118 _build/nrf52832_xxaa/drv_rtc.c.o
                0x0000000000004060                drv_rtc_windowed_compare_set
 .text.drv_rtc_overflow_enable
                0x0000000000004178       0x28 _build/nrf52832_xxaa/drv_rtc.c.o
                0x0000000000004178                drv_rtc_overflow_enable
 .text.drv_rtc_overflow_pending
                0x00000000000041a0       0x34 _build/nrf52832_xxaa/drv_rtc.c.o
                0x00000000000041a0                drv_rtc_overflow_pending
 .text.drv_rtc_compare_disable
                0x00000000000041d4       0x28 _build/nrf52832_xxaa/drv_rtc.c.o
                0x00000000000041d4                drv_rtc_compare_disable
 .text.drv_rtc_compare_pending
                0x00000000000041fc       0x34 _build/nrf52832_xxaa/drv_rtc.c.o
                0x00000000000041fc                drv_rtc_compare_pending
 .text.drv_rtc_compare_get
                0x0000000000004230        0xc _build/nrf52832_xxaa/drv_rtc.c.o
                0x0000000000004230                drv_rtc_compare_get
 .text.drv_rtc_counter_get
                0x000000000000423c        0x8 _build/nrf52832_xxaa/drv_rtc.c.o
                0x000000000000423c                drv_rtc_counter_get
 .text.drv_rtc_irq_trigger
                0x0000000000004244       0x24 _build/nrf52832_xxaa/drv_rtc.c.o
                0x0000000000004244                drv_rtc_irq_trigger
 .text.RTC1_IRQHandler
                0x0000000000004268       0x14 _build/nrf52832_xxaa/drv_rtc.c.o
                0x0000000000004268                RTC1_IRQHandler
 .text.page_scan
                0x000000000000427c       0xe8 _build/nrf52832_xxaa/fds.c.o
 .text.record_find_by_desc
                0x0000000000004364       0xf8 _build/nrf52832_xxaa/fds.c.o
 .text.queue_process
                0x000000000000445c      0x9bc _build/nrf52832_xxaa/fds.c.o
 .text.fs_event_handler
                0x0000000000004e18        0x8 _build/nrf52832_xxaa/fds.c.o
 .text.write_enqueue.part.6
                0x0000000000004e20      0x150 _build/nrf52832_xxaa/fds.c.o
 .text.fds_init
                0x0000000000004f70      0x294 _build/nrf52832_xxaa/fds.c.o
                0x0000000000004f70                fds_init
 .text.fds_record_open
                0x0000000000005204       0x54 _build/nrf52832_xxaa/fds.c.o
                0x0000000000005204                fds_record_open
 .text.fds_record_close
                0x0000000000005258       0x54 _build/nrf52832_xxaa/fds.c.o
                0x0000000000005258                fds_record_close
 .text.fds_record_write
                0x00000000000052ac      0x164 _build/nrf52832_xxaa/fds.c.o
                0x00000000000052ac                fds_record_write
 .text.fds_record_update
                0x0000000000005410       0x4c _build/nrf52832_xxaa/fds.c.o
                0x0000000000005410                fds_record_update
 .text.fds_record_find
                0x000000000000545c       0xfc _build/nrf52832_xxaa/fds.c.o
                0x000000000000545c                fds_record_find
 .text.fnmatchx
                0x0000000000005558      0x474 _build/nrf52832_xxaa/fnmatch.c.o
 .text.fnmatch  0x00000000000059cc        0x8 _build/nrf52832_xxaa/fnmatch.c.o
                0x00000000000059cc                fnmatch
 .text.HardFault_Handler
                0x00000000000059d4       0x34 _build/nrf52832_xxaa/hardfault_handler_gcc.c.o
                0x00000000000059d4                HardFault_Handler
 .text.HardFault_process
                0x0000000000005a08       0x24 _build/nrf52832_xxaa/hardfault_implementation.c.o
                0x0000000000005a08                HardFault_process
 .text.HardFault_c_handler
                0x0000000000005a2c      0x160 _build/nrf52832_xxaa/hardfault_implementation.c.o
                0x0000000000005a2c                HardFault_c_handler
 .text.assert_nrf_callback
                0x0000000000005b8c       0x1c _build/nrf52832_xxaa/nrf_assert.c.o
                0x0000000000005b8c                assert_nrf_callback
 .text.nrf_atfifo_init
                0x0000000000005ba8       0x30 _build/nrf52832_xxaa/nrf_atfifo.c.o
                0x0000000000005ba8                nrf_atfifo_init
 .text.nrf_atfifo_item_alloc
                0x0000000000005bd8       0x5c _build/nrf52832_xxaa/nrf_atfifo.c.o
                0x0000000000005bd8                nrf_atfifo_item_alloc
 .text.nrf_atfifo_item_put
                0x0000000000005c34       0x20 _build/nrf52832_xxaa/nrf_atfifo.c.o
                0x0000000000005c34                nrf_atfifo_item_put
 .text.nrf_atfifo_item_get
                0x0000000000005c54       0x60 _build/nrf52832_xxaa/nrf_atfifo.c.o
                0x0000000000005c54                nrf_atfifo_item_get
 .text.nrf_atfifo_item_free
                0x0000000000005cb4       0x20 _build/nrf52832_xxaa/nrf_atfifo.c.o
                0x0000000000005cb4                nrf_atfifo_item_free
 .text.nrf_atomic_u32_fetch_store
                0x0000000000005cd4       0x14 _build/nrf52832_xxaa/nrf_atomic.c.o
                0x0000000000005cd4                nrf_atomic_u32_fetch_store
 .text.nrf_atomic_u32_or
                0x0000000000005ce8       0x18 _build/nrf52832_xxaa/nrf_atomic.c.o
                0x0000000000005ce8                nrf_atomic_u32_or
 .text.nrf_atomic_u32_and
                0x0000000000005d00       0x18 _build/nrf52832_xxaa/nrf_atomic.c.o
                0x0000000000005d00                nrf_atomic_u32_and
 .text.nrf_atomic_u32_fetch_add
                0x0000000000005d18       0x18 _build/nrf52832_xxaa/nrf_atomic.c.o
                0x0000000000005d18                nrf_atomic_u32_fetch_add
 .text.nrf_atomic_u32_add
                0x0000000000005d30       0x18 _build/nrf52832_xxaa/nrf_atomic.c.o
                0x0000000000005d30                nrf_atomic_u32_add
 .text.nrf_atomic_u32_sub
                0x0000000000005d48       0x18 _build/nrf52832_xxaa/nrf_atomic.c.o
                0x0000000000005d48                nrf_atomic_u32_sub
 .text.nrf_atomic_flag_set_fetch
                0x0000000000005d60       0x18 _build/nrf52832_xxaa/nrf_atomic.c.o
                0x0000000000005d60                nrf_atomic_flag_set_fetch
 .text.nrf_atomic_flag_set
                0x0000000000005d78       0x18 _build/nrf52832_xxaa/nrf_atomic.c.o
                0x0000000000005d78                nrf_atomic_flag_set
 .text.nrf_atomic_flag_clear_fetch
                0x0000000000005d90       0x18 _build/nrf52832_xxaa/nrf_atomic.c.o
                0x0000000000005d90                nrf_atomic_flag_clear_fetch
 .text.nrf_atomic_flag_clear
                0x0000000000005da8       0x18 _build/nrf52832_xxaa/nrf_atomic.c.o
                0x0000000000005da8                nrf_atomic_flag_clear
 .text.nrf_balloc_status
                0x0000000000005dc0       0xc4 _build/nrf52832_xxaa/nrf_balloc.c.o
 .text.nrf_balloc_init
                0x0000000000005e84       0x98 _build/nrf52832_xxaa/nrf_balloc.c.o
                0x0000000000005e84                nrf_balloc_init
 .text.nrf_balloc_alloc
                0x0000000000005f1c       0x60 _build/nrf52832_xxaa/nrf_balloc.c.o
                0x0000000000005f1c                nrf_balloc_alloc
 .text.nrf_balloc_free
                0x0000000000005f7c       0x4c _build/nrf52832_xxaa/nrf_balloc.c.o
                0x0000000000005f7c                nrf_balloc_free
 .text.nrf_log_backend_cli_panic_set
                0x0000000000005fc8       0x20 _build/nrf52832_xxaa/nrf_cli.c.o
 .text.cli_transport_evt_handler
                0x0000000000005fe8       0x30 _build/nrf52832_xxaa/nrf_cli.c.o
 .text.string_cmp
                0x0000000000006018       0x40 _build/nrf52832_xxaa/nrf_cli.c.o
 .text.cmd_get  0x0000000000006058       0x74 _build/nrf52832_xxaa/nrf_cli.c.o
 .text.history_list_element_oldest_remove.isra.16
                0x00000000000060cc       0x70 _build/nrf52832_xxaa/nrf_cli.c.o
 .text.make_argv.constprop.53
                0x000000000000613c      0x238 _build/nrf52832_xxaa/nrf_cli.c.o
 .text.cli_write.constprop.57
                0x0000000000006374       0xa8 _build/nrf52832_xxaa/nrf_cli.c.o
 .text.cursor_position_get
                0x000000000000641c      0x164 _build/nrf52832_xxaa/nrf_cli.c.o
 .text.format_offset_string_print.part.41
                0x0000000000006580      0x178 _build/nrf52832_xxaa/nrf_cli.c.o
 .text.nrf_cli_fprintf.constprop.58
                0x00000000000066f8      0x154 _build/nrf52832_xxaa/nrf_cli.c.o
 .text.nrf_cli_fprintf.constprop.59
                0x000000000000684c      0x13c _build/nrf52832_xxaa/nrf_cli.c.o
 .text.nrf_cli_help_print.constprop.55
                0x0000000000006988      0x1a0 _build/nrf52832_xxaa/nrf_cli.c.o
 .text.nrf_cli_cmd_clear
                0x0000000000006b28       0x98 _build/nrf52832_xxaa/nrf_cli.c.o
 .text.cursor_end_position_move
                0x0000000000006bc0       0xc8 _build/nrf52832_xxaa/nrf_cli.c.o
 .text.cursor_home_position_move
                0x0000000000006c88       0xb4 _build/nrf52832_xxaa/nrf_cli.c.o
 .text.history_handle
                0x0000000000006d3c      0x1c8 _build/nrf52832_xxaa/nrf_cli.c.o
 .text.cursor_position_synchronize
                0x0000000000006f04      0x110 _build/nrf52832_xxaa/nrf_cli.c.o
 .text.completion_insert
                0x0000000000007014       0xe4 _build/nrf52832_xxaa/nrf_cli.c.o
 .text.char_delete
                0x00000000000070f8      0x13c _build/nrf52832_xxaa/nrf_cli.c.o
 .text.char_insert
                0x0000000000007234      0x2a8 _build/nrf52832_xxaa/nrf_cli.c.o
 .text.nrf_cli_init
                0x00000000000074dc      0x180 _build/nrf52832_xxaa/nrf_cli.c.o
                0x00000000000074dc                nrf_cli_init
 .text.nrf_cli_print_stream
                0x000000000000765c        0x4 _build/nrf52832_xxaa/nrf_cli.c.o
                0x000000000000765c                nrf_cli_print_stream
 .text.nrf_cli_fprintf
                0x0000000000007660      0x178 _build/nrf52832_xxaa/nrf_cli.c.o
                0x0000000000007660                nrf_cli_fprintf
 .text.cli_log_entry_process
                0x00000000000077d8      0x1c8 _build/nrf52832_xxaa/nrf_cli.c.o
 .text.nrf_log_backend_cli_flush
                0x00000000000079a0        0xc _build/nrf52832_xxaa/nrf_cli.c.o
 .text.nrf_log_backend_cli_put
                0x00000000000079ac       0x50 _build/nrf52832_xxaa/nrf_cli.c.o
 .text.nrf_cli_cmd_cli
                0x00000000000079fc       0x60 _build/nrf52832_xxaa/nrf_cli.c.o
 .text.nrf_cli_cmd_resize
                0x0000000000007a5c      0x148 _build/nrf52832_xxaa/nrf_cli.c.o
 .text.nrf_cli_start
                0x0000000000007ba4       0xe4 _build/nrf52832_xxaa/nrf_cli.c.o
                0x0000000000007ba4                nrf_cli_start
 .text.nrf_cli_process
                0x0000000000007c88     0x1614 _build/nrf52832_xxaa/nrf_cli.c.o
                0x0000000000007c88                nrf_cli_process
 .text.nrf_cli_cmd_echo_on
                0x000000000000929c       0x30 _build/nrf52832_xxaa/nrf_cli.c.o
 .text.nrf_cli_cmd_colors_on
                0x00000000000092cc       0x30 _build/nrf52832_xxaa/nrf_cli.c.o
 .text.nrf_cli_cmd_echo_off
                0x00000000000092fc       0x30 _build/nrf52832_xxaa/nrf_cli.c.o
 .text.nrf_cli_cmd_colors_off
                0x000000000000932c       0x30 _build/nrf52832_xxaa/nrf_cli.c.o
 .text.nrf_cli_cmd_cli_stats_show
                0x000000000000935c       0x70 _build/nrf52832_xxaa/nrf_cli.c.o
                0x000000000000935c                nrf_cli_cmd_cli_stats_show
 .text.nrf_cli_cmd_cli_stats_reset
                0x00000000000093cc       0x38 _build/nrf52832_xxaa/nrf_cli.c.o
                0x00000000000093cc                nrf_cli_cmd_cli_stats_reset
 .text.nrf_cli_cmd_resize_default
                0x0000000000009404       0x58 _build/nrf52832_xxaa/nrf_cli.c.o
 .text.nrf_cli_cmd_echo
                0x000000000000945c       0x7c _build/nrf52832_xxaa/nrf_cli.c.o
 .text.nrf_cli_cmd_history
                0x00000000000094d8       0xc8 _build/nrf52832_xxaa/nrf_cli.c.o
 .text.nrf_cli_cmd_cli_stats
                0x00000000000095a0       0x60 _build/nrf52832_xxaa/nrf_cli.c.o
                0x00000000000095a0                nrf_cli_cmd_cli_stats
 .text.nrf_cli_cmd_colors
                0x0000000000009600       0x8c _build/nrf52832_xxaa/nrf_cli.c.o
 .text.nrf_cli_help_print
                0x000000000000968c      0x314 _build/nrf52832_xxaa/nrf_cli.c.o
                0x000000000000968c                nrf_cli_help_print
 .text.cli_rtt_read
                0x00000000000099a0       0x2c _build/nrf52832_xxaa/nrf_cli_rtt.c.o
 .text.cli_rtt_uninit
                0x00000000000099cc        0x8 _build/nrf52832_xxaa/nrf_cli_rtt.c.o
 .text.cli_rtt_init
                0x00000000000099d4       0x24 _build/nrf52832_xxaa/nrf_cli_rtt.c.o
 .text.cli_rtt_write
                0x00000000000099f8       0xa0 _build/nrf52832_xxaa/nrf_cli_rtt.c.o
 .text.cli_rtt_enable
                0x0000000000009a98       0x60 _build/nrf52832_xxaa/nrf_cli_rtt.c.o
 .text.timer_handler
                0x0000000000009af8       0x44 _build/nrf52832_xxaa/nrf_cli_rtt.c.o
 .text.cli_uart_read
                0x0000000000009b3c       0x34 _build/nrf52832_xxaa/nrf_cli_uart.c.o
 .text.timer_handler
                0x0000000000009b70       0x1c _build/nrf52832_xxaa/nrf_cli_uart.c.o
 .text.rx_try   0x0000000000009b8c       0x70 _build/nrf52832_xxaa/nrf_cli_uart.c.o
 .text.uart_event_handler
                0x0000000000009bfc      0x108 _build/nrf52832_xxaa/nrf_cli_uart.c.o
 .text.cli_uart_enable
                0x0000000000009d04       0x88 _build/nrf52832_xxaa/nrf_cli_uart.c.o
 .text.cli_uart_init
                0x0000000000009d8c       0x50 _build/nrf52832_xxaa/nrf_cli_uart.c.o
 .text.cli_uart_uninit
                0x0000000000009ddc       0x38 _build/nrf52832_xxaa/nrf_cli_uart.c.o
 .text.cli_uart_write
                0x0000000000009e14       0xa8 _build/nrf52832_xxaa/nrf_cli_uart.c.o
 .text.nrf_fprintf_buffer_flush
                0x0000000000009ebc       0x28 _build/nrf52832_xxaa/nrf_fprintf.c.o
                0x0000000000009ebc                nrf_fprintf_buffer_flush
 .text.nrf_fprintf
                0x0000000000009ee4       0x64 _build/nrf52832_xxaa/nrf_fprintf.c.o
                0x0000000000009ee4                nrf_fprintf
 .text.unsigned_print
                0x0000000000009f48      0x158 _build/nrf52832_xxaa/nrf_fprintf_format.c.o
 .text.int_print.constprop.0
                0x000000000000a0a0      0x14c _build/nrf52832_xxaa/nrf_fprintf_format.c.o
 .text.float_print
                0x000000000000a1ec      0x72c _build/nrf52832_xxaa/nrf_fprintf_format.c.o
 .text.nrf_fprintf_fmt
                0x000000000000a918      0x654 _build/nrf52832_xxaa/nrf_fprintf_format.c.o
                0x000000000000a918                nrf_fprintf_fmt
 .text.nrf_fstorage_init
                0x000000000000af6c       0x70 _build/nrf52832_xxaa/nrf_fstorage.c.o
                0x000000000000af6c                nrf_fstorage_init
 .text.nrf_fstorage_write
                0x000000000000afdc      0x18c _build/nrf52832_xxaa/nrf_fstorage.c.o
                0x000000000000afdc                nrf_fstorage_write
 .text.nrf_fstorage_erase
                0x000000000000b168      0x128 _build/nrf52832_xxaa/nrf_fstorage.c.o
                0x000000000000b168                nrf_fstorage_erase
 .text.nrf_fstorage_rmap
                0x000000000000b290       0x10 _build/nrf52832_xxaa/nrf_fstorage.c.o
                0x000000000000b290                nrf_fstorage_rmap
 .text.init     0x000000000000b2a0        0xc _build/nrf52832_xxaa/nrf_fstorage_nvmc.c.o
 .text.rmap     0x000000000000b2ac        0x4 _build/nrf52832_xxaa/nrf_fstorage_nvmc.c.o
 .text.wmap     0x000000000000b2b0        0x4 _build/nrf52832_xxaa/nrf_fstorage_nvmc.c.o
 .text.is_busy  0x000000000000b2b4       0x10 _build/nrf52832_xxaa/nrf_fstorage_nvmc.c.o
 .text.uninit   0x000000000000b2c4       0x10 _build/nrf52832_xxaa/nrf_fstorage_nvmc.c.o
 .text.read     0x000000000000b2d4       0x10 _build/nrf52832_xxaa/nrf_fstorage_nvmc.c.o
 .text.erase    0x000000000000b2e4       0x68 _build/nrf52832_xxaa/nrf_fstorage_nvmc.c.o
 .text.write    0x000000000000b34c       0x5c _build/nrf52832_xxaa/nrf_fstorage_nvmc.c.o
 .text.memobj_op
                0x000000000000b3a8       0xc8 _build/nrf52832_xxaa/nrf_memobj.c.o
 .text.nrf_memobj_pool_init
                0x000000000000b470        0x4 _build/nrf52832_xxaa/nrf_memobj.c.o
                0x000000000000b470                nrf_memobj_pool_init
 .text.nrf_memobj_alloc
                0x000000000000b474       0x98 _build/nrf52832_xxaa/nrf_memobj.c.o
                0x000000000000b474                nrf_memobj_alloc
 .text.nrf_memobj_free
                0x000000000000b50c       0x3c _build/nrf52832_xxaa/nrf_memobj.c.o
                0x000000000000b50c                nrf_memobj_free
 .text.nrf_memobj_get
                0x000000000000b548        0x8 _build/nrf52832_xxaa/nrf_memobj.c.o
                0x000000000000b548                nrf_memobj_get
 .text.nrf_memobj_put
                0x000000000000b550       0x58 _build/nrf52832_xxaa/nrf_memobj.c.o
                0x000000000000b550                nrf_memobj_put
 .text.nrf_memobj_write
                0x000000000000b5a8       0x28 _build/nrf52832_xxaa/nrf_memobj.c.o
                0x000000000000b5a8                nrf_memobj_write
 .text.nrf_memobj_read
                0x000000000000b5d0       0x2c _build/nrf52832_xxaa/nrf_memobj.c.o
                0x000000000000b5d0                nrf_memobj_read
 .text.nrf_pwr_mgmt_feed
                0x000000000000b5fc        0x4 _build/nrf52832_xxaa/nrf_pwr_mgmt.c.o
                0x000000000000b5fc                nrf_pwr_mgmt_feed
 .text.nrf_queue_status
                0x000000000000b600      0x118 _build/nrf52832_xxaa/nrf_queue.c.o
 .text.nrf_queue_push
                0x000000000000b718      0x118 _build/nrf52832_xxaa/nrf_queue.c.o
                0x000000000000b718                nrf_queue_push
 .text.nrf_queue_generic_pop
                0x000000000000b830       0xf4 _build/nrf52832_xxaa/nrf_queue.c.o
                0x000000000000b830                nrf_queue_generic_pop
 .text.nrf_queue_max_utilization_get
                0x000000000000b924       0x20 _build/nrf52832_xxaa/nrf_queue.c.o
                0x000000000000b924                nrf_queue_max_utilization_get
 .text.nrf_queue_max_utilization_reset
                0x000000000000b944       0x24 _build/nrf52832_xxaa/nrf_queue.c.o
                0x000000000000b944                nrf_queue_max_utilization_reset
 .text.nrf_ringbuf_init
                0x000000000000b968       0x1c _build/nrf52832_xxaa/nrf_ringbuf.c.o
                0x000000000000b968                nrf_ringbuf_init
 .text.nrf_ringbuf_alloc
                0x000000000000b984       0xa8 _build/nrf52832_xxaa/nrf_ringbuf.c.o
                0x000000000000b984                nrf_ringbuf_alloc
 .text.nrf_ringbuf_put
                0x000000000000ba2c       0x34 _build/nrf52832_xxaa/nrf_ringbuf.c.o
                0x000000000000ba2c                nrf_ringbuf_put
 .text.nrf_ringbuf_cpy_put
                0x000000000000ba60       0xb0 _build/nrf52832_xxaa/nrf_ringbuf.c.o
                0x000000000000ba60                nrf_ringbuf_cpy_put
 .text.nrf_ringbuf_get
                0x000000000000bb10       0xa8 _build/nrf52832_xxaa/nrf_ringbuf.c.o
                0x000000000000bb10                nrf_ringbuf_get
 .text.nrf_ringbuf_cpy_get
                0x000000000000bbb8       0xac _build/nrf52832_xxaa/nrf_ringbuf.c.o
                0x000000000000bbb8                nrf_ringbuf_cpy_get
 .text.nrf_ringbuf_free
                0x000000000000bc64       0x28 _build/nrf52832_xxaa/nrf_ringbuf.c.o
                0x000000000000bc64                nrf_ringbuf_free
 .text.nrf_sortlist_add
                0x000000000000bc8c       0x44 _build/nrf52832_xxaa/nrf_sortlist.c.o
                0x000000000000bc8c                nrf_sortlist_add
 .text.nrf_sortlist_pop
                0x000000000000bcd0       0x20 _build/nrf52832_xxaa/nrf_sortlist.c.o
                0x000000000000bcd0                nrf_sortlist_pop
 .text.nrf_sortlist_peek
                0x000000000000bcf0       0x20 _build/nrf52832_xxaa/nrf_sortlist.c.o
                0x000000000000bcf0                nrf_sortlist_peek
 .text.nrf_sortlist_remove
                0x000000000000bd10       0x54 _build/nrf52832_xxaa/nrf_sortlist.c.o
                0x000000000000bd10                nrf_sortlist_remove
 .text.nrf_strerror_get
                0x000000000000bd64       0x88 _build/nrf52832_xxaa/nrf_strerror.c.o
                0x000000000000bd64                nrf_strerror_get
 .text.clock_irq_handler
                0x000000000000bdec       0x44 _build/nrf52832_xxaa/nrf_drv_clock.c.o
 .text.nrf_drv_clock_init
                0x000000000000be30       0x40 _build/nrf52832_xxaa/nrf_drv_clock.c.o
                0x000000000000be30                nrf_drv_clock_init
 .text.nrf_drv_clock_lfclk_request
                0x000000000000be70       0x80 _build/nrf52832_xxaa/nrf_drv_clock.c.o
                0x000000000000be70                nrf_drv_clock_lfclk_request
 .text.uarte_evt_handler
                0x000000000000bef0       0x34 _build/nrf52832_xxaa/nrf_drv_uart.c.o
 .text.uart_evt_handler
                0x000000000000bf24       0x34 _build/nrf52832_xxaa/nrf_drv_uart.c.o
 .text.nrf_drv_uart_init
                0x000000000000bf58       0x7c _build/nrf52832_xxaa/nrf_drv_uart.c.o
                0x000000000000bf58                nrf_drv_uart_init
 .text.nrf_nvmc_page_erase
                0x000000000000bfd4       0x30 _build/nrf52832_xxaa/nrf_nvmc.c.o
                0x000000000000bfd4                nrf_nvmc_page_erase
 .text.nrf_nvmc_write_words
                0x000000000000c004       0x4c _build/nrf52832_xxaa/nrf_nvmc.c.o
                0x000000000000c004                nrf_nvmc_write_words
 .text.nrfx_clock_init
                0x000000000000c050       0x2c _build/nrf52832_xxaa/nrfx_clock.c.o
                0x000000000000c050                nrfx_clock_init
 .text.nrfx_clock_enable
                0x000000000000c07c       0x4c _build/nrf52832_xxaa/nrfx_clock.c.o
                0x000000000000c07c                nrfx_clock_enable
 .text.nrfx_clock_lfclk_start
                0x000000000000c0c8       0x74 _build/nrf52832_xxaa/nrfx_clock.c.o
                0x000000000000c0c8                nrfx_clock_lfclk_start
 .text.nrfx_clock_irq_handler
                0x000000000000c13c       0x64 _build/nrf52832_xxaa/nrfx_clock.c.o
                0x000000000000c13c                nrfx_clock_irq_handler
 .text.GPIOTE_IRQHandler
                0x000000000000c1a0      0x66c _build/nrf52832_xxaa/nrfx_gpiote.c.o
                0x000000000000c1a0                GPIOTE_IRQHandler
 .text.nrfx_power_irq_handler
                0x000000000000c80c       0xb4 _build/nrf52832_xxaa/nrfx_power.c.o
                0x000000000000c80c                nrfx_power_irq_handler
 .text.POWER_CLOCK_IRQHandler
                0x000000000000c8c0       0x10 _build/nrf52832_xxaa/nrfx_power.c.o
                0x000000000000c8c0                POWER_CLOCK_IRQHandler
 .text.UARTE0_UART0_IRQHandler
                0x000000000000c8d0       0x28 _build/nrf52832_xxaa/nrfx_prs.c.o
                0x000000000000c8d0                UARTE0_UART0_IRQHandler
 .text.nrfx_prs_acquire
                0x000000000000c8f8       0x50 _build/nrf52832_xxaa/nrfx_prs.c.o
                0x000000000000c8f8                nrfx_prs_acquire
 .text.nrfx_prs_release
                0x000000000000c948       0x28 _build/nrf52832_xxaa/nrfx_prs.c.o
                0x000000000000c948                nrfx_prs_release
 .text.nrfx_uart_0_irq_handler
                0x000000000000c970      0x1c4 _build/nrf52832_xxaa/nrfx_uart.c.o
                0x000000000000c970                nrfx_uart_0_irq_handler
 .text.nrfx_uart_init
                0x000000000000cb34      0x2a8 _build/nrf52832_xxaa/nrfx_uart.c.o
                0x000000000000cb34                nrfx_uart_init
 .text.nrfx_uart_uninit
                0x000000000000cddc      0x160 _build/nrf52832_xxaa/nrfx_uart.c.o
                0x000000000000cddc                nrfx_uart_uninit
 .text.nrfx_uart_tx
                0x000000000000cf3c      0x120 _build/nrf52832_xxaa/nrfx_uart.c.o
                0x000000000000cf3c                nrfx_uart_tx
 .text.nrfx_uart_tx_in_progress
                0x000000000000d05c       0x18 _build/nrf52832_xxaa/nrfx_uart.c.o
                0x000000000000d05c                nrfx_uart_tx_in_progress
 .text.nrfx_uart_rx
                0x000000000000d074      0x190 _build/nrf52832_xxaa/nrfx_uart.c.o
                0x000000000000d074                nrfx_uart_rx
 .text.nrfx_uart_rx_abort
                0x000000000000d204       0x14 _build/nrf52832_xxaa/nrfx_uart.c.o
                0x000000000000d204                nrfx_uart_rx_abort
 .text.nrfx_uarte_0_irq_handler
                0x000000000000d218      0x160 _build/nrf52832_xxaa/nrfx_uarte.c.o
                0x000000000000d218                nrfx_uarte_0_irq_handler
 .text.nrfx_uarte_init
                0x000000000000d378      0x2dc _build/nrf52832_xxaa/nrfx_uarte.c.o
                0x000000000000d378                nrfx_uarte_init
 .text.nrfx_uarte_uninit
                0x000000000000d654      0x1bc _build/nrf52832_xxaa/nrfx_uarte.c.o
                0x000000000000d654                nrfx_uarte_uninit
 .text.nrfx_uarte_tx
                0x000000000000d810      0x128 _build/nrf52832_xxaa/nrfx_uarte.c.o
                0x000000000000d810                nrfx_uarte_tx
 .text.nrfx_uarte_tx_in_progress
                0x000000000000d938       0x1c _build/nrf52832_xxaa/nrfx_uarte.c.o
                0x000000000000d938                nrfx_uarte_tx_in_progress
 .text.nrfx_uarte_rx
                0x000000000000d954      0x1a8 _build/nrf52832_xxaa/nrfx_uarte.c.o
                0x000000000000d954                nrfx_uarte_rx
 .text.nrfx_uarte_rx_abort
                0x000000000000dafc       0x2c _build/nrf52832_xxaa/nrfx_uarte.c.o
                0x000000000000dafc                nrfx_uarte_rx_abort
 .text.cmd_float_print
                0x000000000000db28      0x220 _build/nrf52832_xxaa/demo_cli_cmds.c.o
 .text.cmd_print_param
                0x000000000000dd48       0x3c _build/nrf52832_xxaa/demo_cli_cmds.c.o
 .text.cmd_print_all
                0x000000000000dd84       0x3c _build/nrf52832_xxaa/demo_cli_cmds.c.o
 .text.cmd_python
                0x000000000000ddc0        0xc _build/nrf52832_xxaa/demo_cli_cmds.c.o
 .text.dynamic_cmd_get
                0x000000000000ddcc       0x48 _build/nrf52832_xxaa/demo_cli_cmds.c.o
 .text.string_cmp
                0x000000000000de14       0x3c _build/nrf52832_xxaa/demo_cli_cmds.c.o
 .text.cmd_nordic
                0x000000000000de50       0x3c _build/nrf52832_xxaa/demo_cli_cmds.c.o
 .text.cmd_counter_reset
                0x000000000000de8c       0x20 _build/nrf52832_xxaa/demo_cli_cmds.c.o
 .text.cmd_dynamic
                0x000000000000deac       0x4c _build/nrf52832_xxaa/demo_cli_cmds.c.o
 .text.cmd_dynamic_show
                0x000000000000def8       0x98 _build/nrf52832_xxaa/demo_cli_cmds.c.o
 .text.cmd_print
                0x000000000000df90       0x80 _build/nrf52832_xxaa/demo_cli_cmds.c.o
 .text.cmd_counter
                0x000000000000e010       0xbc _build/nrf52832_xxaa/demo_cli_cmds.c.o
 .text.cmd_dynamic_execute
                0x000000000000e0cc       0xa0 _build/nrf52832_xxaa/demo_cli_cmds.c.o
 .text.cmd_dynamic_remove
                0x000000000000e16c       0xc4 _build/nrf52832_xxaa/demo_cli_cmds.c.o
 .text.cmd_dynamic_add
                0x000000000000e230      0x120 _build/nrf52832_xxaa/demo_cli_cmds.c.o
 .text.cmd_counter_start
                0x000000000000e350       0x1c _build/nrf52832_xxaa/demo_cli_cmds.c.o
 .text.cmd_counter_stop
                0x000000000000e36c       0x20 _build/nrf52832_xxaa/demo_cli_cmds.c.o
 .text.cli_example_stack_overflow_force
                0x000000000000e38c       0x30 _build/nrf52832_xxaa/demo_cli_cmds.c.o
                0x000000000000e38c                cli_example_stack_overflow_force
 .text.cmd_stack_overflow
                0x000000000000e3bc       0x18 _build/nrf52832_xxaa/demo_cli_cmds.c.o
 .text.timer_handle
                0x000000000000e3d4       0x44 _build/nrf52832_xxaa/main.c.o
 .text.startup.main
                0x000000000000e418      0x22c _build/nrf52832_xxaa/main.c.o
                0x000000000000e418                main
 .text.SEGGER_RTT_Read
                0x000000000000e644      0x104 _build/nrf52832_xxaa/SEGGER_RTT.c.o
                0x000000000000e644                SEGGER_RTT_Read
 .text.SEGGER_RTT_Write
                0x000000000000e748      0x1fc _build/nrf52832_xxaa/SEGGER_RTT.c.o
                0x000000000000e748                SEGGER_RTT_Write
 .text.SEGGER_RTT_HasData
                0x000000000000e944       0x18 _build/nrf52832_xxaa/SEGGER_RTT.c.o
                0x000000000000e944                SEGGER_RTT_HasData
 .text.SEGGER_RTT_Init
                0x000000000000e95c       0x60 _build/nrf52832_xxaa/SEGGER_RTT.c.o
                0x000000000000e95c                SEGGER_RTT_Init
 .text.SystemInit
                0x000000000000e9bc      0x340 _build/nrf52832_xxaa/system_nrf52.c.o
                0x000000000000e9bc                SystemInit
 .text.exit     0x000000000000ecfc       0x28 /opt/homebrew/Cellar/arm-gcc-bin@8/8-2019-q3-update_2/bin/../lib/gcc/arm-none-eabi/8.3.1/../../../../arm-none-eabi/lib/thumb/v7e-m+fp/hard/libc_nano.a(lib_a-exit.o)
                0x000000000000ecfc                exit
 .text.__libc_init_array
                0x000000000000ed24       0x48 /opt/homebrew/Cellar/arm-gcc-bin@8/8-2019-q3-update_2/bin/../lib/gcc/arm-none-eabi/8.3.1/../../../../arm-none-eabi/lib/thumb/v7e-m+fp/hard/libc_nano.a(lib_a-init.o)
                0x000000000000ed24                __libc_init_array
 .text.memcpy   0x000000000000ed6c       0x1c /opt/homebrew/Cellar/arm-gcc-bin@8/8-2019-q3-update_2/bin/../lib/gcc/arm-none-eabi/8.3.1/../../../../arm-none-eabi/lib/thumb/v7e-m+fp/hard/libc_nano.a(lib_a-memcpy-stub.o)
                0x000000000000ed6c                memcpy
 .text.memmove  0x000000000000ed88       0x34 /opt/homebrew/Cellar/arm-gcc-bin@8/8-2019-q3-update_2/bin/../lib/gcc/arm-none-eabi/8.3.1/../../../../arm-none-eabi/lib/thumb/v7e-m+fp/hard/libc_nano.a(lib_a-memmove.o)
                0x000000000000ed88                memmove
 .text.memset   0x000000000000edbc       0x10 /opt/homebrew/Cellar/arm-gcc-bin@8/8-2019-q3-update_2/bin/../lib/gcc/arm-none-eabi/8.3.1/../../../../arm-none-eabi/lib/thumb/v7e-m+fp/hard/libc_nano.a(lib_a-memset.o)
                0x000000000000edbc                memset
 .text.swapfunc
                0x000000000000edcc       0x32 /opt/homebrew/Cellar/arm-gcc-bin@8/8-2019-q3-update_2/bin/../lib/gcc/arm-none-eabi/8.3.1/../../../../arm-none-eabi/lib/thumb/v7e-m+fp/hard/libc_nano.a(lib_a-qsort.o)
 .text.med3.isra.1
                0x000000000000edfe       0x40 /opt/homebrew/Cellar/arm-gcc-bin@8/8-2019-q3-update_2/bin/../lib/gcc/arm-none-eabi/8.3.1/../../../../arm-none-eabi/lib/thumb/v7e-m+fp/hard/libc_nano.a(lib_a-qsort.o)
 .text.qsort    0x000000000000ee3e      0x294 /opt/homebrew/Cellar/arm-gcc-bin@8/8-2019-q3-update_2/bin/../lib/gcc/arm-none-eabi/8.3.1/../../../../arm-none-eabi/lib/thumb/v7e-m+fp/hard/libc_nano.a(lib_a-qsort.o)
                0x000000000000ee3e                qsort
 *fill*         0x000000000000f0d2        0x2 
 .text.sprintf  0x000000000000f0d4       0x40 /opt/homebrew/Cellar/arm-gcc-bin@8/8-2019-q3-update_2/bin/../lib/gcc/arm-none-eabi/8.3.1/../../../../arm-none-eabi/lib/thumb/v7e-m+fp/hard/libc_nano.a(lib_a-sprintf.o)
                0x000000000000f0d4                sprintf
                0x000000000000f0d4                siprintf
 .text.strchr   0x000000000000f114       0x1a /opt/homebrew/Cellar/arm-gcc-bin@8/8-2019-q3-update_2/bin/../lib/gcc/arm-none-eabi/8.3.1/../../../../arm-none-eabi/lib/thumb/v7e-m+fp/hard/libc_nano.a(lib_a-strchr.o)
                0x000000000000f114                strchr
 .text          0x000000000000f12e       0x14 /opt/homebrew/Cellar/arm-gcc-bin@8/8-2019-q3-update_2/bin/../lib/gcc/arm-none-eabi/8.3.1/../../../../arm-none-eabi/lib/thumb/v7e-m+fp/hard/libc_nano.a(lib_a-strcmp.o)
                0x000000000000f12e                strcmp
 .text.strcpy   0x000000000000f142       0x10 /opt/homebrew/Cellar/arm-gcc-bin@8/8-2019-q3-update_2/bin/../lib/gcc/arm-none-eabi/8.3.1/../../../../arm-none-eabi/lib/thumb/v7e-m+fp/hard/libc_nano.a(lib_a-strcpy.o)
                0x000000000000f142                strcpy
 .text          0x000000000000f152       0x10 /opt/homebrew/Cellar/arm-gcc-bin@8/8-2019-q3-update_2/bin/../lib/gcc/arm-none-eabi/8.3.1/../../../../arm-none-eabi/lib/thumb/v7e-m+fp/hard/libc_nano.a(lib_a-strlen.o)
                0x000000000000f152                strlen
 .text.strncmp  0x000000000000f162       0x24 /opt/homebrew/Cellar/arm-gcc-bin@8/8-2019-q3-update_2/bin/../lib/gcc/arm-none-eabi/8.3.1/../../../../arm-none-eabi/lib/thumb/v7e-m+fp/hard/libc_nano.a(lib_a-strncmp.o)
                0x000000000000f162                strncmp
 .text.strstr   0x000000000000f186       0x2e /opt/homebrew/Cellar/arm-gcc-bin@8/8-2019-q3-update_2/bin/../lib/gcc/arm-none-eabi/8.3.1/../../../../arm-none-eabi/lib/thumb/v7e-m+fp/hard/libc_nano.a(lib_a-strstr.o)
                0x000000000000f186                strstr
 .text._strtol_l.isra.0
                0x000000000000f1b4       0xf0 /opt/homebrew/Cellar/arm-gcc-bin@8/8-2019-q3-update_2/bin/../lib/gcc/arm-none-eabi/8.3.1/../../../../arm-none-eabi/lib/thumb/v7e-m+fp/hard/libc_nano.a(lib_a-strtol.o)
 .text.strtol   0x000000000000f2a4       0x14 /opt/homebrew/Cellar/arm-gcc-bin@8/8-2019-q3-update_2/bin/../lib/gcc/arm-none-eabi/8.3.1/../../../../arm-none-eabi/lib/thumb/v7e-m+fp/hard/libc_nano.a(lib_a-strtol.o)
                0x000000000000f2a4                strtol
 .text.__ssputs_r
                0x000000000000f2b8       0xb6 /opt/homebrew/Cellar/arm-gcc-bin@8/8-2019-q3-update_2/bin/../lib/gcc/arm-none-eabi/8.3.1/../../../../arm-none-eabi/lib/thumb/v7e-m+fp/hard/libc_nano.a(lib_a-nano-svfprintf.o)
                0x000000000000f2b8                __ssputs_r
 *fill*         0x000000000000f36e        0x2 
 .text._svfprintf_r
                0x000000000000f370      0x1f0 /opt/homebrew/Cellar/arm-gcc-bin@8/8-2019-q3-update_2/bin/../lib/gcc/arm-none-eabi/8.3.1/../../../../arm-none-eabi/lib/thumb/v7e-m+fp/hard/libc_nano.a(lib_a-nano-svfprintf.o)
                0x000000000000f370                _svfprintf_r
                0x000000000000f370                _svfiprintf_r
 .text._printf_common
                0x000000000000f560       0xea /opt/homebrew/Cellar/arm-gcc-bin@8/8-2019-q3-update_2/bin/../lib/gcc/arm-none-eabi/8.3.1/../../../../arm-none-eabi/lib/thumb/v7e-m+fp/hard/libc_nano.a(lib_a-nano-vfprintf_i.o)
                0x000000000000f560                _printf_common
 *fill*         0x000000000000f64a        0x2 
 .text._printf_i
                0x000000000000f64c      0x228 /opt/homebrew/Cellar/arm-gcc-bin@8/8-2019-q3-update_2/bin/../lib/gcc/arm-none-eabi/8.3.1/../../../../arm-none-eabi/lib/thumb/v7e-m+fp/hard/libc_nano.a(lib_a-nano-vfprintf_i.o)
                0x000000000000f64c                _printf_i
 *fill*         0x000000000000f874        0xc 
 .text          0x000000000000f880       0xa0 /opt/homebrew/Cellar/arm-gcc-bin@8/8-2019-q3-update_2/bin/../lib/gcc/arm-none-eabi/8.3.1/../../../../arm-none-eabi/lib/thumb/v7e-m+fp/hard/libc_nano.a(lib_a-memchr.o)
                0x000000000000f880                memchr
 .text._free_r  0x000000000000f920       0x9c /opt/homebrew/Cellar/arm-gcc-bin@8/8-2019-q3-update_2/bin/../lib/gcc/arm-none-eabi/8.3.1/../../../../arm-none-eabi/lib/thumb/v7e-m+fp/hard/libc_nano.a(lib_a-nano-freer.o)
                0x000000000000f920                _free_r
 .text._malloc_r
                0x000000000000f9bc       0xb4 /opt/homebrew/Cellar/arm-gcc-bin@8/8-2019-q3-update_2/bin/../lib/gcc/arm-none-eabi/8.3.1/../../../../arm-none-eabi/lib/thumb/v7e-m+fp/hard/libc_nano.a(lib_a-nano-mallocr.o)
                0x000000000000f9bc                _malloc_r
 .text._realloc_r
                0x000000000000fa70       0x4c /opt/homebrew/Cellar/arm-gcc-bin@8/8-2019-q3-update_2/bin/../lib/gcc/arm-none-eabi/8.3.1/../../../../arm-none-eabi/lib/thumb/v7e-m+fp/hard/libc_nano.a(lib_a-nano-reallocr.o)
                0x000000000000fa70                _realloc_r
 .text._sbrk_r  0x000000000000fabc       0x20 /opt/homebrew/Cellar/arm-gcc-bin@8/8-2019-q3-update_2/bin/../lib/gcc/arm-none-eabi/8.3.1/../../../../arm-none-eabi/lib/thumb/v7e-m+fp/hard/libc_nano.a(lib_a-sbrkr.o)
                0x000000000000fabc                _sbrk_r
 .text.__malloc_lock
                0x000000000000fadc        0xc /opt/homebrew/Cellar/arm-gcc-bin@8/8-2019-q3-update_2/bin/../lib/gcc/arm-none-eabi/8.3.1/../../../../arm-none-eabi/lib/thumb/v7e-m+fp/hard/libc_nano.a(lib_a-mlock.o)
                0x000000000000fadc                __malloc_lock
 .text.__malloc_unlock
                0x000000000000fae8        0xc /opt/homebrew/Cellar/arm-gcc-bin@8/8-2019-q3-update_2/bin/../lib/gcc/arm-none-eabi/8.3.1/../../../../arm-none-eabi/lib/thumb/v7e-m+fp/hard/libc_nano.a(lib_a-mlock.o)
                0x000000000000fae8                __malloc_unlock
 .text._malloc_usable_size_r
                0x000000000000faf4       0x10 /opt/homebrew/Cellar/arm-gcc-bin@8/8-2019-q3-update_2/bin/../lib/gcc/arm-none-eabi/8.3.1/../../../../arm-none-eabi/lib/thumb/v7e-m+fp/hard/libc_nano.a(lib_a-nano-msizer.o)
                0x000000000000faf4                _malloc_usable_size_r
 .text.__retarget_lock_acquire_recursive
                0x000000000000fb04        0x2 /opt/homebrew/Cellar/arm-gcc-bin@8/8-2019-q3-update_2/bin/../lib/gcc/arm-none-eabi/8.3.1/../../../../arm-none-eabi/lib/thumb/v7e-m+fp/hard/libc_nano.a(lib_a-lock.o)
                0x000000000000fb04                __retarget_lock_acquire_recursive
 .text.__retarget_lock_release_recursive
                0x000000000000fb06        0x2 /opt/homebrew/Cellar/arm-gcc-bin@8/8-2019-q3-update_2/bin/../lib/gcc/arm-none-eabi/8.3.1/../../../../arm-none-eabi/lib/thumb/v7e-m+fp/hard/libc_nano.a(lib_a-lock.o)
                0x000000000000fb06                __retarget_lock_release_recursive
 .text._sbrk    0x000000000000fb08       0x1c /opt/homebrew/Cellar/arm-gcc-bin@8/8-2019-q3-update_2/bin/../lib/gcc/arm-none-eabi/8.3.1/../../../../arm-none-eabi/lib/thumb/v7e-m+fp/hard/libnosys.a(sbrk.o)
                0x000000000000fb08                _sbrk
 .text._exit    0x000000000000fb24        0x4 /opt/homebrew/Cellar/arm-gcc-bin@8/8-2019-q3-update_2/bin/../lib/gcc/arm-none-eabi/8.3.1/../../../../arm-none-eabi/lib/thumb/v7e-m+fp/hard/libnosys.a(_exit.o)
                0x000000000000fb24                _exit
 .text          0x000000000000fb28      0x378 /opt/homebrew/Cellar/arm-gcc-bin@8/8-2019-q3-update_2/bin/../lib/gcc/arm-none-eabi/8.3.1/thumb/v7e-m+fp/hard/libgcc.a(_arm_addsubdf3.o)
                0x000000000000fb28                __aeabi_drsub
                0x000000000000fb30                __subdf3
                0x000000000000fb30                __aeabi_dsub
                0x000000000000fb34                __aeabi_dadd
                0x000000000000fb34                __adddf3
                0x000000000000fdac                __aeabi_ui2d
                0x000000000000fdac                __floatunsidf
                0x000000000000fdcc                __floatsidf
                0x000000000000fdcc                __aeabi_i2d
                0x000000000000fdf0                __extendsfdf2
                0x000000000000fdf0                __aeabi_f2d
                0x000000000000fe34                __aeabi_ul2d
                0x000000000000fe34                __floatundidf
                0x000000000000fe44                __aeabi_l2d
                0x000000000000fe44                __floatdidf
 .text          0x000000000000fea0      0x424 /opt/homebrew/Cellar/arm-gcc-bin@8/8-2019-q3-update_2/bin/../lib/gcc/arm-none-eabi/8.3.1/thumb/v7e-m+fp/hard/libgcc.a(_arm_muldivdf3.o)
                0x000000000000fea0                __aeabi_dmul
                0x000000000000fea0                __muldf3
                0x00000000000100f4                __aeabi_ddiv
                0x00000000000100f4                __divdf3
 .text          0x00000000000102c4      0x110 /opt/homebrew/Cellar/arm-gcc-bin@8/8-2019-q3-update_2/bin/../lib/gcc/arm-none-eabi/8.3.1/thumb/v7e-m+fp/hard/libgcc.a(_arm_cmpdf2.o)
                0x00000000000102c4                __gedf2
                0x00000000000102c4                __gtdf2
                0x00000000000102cc                __ledf2
                0x00000000000102cc                __ltdf2
                0x00000000000102d4                __cmpdf2
                0x00000000000102d4                __eqdf2
                0x00000000000102d4                __nedf2
                0x0000000000010350                __aeabi_cdrcmple
                0x0000000000010360                __aeabi_cdcmple
                0x0000000000010360                __aeabi_cdcmpeq
                0x0000000000010370                __aeabi_dcmpeq
                0x0000000000010384                __aeabi_dcmplt
                0x0000000000010398                __aeabi_dcmple
                0x00000000000103ac                __aeabi_dcmpge
                0x00000000000103c0                __aeabi_dcmpgt
 .text          0x00000000000103d4       0x30 /opt/homebrew/Cellar/arm-gcc-bin@8/8-2019-q3-update_2/bin/../lib/gcc/arm-none-eabi/8.3.1/thumb/v7e-m+fp/hard/libgcc.a(_aeabi_uldivmod.o)
                0x00000000000103d4                __aeabi_uldivmod
 .text          0x0000000000010404      0x2d0 /opt/homebrew/Cellar/arm-gcc-bin@8/8-2019-q3-update_2/bin/../lib/gcc/arm-none-eabi/8.3.1/thumb/v7e-m+fp/hard/libgcc.a(_udivmoddi4.o)
                0x0000000000010404                __udivmoddi4
 .text          0x00000000000106d4        0x4 /opt/homebrew/Cellar/arm-gcc-bin@8/8-2019-q3-update_2/bin/../lib/gcc/arm-none-eabi/8.3.1/thumb/v7e-m+fp/hard/libgcc.a(_dvmd_tls.o)
                0x00000000000106d4                __aeabi_ldiv0
                0x00000000000106d4                __aeabi_idiv0
 *(.init)
 .init          0x00000000000106d8        0x4 /opt/homebrew/Cellar/arm-gcc-bin@8/8-2019-q3-update_2/bin/../lib/gcc/arm-none-eabi/8.3.1/thumb/v7e-m+fp/hard/crti.o
                0x00000000000106d8                _init
 .init          0x00000000000106dc        0x8 /opt/homebrew/Cellar/arm-gcc-bin@8/8-2019-q3-update_2/bin/../lib/gcc/arm-none-eabi/8.3.1/thumb/v7e-m+fp/hard/crtn.o
 *(.fini)
 .fini          0x00000000000106e4        0x4 /opt/homebrew/Cellar/arm-gcc-bin@8/8-2019-q3-update_2/bin/../lib/gcc/arm-none-eabi/8.3.1/thumb/v7e-m+fp/hard/crti.o
                0x00000000000106e4                _fini
 .fini          0x00000000000106e8        0x8 /opt/homebrew/Cellar/arm-gcc-bin@8/8-2019-q3-update_2/bin/../lib/gcc/arm-none-eabi/8.3.1/thumb/v7e-m+fp/hard/crtn.o
 *crtbegin.o(.ctors)
 *crtbegin?.o(.ctors)
 *(EXCLUDE_FILE(*crtend.o *crtend?.o) .ctors)
 *(SORT_BY_NAME(.ctors.*))
 *(.ctors)
 *crtbegin.o(.dtors)
 *crtbegin?.o(.dtors)
 *(EXCLUDE_FILE(*crtend.o *crtend?.o) .dtors)
 *(SORT_BY_NAME(.dtors.*))
 *(.dtors)
 *(.rodata*)
 .rodata.crashlog_str
                0x00000000000106f0       0x22 _build/nrf52832_xxaa/nrf_log_backend_flash.c.o
 *fill*         0x0000000000010712        0x2 
 .rodata.flashlog_read_cmd.str1.4
                0x0000000000010714       0x12 _build/nrf52832_xxaa/nrf_log_backend_flash.c.o
 *fill*         0x0000000000010726        0x2 
 .rodata.flashlog_status_cmd.str1.4
                0x0000000000010728       0x8b _build/nrf52832_xxaa/nrf_log_backend_flash.c.o
 *fill*         0x00000000000107b3        0x1 
 .rodata.log_msg_queue_process.str1.4
                0x00000000000107b4       0x47 _build/nrf52832_xxaa/nrf_log_backend_flash.c.o
 *fill*         0x00000000000107fb        0x1 
 .rodata.m_flashlog_cmd
                0x00000000000107fc        0x8 _build/nrf52832_xxaa/nrf_log_backend_flash.c.o
 .rodata.m_flashlog_cmd_raw
                0x0000000000010804       0x40 _build/nrf52832_xxaa/nrf_log_backend_flash.c.o
 .rodata.nrf_cli_flashlog_raw
                0x0000000000010844       0x10 _build/nrf52832_xxaa/nrf_log_backend_flash.c.o
                0x0000000000010844                nrf_cli_flashlog_raw
 .rodata.nrf_log_backend_crashlog_api
                0x0000000000010854        0xc _build/nrf52832_xxaa/nrf_log_backend_flash.c.o
                0x0000000000010854                nrf_log_backend_crashlog_api
 .rodata.nrf_log_backend_flashlog_api
                0x0000000000010860        0xc _build/nrf52832_xxaa/nrf_log_backend_flash.c.o
                0x0000000000010860                nrf_log_backend_flashlog_api
 .rodata.str1.4
                0x000000000001086c       0xe7 _build/nrf52832_xxaa/nrf_log_backend_flash.c.o
 *fill*         0x0000000000010953        0x1 
 .rodata        0x0000000000010954       0x20 _build/nrf52832_xxaa/nrf_log_backend_uart.c.o
 .rodata.nrf_log_backend_uart_api
                0x0000000000010974        0xc _build/nrf52832_xxaa/nrf_log_backend_uart.c.o
                0x0000000000010974                nrf_log_backend_uart_api
 .rodata.serial_tx.str1.4
                0x0000000000010980       0x46 _build/nrf52832_xxaa/nrf_log_backend_uart.c.o
 *fill*         0x00000000000109c6        0x2 
 .rodata.str1.4
                0x00000000000109c8       0x11 _build/nrf52832_xxaa/nrf_log_default_backends.c.o
 *fill*         0x00000000000109d9        0x3 
 .rodata.log_backend_halt.str1.4
                0x00000000000109dc       0x16 _build/nrf52832_xxaa/nrf_log_frontend.c.o
 *fill*         0x00000000000109f2        0x2 
 .rodata.log_cmd.str1.4
                0x00000000000109f4       0x21 _build/nrf52832_xxaa/nrf_log_frontend.c.o
 *fill*         0x0000000000010a15        0x3 
 .rodata.log_cmd_backends_list.str1.4
                0x0000000000010a18       0x55 _build/nrf52832_xxaa/nrf_log_frontend.c.o
 *fill*         0x0000000000010a6d        0x3 
 .rodata.log_config_load_cmd.str1.4
                0x0000000000010a70       0x3c _build/nrf52832_xxaa/nrf_log_frontend.c.o
 .rodata.log_config_store_cmd.str1.4
                0x0000000000010aac       0x3d _build/nrf52832_xxaa/nrf_log_frontend.c.o
 *fill*         0x0000000000010ae9        0x3 
 .rodata.log_ctrl.str1.4
                0x0000000000010aec       0x95 _build/nrf52832_xxaa/nrf_log_frontend.c.o
 *fill*         0x0000000000010b81        0x3 
 .rodata.log_self_status.str1.4
                0x0000000000010b84       0xa2 _build/nrf52832_xxaa/nrf_log_frontend.c.o
                                         0xa5 (size before relaxing)
 *fill*         0x0000000000010c26        0x2 
 .rodata.m_backend_name_dynamic
                0x0000000000010c28        0x8 _build/nrf52832_xxaa/nrf_log_frontend.c.o
 .rodata.m_log_push_ringbuf
                0x0000000000010c30        0xc _build/nrf52832_xxaa/nrf_log_frontend.c.o
 .rodata.m_module_name
                0x0000000000010c3c        0x8 _build/nrf52832_xxaa/nrf_log_frontend.c.o
 .rodata.m_severity_lvl
                0x0000000000010c44        0x8 _build/nrf52832_xxaa/nrf_log_frontend.c.o
 .rodata.m_severity_lvls
                0x0000000000010c4c       0x14 _build/nrf52832_xxaa/nrf_log_frontend.c.o
 .rodata.m_severity_lvls_sorted
                0x0000000000010c60       0x14 _build/nrf52832_xxaa/nrf_log_frontend.c.o
 .rodata.m_sub_log_backend
                0x0000000000010c74        0x8 _build/nrf52832_xxaa/nrf_log_frontend.c.o
 .rodata.m_sub_log_backend_raw
                0x0000000000010c7c       0x60 _build/nrf52832_xxaa/nrf_log_frontend.c.o
 .rodata.m_sub_log_config
                0x0000000000010cdc        0x8 _build/nrf52832_xxaa/nrf_log_frontend.c.o
 .rodata.m_sub_log_config_raw
                0x0000000000010ce4       0x30 _build/nrf52832_xxaa/nrf_log_frontend.c.o
 .rodata.m_sub_log_stat
                0x0000000000010d14        0x8 _build/nrf52832_xxaa/nrf_log_frontend.c.o
 .rodata.m_sub_log_stat_raw
                0x0000000000010d1c       0x90 _build/nrf52832_xxaa/nrf_log_frontend.c.o
 .rodata.nrf_cli_log_raw
                0x0000000000010dac       0x10 _build/nrf52832_xxaa/nrf_log_frontend.c.o
                0x0000000000010dac                nrf_cli_log_raw
 .rodata.nrf_log_config_load.str1.4
                0x0000000000010dbc       0x25 _build/nrf52832_xxaa/nrf_log_frontend.c.o
 *fill*         0x0000000000010de1        0x3 
 .rodata.nrf_log_config_store.str1.4
                0x0000000000010de4       0x65 _build/nrf52832_xxaa/nrf_log_frontend.c.o
 *fill*         0x0000000000010e49        0x3 
 .rodata.nrf_log_frontend_dequeue.str1.4
                0x0000000000010e4c       0x11 _build/nrf52832_xxaa/nrf_log_frontend.c.o
 *fill*         0x0000000000010e5d        0x3 
 .rodata.nrf_log_push.str1.4
                0x0000000000010e60       0x42 _build/nrf52832_xxaa/nrf_log_frontend.c.o
 *fill*         0x0000000000010ea2        0x2 
 .rodata.str1.4
                0x0000000000010ea4      0x26b _build/nrf52832_xxaa/nrf_log_frontend.c.o
                                        0x283 (size before relaxing)
 *fill*         0x000000000001110f        0x1 
 .rodata.m_colors
                0x0000000000011110       0x24 _build/nrf52832_xxaa/nrf_log_str_formatter.c.o
 .rodata.nrf_log_hexdump_entry_process.str1.4
                0x0000000000011134       0x13 _build/nrf52832_xxaa/nrf_log_str_formatter.c.o
                                         0x16 (size before relaxing)
 .rodata.nrf_log_std_entry_process.str1.4
                0x0000000000011147       0x13 _build/nrf52832_xxaa/nrf_log_str_formatter.c.o
                                          0x3 (size before relaxing)
 *fill*         0x0000000000011147        0x1 
 .rodata.prefix_process.str1.4
                0x0000000000011148       0x52 _build/nrf52832_xxaa/nrf_log_str_formatter.c.o
 *fill*         0x000000000001119a        0x2 
 .rodata.severity_names
                0x000000000001119c       0x14 _build/nrf52832_xxaa/nrf_log_str_formatter.c.o
 .rodata.str1.4
                0x00000000000111b0       0x38 _build/nrf52832_xxaa/nrf_log_str_formatter.c.o
                                         0x56 (size before relaxing)
 .rodata.str1.4
                0x00000000000111e8        0xc _build/nrf52832_xxaa/nrf_mpu_lib.c.o
 .rodata.nrf_stack_guard_init.str1.4
                0x00000000000111f4       0xd7 _build/nrf52832_xxaa/nrf_stack_guard.c.o
 *fill*         0x00000000000112cb        0x1 
 .rodata.str1.4
                0x00000000000112cc        0xc _build/nrf52832_xxaa/nrf_stack_guard.c.o
 .rodata.str1.4
                0x00000000000112d8       0x33 _build/nrf52832_xxaa/app_button.c.o
 *fill*         0x000000000001130b        0x1 
 .rodata.app_error_fault_handler.str1.4
                0x000000000001130c       0x70 _build/nrf52832_xxaa/app_error_weak.c.o
 .rodata        0x000000000001137c        0x4 _build/nrf52832_xxaa/app_timer2.c.o
 .rodata.app_timer_start.str1.4
                0x0000000000011380       0x2b _build/nrf52832_xxaa/app_timer2.c.o
 *fill*         0x00000000000113ab        0x1 
 .rodata.m_app_timer_sortlist
                0x00000000000113ac        0xc _build/nrf52832_xxaa/app_timer2.c.o
 .rodata.rtc_irq.str1.4
                0x00000000000113b8      0x1a7 _build/nrf52832_xxaa/app_timer2.c.o
 *fill*         0x000000000001155f        0x1 
 .rodata.str1.4
                0x0000000000011560       0x1e _build/nrf52832_xxaa/app_timer2.c.o
 *fill*         0x000000000001157e        0x2 
 .rodata.timer_expire.part.1.str1.4
                0x0000000000011580       0x1c _build/nrf52832_xxaa/app_timer2.c.o
 .rodata.app_util_critical_region_enter.str1.4
                0x000000000001159c       0x40 _build/nrf52832_xxaa/app_util_platform.c.o
 .rodata.cmd_app_size.str1.4
                0x00000000000115dc       0x35 _build/nrf52832_xxaa/cli_utils_cmds.c.o
 *fill*         0x0000000000011611        0x3 
 .rodata.cmd_error.str1.4
                0x0000000000011614       0x3c _build/nrf52832_xxaa/cli_utils_cmds.c.o
 .rodata.cmd_log_msg_error.str1.4
                0x0000000000011650       0x76 _build/nrf52832_xxaa/cli_utils_cmds.c.o
 *fill*         0x00000000000116c6        0x2 
 .rodata.cmd_log_msg_warning.str1.4
                0x00000000000116c8       0x80 _build/nrf52832_xxaa/cli_utils_cmds.c.o
 .rodata.m_sub_log_msg
                0x0000000000011748        0x8 _build/nrf52832_xxaa/cli_utils_cmds.c.o
 .rodata.m_sub_log_msg_raw
                0x0000000000011750       0x30 _build/nrf52832_xxaa/cli_utils_cmds.c.o
 .rodata.nrf_cli_app_size_raw
                0x0000000000011780       0x10 _build/nrf52832_xxaa/cli_utils_cmds.c.o
                0x0000000000011780                nrf_cli_app_size_raw
 .rodata.nrf_cli_error_raw
                0x0000000000011790       0x10 _build/nrf52832_xxaa/cli_utils_cmds.c.o
                0x0000000000011790                nrf_cli_error_raw
 .rodata.nrf_cli_log_msg_raw
                0x00000000000117a0       0x10 _build/nrf52832_xxaa/cli_utils_cmds.c.o
                0x00000000000117a0                nrf_cli_log_msg_raw
 .rodata.nrf_cli_reset_raw
                0x00000000000117b0       0x10 _build/nrf52832_xxaa/cli_utils_cmds.c.o
                0x00000000000117b0                nrf_cli_reset_raw
 .rodata.str1.4
                0x00000000000117c0       0xc6 _build/nrf52832_xxaa/cli_utils_cmds.c.o
                                         0xd6 (size before relaxing)
 *fill*         0x0000000000011886        0xa 
 .rodata.delay_machine_code.8088
                0x0000000000011890        0x6 _build/nrf52832_xxaa/drv_rtc.c.o
 *fill*         0x0000000000011896        0x2 
 .rodata.drv_rtc_init.str1.4
                0x0000000000011898       0xce _build/nrf52832_xxaa/drv_rtc.c.o
 *fill*         0x0000000000011966        0x2 
 .rodata.dirty_header.8820
                0x0000000000011968        0x4 _build/nrf52832_xxaa/fds.c.o
 .rodata.page_tag_data.8693
                0x000000000001196c        0x8 _build/nrf52832_xxaa/fds.c.o
 .rodata.page_tag_swap.8689
                0x0000000000011974        0x8 _build/nrf52832_xxaa/fds.c.o
 .rodata.queue_process.str1.4
                0x000000000001197c       0x31 _build/nrf52832_xxaa/fds.c.o
 *fill*         0x00000000000119ad        0x3 
 .rodata.str1.4
                0x00000000000119b0        0xf _build/nrf52832_xxaa/fds.c.o
 *fill*         0x00000000000119bf        0x1 
 .rodata.HardFault_c_handler.str1.4
                0x00000000000119c0      0x136 _build/nrf52832_xxaa/hardfault_implementation.c.o
 *fill*         0x0000000000011af6        0x2 
 .rodata.cfsr_msgs.8687
                0x0000000000011af8       0x68 _build/nrf52832_xxaa/hardfault_implementation.c.o
 .rodata.str1.4
                0x0000000000011b60      0x4de _build/nrf52832_xxaa/hardfault_implementation.c.o
 *fill*         0x000000000001203e        0x2 
 .rodata.nrf_balloc_commands
                0x0000000000012040        0x8 _build/nrf52832_xxaa/nrf_balloc.c.o
 .rodata.nrf_balloc_commands_raw
                0x0000000000012048       0x20 _build/nrf52832_xxaa/nrf_balloc.c.o
 .rodata.nrf_balloc_init.str1.4
                0x0000000000012068       0x3b _build/nrf52832_xxaa/nrf_balloc.c.o
 *fill*         0x00000000000120a3        0x1 
 .rodata.nrf_balloc_status.str1.4
                0x00000000000120a4       0xa2 _build/nrf52832_xxaa/nrf_balloc.c.o
 *fill*         0x0000000000012146        0x2 
 .rodata.nrf_cli_balloc_raw
                0x0000000000012148       0x10 _build/nrf52832_xxaa/nrf_balloc.c.o
                0x0000000000012148                nrf_cli_balloc_raw
 .rodata.str1.4
                0x0000000000012158       0x4a _build/nrf52832_xxaa/nrf_balloc.c.o
                                         0x52 (size before relaxing)
 .rodata.char_insert.str1.4
                0x00000000000121a2        0x3 _build/nrf52832_xxaa/nrf_cli.c.o
 *fill*         0x00000000000121a2        0x2 
 .rodata.cli_log_entry_process.str1.4
                0x00000000000121a4       0x2e _build/nrf52832_xxaa/nrf_cli.c.o
 *fill*         0x00000000000121d2        0x2 
 .rodata.cli_transport_evt_handler.str1.4
                0x00000000000121d4       0x35 _build/nrf52832_xxaa/nrf_cli.c.o
 *fill*         0x0000000000012209        0x3 
 .rodata.cmd.10025
                0x000000000001220c        0x6 _build/nrf52832_xxaa/nrf_cli.c.o
 *fill*         0x0000000000012212        0x2 
 .rodata.cmd.9380
                0x0000000000012214        0x4 _build/nrf52832_xxaa/nrf_cli.c.o
 .rodata.cmd.9384
                0x0000000000012218        0x3 _build/nrf52832_xxaa/nrf_cli.c.o
 *fill*         0x000000000001221b        0x1 
 .rodata.cmd.9388
                0x000000000001221c        0x3 _build/nrf52832_xxaa/nrf_cli.c.o
 *fill*         0x000000000001221f        0x1 
 .rodata.cmd.9481
                0x0000000000012220        0x4 _build/nrf52832_xxaa/nrf_cli.c.o
 .rodata.cmd.9529
                0x0000000000012224        0x4 _build/nrf52832_xxaa/nrf_cli.c.o
 .rodata.cmd.9678
                0x0000000000012228        0x4 _build/nrf52832_xxaa/nrf_cli.c.o
 .rodata.cmd.9679
                0x000000000001222c        0x5 _build/nrf52832_xxaa/nrf_cli.c.o
 *fill*         0x0000000000012231        0x3 
 .rodata.cmd.9955
                0x0000000000012234        0x4 _build/nrf52832_xxaa/nrf_cli.c.o
 .rodata.cmd.9956
                0x0000000000012238        0x5 _build/nrf52832_xxaa/nrf_cli.c.o
 *fill*         0x000000000001223d        0x3 
 .rodata.cmd_bspace.9522
                0x0000000000012240        0x4 _build/nrf52832_xxaa/nrf_cli.c.o
 .rodata.cmd_get_terminal_size.9455
                0x0000000000012244        0x5 _build/nrf52832_xxaa/nrf_cli.c.o
 *fill*         0x0000000000012249        0x3 
 .rodata.cmd_sep.9883
                0x000000000001224c        0x4 _build/nrf52832_xxaa/nrf_cli.c.o
 .rodata.cursor_end_position_move.str1.4
                0x0000000000012250        0xe _build/nrf52832_xxaa/nrf_cli.c.o
 *fill*         0x000000000001225e        0x2 
 .rodata.cursor_home_position_move.str1.4
                0x0000000000012260        0x6 _build/nrf52832_xxaa/nrf_cli.c.o
 *fill*         0x0000000000012266        0xa 
 .rodata.delay_machine_code.8970
                0x0000000000012270        0x6 _build/nrf52832_xxaa/nrf_cli.c.o
 *fill*         0x0000000000012276        0x2 
 .rodata.format_offset_string_print.part.41.str1.4
                0x0000000000012278        0x6 _build/nrf52832_xxaa/nrf_cli.c.o
                                          0xa (size before relaxing)
 *fill*         0x000000000001227e        0x2 
 .rodata.help.9882
                0x0000000000012280        0xb _build/nrf52832_xxaa/nrf_cli.c.o
 *fill*         0x000000000001228b        0x1 
 .rodata.m_sub_cli
                0x000000000001228c        0x8 _build/nrf52832_xxaa/nrf_cli.c.o
 .rodata.m_sub_cli_raw
                0x0000000000012294       0x40 _build/nrf52832_xxaa/nrf_cli.c.o
 .rodata.m_sub_cli_stats
                0x00000000000122d4        0x8 _build/nrf52832_xxaa/nrf_cli.c.o
 .rodata.m_sub_cli_stats_raw
                0x00000000000122dc       0x30 _build/nrf52832_xxaa/nrf_cli.c.o
 .rodata.m_sub_colors
                0x000000000001230c        0x8 _build/nrf52832_xxaa/nrf_cli.c.o
 .rodata.m_sub_colors_raw
                0x0000000000012314       0x30 _build/nrf52832_xxaa/nrf_cli.c.o
 .rodata.m_sub_echo
                0x0000000000012344        0x8 _build/nrf52832_xxaa/nrf_cli.c.o
 .rodata.m_sub_echo_raw
                0x000000000001234c       0x30 _build/nrf52832_xxaa/nrf_cli.c.o
 .rodata.m_sub_resize
                0x000000000001237c        0x8 _build/nrf52832_xxaa/nrf_cli.c.o
 .rodata.m_sub_resize_raw
                0x0000000000012384       0x20 _build/nrf52832_xxaa/nrf_cli.c.o
 .rodata.nrf_cli_clear_raw
                0x00000000000123a4       0x10 _build/nrf52832_xxaa/nrf_cli.c.o
                0x00000000000123a4                nrf_cli_clear_raw
 .rodata.nrf_cli_cli_raw
                0x00000000000123b4       0x10 _build/nrf52832_xxaa/nrf_cli.c.o
                0x00000000000123b4                nrf_cli_cli_raw
 .rodata.nrf_cli_cmd_cli.str1.4
                0x00000000000123c4       0x1e _build/nrf52832_xxaa/nrf_cli.c.o
 *fill*         0x00000000000123e2        0x2 
 .rodata.nrf_cli_cmd_cli_stats_show.str1.4
                0x00000000000123e4       0x37 _build/nrf52832_xxaa/nrf_cli.c.o
 *fill*         0x000000000001241b        0x1 
 .rodata.nrf_cli_cmd_echo.str1.4
                0x000000000001241c       0x15 _build/nrf52832_xxaa/nrf_cli.c.o
                                         0x19 (size before relaxing)
 *fill*         0x0000000000012431        0x3 
 .rodata.nrf_cli_cmd_history.str1.4
                0x0000000000012434        0xa _build/nrf52832_xxaa/nrf_cli.c.o
 *fill*         0x000000000001243e        0x2 
 .rodata.nrf_cli_cmd_resize.str1.4
                0x0000000000012440       0x61 _build/nrf52832_xxaa/nrf_cli.c.o
                                         0x79 (size before relaxing)
 .rodata.nrf_cli_fprintf.constprop.58.str1.4
                0x00000000000124a1        0x3 _build/nrf52832_xxaa/nrf_cli.c.o
 *fill*         0x00000000000124a1        0x3 
 .rodata.nrf_cli_help_print.constprop.55.str1.4
                0x00000000000124a4       0x36 _build/nrf52832_xxaa/nrf_cli.c.o
                                         0x3e (size before relaxing)
 *fill*         0x00000000000124da        0x2 
 .rodata.nrf_cli_help_print.str1.4
                0x00000000000124dc        0x9 _build/nrf52832_xxaa/nrf_cli.c.o
 *fill*         0x00000000000124e5        0x3 
 .rodata.nrf_cli_history_raw
                0x00000000000124e8       0x10 _build/nrf52832_xxaa/nrf_cli.c.o
                0x00000000000124e8                nrf_cli_history_raw
 .rodata.nrf_cli_process.str1.4
                0x00000000000124f8       0xf8 _build/nrf52832_xxaa/nrf_cli.c.o
 .rodata.nrf_cli_resize_raw
                0x00000000000125f0       0x10 _build/nrf52832_xxaa/nrf_cli.c.o
                0x00000000000125f0                nrf_cli_resize_raw
 .rodata.nrf_cli_start.str1.4
                0x0000000000012600       0xf8 _build/nrf52832_xxaa/nrf_cli.c.o
                                          0x3 (size before relaxing)
 .rodata.nrf_log_backend_cli_api
                0x0000000000012600        0xc _build/nrf52832_xxaa/nrf_cli.c.o
                0x0000000000012600                nrf_log_backend_cli_api
 .rodata.opt_sep.9881
                0x000000000001260c        0x3 _build/nrf52832_xxaa/nrf_cli.c.o
 *fill*         0x000000000001260f        0x1 
 .rodata.str1.4
                0x0000000000012610      0x29b _build/nrf52832_xxaa/nrf_cli.c.o
                                        0x2ab (size before relaxing)
 *fill*         0x00000000000128ab        0x1 
 .rodata.cli_rtt_read.str1.4
                0x00000000000128ac       0x3d _build/nrf52832_xxaa/nrf_cli_rtt.c.o
 *fill*         0x00000000000128e9        0x7 
 .rodata.delay_machine_code.9134
                0x00000000000128f0        0x6 _build/nrf52832_xxaa/nrf_cli_rtt.c.o
 *fill*         0x00000000000128f6        0x2 
 .rodata.nrf_cli_rtt_transport_api
                0x00000000000128f8       0x14 _build/nrf52832_xxaa/nrf_cli_rtt.c.o
                0x00000000000128f8                nrf_cli_rtt_transport_api
 .rodata.cli_uart_read.str1.4
                0x000000000001290c       0x3f _build/nrf52832_xxaa/nrf_cli_uart.c.o
 *fill*         0x000000000001294b        0x1 
 .rodata.nrf_cli_uart_transport_api
                0x000000000001294c       0x14 _build/nrf52832_xxaa/nrf_cli_uart.c.o
                0x000000000001294c                nrf_cli_uart_transport_api
 .rodata.str1.4
                0x0000000000012960        0x9 _build/nrf52832_xxaa/nrf_cli_uart.c.o
 *fill*         0x0000000000012969        0x3 
 .rodata.nrf_fprintf_buffer_flush.str1.4
                0x000000000001296c       0x31 _build/nrf52832_xxaa/nrf_fprintf.c.o
 *fill*         0x000000000001299d        0x3 
 .rodata._aV2C.7574
                0x00000000000129a0       0x10 _build/nrf52832_xxaa/nrf_fprintf_format.c.o
 .rodata.nrf_fprintf_fmt.str1.4
                0x00000000000129b0       0x38 _build/nrf52832_xxaa/nrf_fprintf_format.c.o
 .rodata.__func__.7748
                0x00000000000129e8       0x12 _build/nrf52832_xxaa/nrf_fstorage.c.o
 *fill*         0x00000000000129fa        0x2 
 .rodata.__func__.7769
                0x00000000000129fc       0x13 _build/nrf52832_xxaa/nrf_fstorage.c.o
 *fill*         0x0000000000012a0f        0x1 
 .rodata.__func__.7776
                0x0000000000012a10       0x13 _build/nrf52832_xxaa/nrf_fstorage.c.o
 *fill*         0x0000000000012a23        0x1 
 .rodata.nrf_fstorage_erase.str1.4
                0x0000000000012a24       0x77 _build/nrf52832_xxaa/nrf_fstorage.c.o
 *fill*         0x0000000000012a9b        0x1 
 .rodata.nrf_fstorage_init.str1.4
                0x0000000000012a9c       0x3a _build/nrf52832_xxaa/nrf_fstorage.c.o
 *fill*         0x0000000000012ad6        0x2 
 .rodata.nrf_fstorage_read.str1.4
                0x0000000000012ad8       0x4a _build/nrf52832_xxaa/nrf_fstorage.c.o
 *fill*         0x0000000000012b22        0x2 
 .rodata.nrf_fstorage_uninit.str1.4
                0x0000000000012b24        0xc _build/nrf52832_xxaa/nrf_fstorage.c.o
 .rodata.nrf_fstorage_write.str1.4
                0x0000000000012b30       0x97 _build/nrf52832_xxaa/nrf_fstorage.c.o
 *fill*         0x0000000000012bc7        0x1 
 .rodata.str1.4
                0x0000000000012bc8        0xd _build/nrf52832_xxaa/nrf_fstorage.c.o
 *fill*         0x0000000000012bd5        0x3 
 .rodata.m_flash_info
                0x0000000000012bd8        0xc _build/nrf52832_xxaa/nrf_fstorage_nvmc.c.o
 .rodata.nrf_fstorage_nvmc
                0x0000000000012be4       0x20 _build/nrf52832_xxaa/nrf_fstorage_nvmc.c.o
                0x0000000000012be4                nrf_fstorage_nvmc
 .rodata.memobj_op.str1.4
                0x0000000000012c04       0x3b _build/nrf52832_xxaa/nrf_memobj.c.o
 *fill*         0x0000000000012c3f        0x1 
 .rodata.str1.4
                0x0000000000012c40        0x9 _build/nrf52832_xxaa/nrf_pwr_mgmt.c.o
 *fill*         0x0000000000012c49        0x3 
 .rodata.nrf_cli_queue_raw
                0x0000000000012c4c       0x10 _build/nrf52832_xxaa/nrf_queue.c.o
                0x0000000000012c4c                nrf_cli_queue_raw
 .rodata.nrf_queue_commands
                0x0000000000012c5c        0x8 _build/nrf52832_xxaa/nrf_queue.c.o
 .rodata.nrf_queue_commands_raw
                0x0000000000012c64       0x20 _build/nrf52832_xxaa/nrf_queue.c.o
 .rodata.nrf_queue_status.str1.4
                0x0000000000012c84       0x94 _build/nrf52832_xxaa/nrf_queue.c.o
                                         0xa8 (size before relaxing)
 .rodata.queue_write.str1.4
                0x0000000000012d18       0x39 _build/nrf52832_xxaa/nrf_queue.c.o
 *fill*         0x0000000000012d51        0x3 
 .rodata.str1.4
                0x0000000000012d54       0x21 _build/nrf52832_xxaa/nrf_queue.c.o
                                         0x51 (size before relaxing)
 *fill*         0x0000000000012d75        0x3 
 .rodata.nrf_ringbuf_alloc.str1.4
                0x0000000000012d78       0x3d _build/nrf52832_xxaa/nrf_ringbuf.c.o
 *fill*         0x0000000000012db5        0x3 
 .rodata.nrf_sortlist_add.str1.4
                0x0000000000012db8       0x3f _build/nrf52832_xxaa/nrf_sortlist.c.o
 *fill*         0x0000000000012df7        0x1 
 .rodata.str1.4
                0x0000000000012df8        0x9 _build/nrf52832_xxaa/nrf_sortlist.c.o
 *fill*         0x0000000000012e01        0x3 
 .rodata.m_unknown_str
                0x0000000000012e04       0x13 _build/nrf52832_xxaa/nrf_strerror.c.o
 *fill*         0x0000000000012e17        0x1 
 .rodata.nrf_strerror_array
                0x0000000000012e18      0x118 _build/nrf52832_xxaa/nrf_strerror.c.o
 .rodata.str1.4
                0x0000000000012f30      0x3bd _build/nrf52832_xxaa/nrf_strerror.c.o
 *fill*         0x00000000000132ed        0x3 
 .rodata.nrf_drv_clock_uninit.str1.4
                0x00000000000132f0       0x3a _build/nrf52832_xxaa/nrf_drv_clock.c.o
 *fill*         0x000000000001332a        0x2 
 .rodata.str1.4
                0x000000000001332c        0x6 _build/nrf52832_xxaa/nrf_drv_clock.c.o
 *fill*         0x0000000000013332        0x2 
 .rodata.nrfx_clock_init.str1.4
                0x0000000000013334       0x38 _build/nrf52832_xxaa/nrfx_clock.c.o
 .rodata.str1.4
                0x000000000001336c        0x6 _build/nrf52832_xxaa/nrfx_clock.c.o
 *fill*         0x0000000000013372        0x2 
 .rodata.nrfx_gpiote_out_init.str1.4
                0x0000000000013374       0x6a _build/nrf52832_xxaa/nrfx_gpiote.c.o
 *fill*         0x00000000000133de        0x2 
 .rodata.str1.4
                0x00000000000133e0        0x7 _build/nrf52832_xxaa/nrfx_gpiote.c.o
 *fill*         0x00000000000133e7        0x1 
 .rodata.nrfx_power_init.str1.4
                0x00000000000133e8       0x38 _build/nrf52832_xxaa/nrfx_power.c.o
 .rodata.UARTE0_UART0_IRQHandler.str1.4
                0x0000000000013420       0x3a _build/nrf52832_xxaa/nrfx_prs.c.o
 *fill*         0x000000000001345a        0x2 
 .rodata.str1.4
                0x000000000001345c        0x4 _build/nrf52832_xxaa/nrfx_prs.c.o
 .rodata.nrfx_uart_init.str1.4
                0x0000000000013460       0x37 _build/nrf52832_xxaa/nrfx_uart.c.o
                                         0x97 (size before relaxing)
 *fill*         0x0000000000013497        0x1 
 .rodata.str1.4
                0x0000000000013498        0x5 _build/nrf52832_xxaa/nrfx_uart.c.o
 *fill*         0x000000000001349d        0x3 
 .rodata.nrfx_uarte_init.str1.4
                0x00000000000134a0       0x38 _build/nrf52832_xxaa/nrfx_uarte.c.o
                                         0x97 (size before relaxing)
 .rodata.str1.4
                0x00000000000134d8        0x6 _build/nrf52832_xxaa/nrfx_uarte.c.o
 *fill*         0x00000000000134de        0x2 
 .rodata.str1.4
                0x00000000000134e0       0x51 _build/nrf52832_xxaa/bsp.c.o
 *fill*         0x0000000000013531        0x3 
 .rodata.cmd_counter.str1.4
                0x0000000000013534       0x1f _build/nrf52832_xxaa/demo_cli_cmds.c.o
 *fill*         0x0000000000013553        0x1 
 .rodata.cmd_counter_reset.str1.4
                0x0000000000013554       0x19 _build/nrf52832_xxaa/demo_cli_cmds.c.o
 *fill*         0x000000000001356d        0x3 
 .rodata.cmd_dynamic.str1.4
                0x0000000000013570       0x1f _build/nrf52832_xxaa/demo_cli_cmds.c.o
 *fill*         0x000000000001358f        0x1 
 .rodata.cmd_dynamic_add.str1.4
                0x0000000000013590       0x9c _build/nrf52832_xxaa/demo_cli_cmds.c.o
                                         0xa0 (size before relaxing)
 .rodata.cmd_dynamic_execute.str1.4
                0x000000000001362c       0x32 _build/nrf52832_xxaa/demo_cli_cmds.c.o
 *fill*         0x000000000001365e        0x2 
 .rodata.cmd_dynamic_remove.str1.4
                0x0000000000013660       0x3a _build/nrf52832_xxaa/demo_cli_cmds.c.o
 *fill*         0x000000000001369a        0x2 
 .rodata.cmd_dynamic_show.str1.4
                0x000000000001369c       0x3b _build/nrf52832_xxaa/demo_cli_cmds.c.o
                                         0x46 (size before relaxing)
 *fill*         0x00000000000136d7        0x1 
 .rodata.cmd_float_print.str1.4
                0x00000000000136d8       0x46 _build/nrf52832_xxaa/demo_cli_cmds.c.o
 *fill*         0x000000000001371e        0x2 
 .rodata.cmd_nordic.str1.4
                0x0000000000013720      0x435 _build/nrf52832_xxaa/demo_cli_cmds.c.o
 *fill*         0x0000000000013b55        0x3 
 .rodata.cmd_print.str1.4
                0x0000000000013b58       0x1b _build/nrf52832_xxaa/demo_cli_cmds.c.o
 *fill*         0x0000000000013b73        0x1 
 .rodata.cmd_print_all.str1.4
                0x0000000000013b74        0x4 _build/nrf52832_xxaa/demo_cli_cmds.c.o
                                          0x6 (size before relaxing)
 .rodata.cmd_print_param.str1.4
                0x0000000000013b78        0xf _build/nrf52832_xxaa/demo_cli_cmds.c.o
 *fill*         0x0000000000013b87        0x1 
 .rodata.cmd_python.str1.4
                0x0000000000013b88        0xe _build/nrf52832_xxaa/demo_cli_cmds.c.o
 *fill*         0x0000000000013b96        0x2 
 .rodata.dynamic_cmd_get.str1.4
                0x0000000000013b98       0x37 _build/nrf52832_xxaa/demo_cli_cmds.c.o
 *fill*         0x0000000000013bcf        0x1 
 .rodata.m_sub_counter
                0x0000000000013bd0        0x8 _build/nrf52832_xxaa/demo_cli_cmds.c.o
 .rodata.m_sub_counter_raw
                0x0000000000013bd8       0x40 _build/nrf52832_xxaa/demo_cli_cmds.c.o
 .rodata.m_sub_dynamic
                0x0000000000013c18        0x8 _build/nrf52832_xxaa/demo_cli_cmds.c.o
 .rodata.m_sub_dynamic_raw
                0x0000000000013c20       0x50 _build/nrf52832_xxaa/demo_cli_cmds.c.o
 .rodata.m_sub_dynamic_set
                0x0000000000013c70        0x8 _build/nrf52832_xxaa/demo_cli_cmds.c.o
 .rodata.m_sub_print
                0x0000000000013c78        0x8 _build/nrf52832_xxaa/demo_cli_cmds.c.o
 .rodata.m_sub_print_raw
                0x0000000000013c80       0x30 _build/nrf52832_xxaa/demo_cli_cmds.c.o
 .rodata.nrf_cli_counter_raw
                0x0000000000013cb0       0x10 _build/nrf52832_xxaa/demo_cli_cmds.c.o
                0x0000000000013cb0                nrf_cli_counter_raw
 .rodata.nrf_cli_dynamic_raw
                0x0000000000013cc0       0x10 _build/nrf52832_xxaa/demo_cli_cmds.c.o
                0x0000000000013cc0                nrf_cli_dynamic_raw
 .rodata.nrf_cli_float_print_raw
                0x0000000000013cd0       0x10 _build/nrf52832_xxaa/demo_cli_cmds.c.o
                0x0000000000013cd0                nrf_cli_float_print_raw
 .rodata.nrf_cli_nordic_raw
                0x0000000000013ce0       0x10 _build/nrf52832_xxaa/demo_cli_cmds.c.o
                0x0000000000013ce0                nrf_cli_nordic_raw
 .rodata.nrf_cli_print_raw
                0x0000000000013cf0       0x10 _build/nrf52832_xxaa/demo_cli_cmds.c.o
                0x0000000000013cf0                nrf_cli_print_raw
 .rodata.nrf_cli_python_raw
                0x0000000000013d00       0x10 _build/nrf52832_xxaa/demo_cli_cmds.c.o
                0x0000000000013d00                nrf_cli_python_raw
 .rodata.nrf_cli_stack_overflow_raw
                0x0000000000013d10       0x10 _build/nrf52832_xxaa/demo_cli_cmds.c.o
                0x0000000000013d10                nrf_cli_stack_overflow_raw
 .rodata.opt.9103
                0x0000000000013d20        0xc _build/nrf52832_xxaa/demo_cli_cmds.c.o
 .rodata.str1.4
                0x0000000000013d2c      0x3c5 _build/nrf52832_xxaa/demo_cli_cmds.c.o
                                        0x3d5 (size before relaxing)
 *fill*         0x00000000000140f1        0x3 
 .rodata        0x00000000000140f4       0x20 _build/nrf52832_xxaa/main.c.o
 .rodata.m_cli_rtt
                0x0000000000014114       0x18 _build/nrf52832_xxaa/main.c.o
 .rodata.m_cli_rtt_transport
                0x000000000001412c        0xc _build/nrf52832_xxaa/main.c.o
 .rodata.m_cli_rtt_transport_timer
                0x0000000000014138        0x4 _build/nrf52832_xxaa/main.c.o
 .rodata.m_cli_uart
                0x000000000001413c       0x18 _build/nrf52832_xxaa/main.c.o
 .rodata.m_cli_uart_transport
                0x0000000000014154       0x18 _build/nrf52832_xxaa/main.c.o
 .rodata.m_cli_uart_transport_rx_ringbuf
                0x000000000001416c        0xc _build/nrf52832_xxaa/main.c.o
 .rodata.m_cli_uart_transport_timer
                0x0000000000014178        0x4 _build/nrf52832_xxaa/main.c.o
 .rodata.m_cli_uart_transport_tx_ringbuf
                0x000000000001417c        0xc _build/nrf52832_xxaa/main.c.o
 .rodata.m_cli_uart_transport_uart
                0x0000000000014188       0x14 _build/nrf52832_xxaa/main.c.o
 .rodata.m_timer_0
                0x000000000001419c        0x4 _build/nrf52832_xxaa/main.c.o
 .rodata.main.str1.4
                0x00000000000141a0       0x75 _build/nrf52832_xxaa/main.c.o
 *fill*         0x0000000000014215        0x3 
 .rodata.str1.4
                0x0000000000014218      0x1d8 _build/nrf52832_xxaa/main.c.o
 .rodata.timer_handle.str1.4
                0x00000000000143f0        0xe _build/nrf52832_xxaa/main.c.o
 *fill*         0x00000000000143fe        0x2 
 .rodata.SEGGER_RTT_ReadNoLock.str1.4
                0x0000000000014400       0x18 _build/nrf52832_xxaa/SEGGER_RTT.c.o
                                         0x17 (size before relaxing)
 .rodata._ctype_
                0x0000000000014418      0x101 /opt/homebrew/Cellar/arm-gcc-bin@8/8-2019-q3-update_2/bin/../lib/gcc/arm-none-eabi/8.3.1/../../../../arm-none-eabi/lib/thumb/v7e-m+fp/hard/libc_nano.a(lib_a-ctype_.o)
                0x0000000000014418                _ctype_
 *fill*         0x0000000000014519        0x3 
 .rodata._global_impure_ptr
                0x000000000001451c        0x4 /opt/homebrew/Cellar/arm-gcc-bin@8/8-2019-q3-update_2/bin/../lib/gcc/arm-none-eabi/8.3.1/../../../../arm-none-eabi/lib/thumb/v7e-m+fp/hard/libc_nano.a(lib_a-impure.o)
                0x000000000001451c                _global_impure_ptr
 .rodata._svfprintf_r.str1.1
                0x0000000000014520       0x11 /opt/homebrew/Cellar/arm-gcc-bin@8/8-2019-q3-update_2/bin/../lib/gcc/arm-none-eabi/8.3.1/../../../../arm-none-eabi/lib/thumb/v7e-m+fp/hard/libc_nano.a(lib_a-nano-svfprintf.o)
 .rodata._printf_i.str1.1
                0x0000000000014531       0x22 /opt/homebrew/Cellar/arm-gcc-bin@8/8-2019-q3-update_2/bin/../lib/gcc/arm-none-eabi/8.3.1/../../../../arm-none-eabi/lib/thumb/v7e-m+fp/hard/libc_nano.a(lib_a-nano-vfprintf_i.o)
 *(.eh_frame*)
 *fill*         0x0000000000014553        0x1 
 .eh_frame      0x0000000000014554        0x0 /opt/homebrew/Cellar/arm-gcc-bin@8/8-2019-q3-update_2/bin/../lib/gcc/arm-none-eabi/8.3.1/thumb/v7e-m+fp/hard/crtbegin.o
 .eh_frame      0x0000000000014554        0x4 /opt/homebrew/Cellar/arm-gcc-bin@8/8-2019-q3-update_2/bin/../lib/gcc/arm-none-eabi/8.3.1/thumb/v7e-m+fp/hard/crtend.o

.glue_7         0x0000000000014558        0x0
 .glue_7        0x0000000000014558        0x0 linker stubs

.glue_7t        0x0000000000014558        0x0
 .glue_7t       0x0000000000014558        0x0 linker stubs

.vfp11_veneer   0x0000000000014558        0x0
 .vfp11_veneer  0x0000000000014558        0x0 linker stubs

.v4_bx          0x0000000000014558        0x0