Archive member included to satisfy reference by file (symbol)

/opt/homebrew/Cellar/arm-gcc-bin@8/8-2019-q3-update_2/bin/../lib/gcc/arm-none-eabi/8.3.1/../../../../arm-none-eabi/lib/thumb/v7e-m+fp/hard/libc_nano.a(lib_a-exit.o)
                              /opt/homebrew/Cellar/arm-gcc-bin@8/8-2019-q3-update_2/bin/../lib/gcc/arm-none-eabi/8.3.1/../../../../arm-none-eabi/lib/thumb/v7e-m+fp/hard/crt0.o (exit)
/opt/homebrew/Cellar/arm-gcc-bin@8/8-2019-q3-update_2/bin/../lib/gcc/arm-none-eabi/8.3.1/../../../../arm-none-eabi/lib/thumb/v7e-m+fp/hard/libc_nano.a(lib_a-impure.o)
                              /opt/homebrew/Cellar/arm-gcc-bin@8/8-2019-q3-update_2/bin/../lib/gcc/arm-none-eabi/8.3.1/../../../../arm-none-eabi/lib/thumb/v7e-m+fp/hard/libc_nano.a(lib_a-exit.o) (_global_impure_ptr)
/opt/homebrew/Cellar/arm-gcc-bin@8/8-2019-q3-update_2/bin/../lib/gcc/arm-none-eabi/8.3.1/../../../../arm-none-eabi/lib/thumb/v7e-m+fp/hard/libc_nano.a(lib_a-init.o)
                              /opt/homebrew/Cellar/arm-gcc-bin@8/8-2019-q3-update_2/bin/../lib/gcc/arm-none-eabi/8.3.1/../../../../arm-none-eabi/lib/thumb/v7e-m+fp/hard/crt0.o (__libc_init_array)
/opt/homebrew/Cellar/arm-gcc-bin@8/8-2019-q3-update_2/bin/../lib/gcc/arm-none-eabi/8.3.1/../../../../arm-none-eabi/lib/thumb/v7e-m+fp/hard/libc_nano.a(lib_a-memcpy-stub.o)
                              _build/nrf52832_xxaa/nrf_memobj.c.o (memcpy)
/opt/homebrew/Cellar/arm-gcc-bin@8/8-2019-q3-update_2/bin/../lib/gcc/arm-none-eabi/8.3.1/../../../../arm-none-eabi/lib/thumb/v7e-m+fp/hard/libc_nano.a(lib_a-memset.o)
                              /opt/homebrew/Cellar/arm-gcc-bin@8/8-2019-q3-update_2/bin/../lib/gcc/arm-none-eabi/8.3.1/../../../../arm-none-eabi/lib/thumb/v7e-m+fp/hard/crt0.o (memset)
/opt/homebrew/Cellar/arm-gcc-bin@8/8-2019-q3-update_2/bin/../lib/gcc/arm-none-eabi/8.3.1/../../../../arm-none-eabi/lib/thumb/v7e-m+fp/hard/libc_nano.a(lib_a-printf.o)
                              _build/nrf52832_xxaa/main.c.o (printf)
/opt/homebrew/Cellar/arm-gcc-bin@8/8-2019-q3-update_2/bin/../lib/gcc/arm-none-eabi/8.3.1/../../../../arm-none-eabi/lib/thumb/v7e-m+fp/hard/libc_nano.a(lib_a-strlen.o)
                              _build/nrf52832_xxaa/nrf_fprintf_format.c.o (strlen)
/opt/homebrew/Cellar/arm-gcc-bin@8/8-2019-q3-update_2/bin/../lib/gcc/arm-none-eabi/8.3.1/../../../../arm-none-eabi/lib/thumb/v7e-m+fp/hard/libc_nano.a(lib_a-findfp.o)
                              /opt/homebrew/Cellar/arm-gcc-bin@8/8-2019-q3-update_2/bin/../lib/gcc/arm-none-eabi/8.3.1/../../../../arm-none-eabi/lib/thumb/v7e-m+fp/hard/libc_nano.a(lib_a-printf.o) (__sinit)
/opt/homebrew/Cellar/arm-gcc-bin@8/8-2019-q3-update_2/bin/../lib/gcc/arm-none-eabi/8.3.1/../../../../arm-none-eabi/lib/thumb/v7e-m+fp/hard/libc_nano.a(lib_a-fwalk.o)
                              /opt/homebrew/Cellar/arm-gcc-bin@8/8-2019-q3-update_2/bin/../lib/gcc/arm-none-eabi/8.3.1/../../../../arm-none-eabi/lib/thumb/v7e-m+fp/hard/libc_nano.a(lib_a-findfp.o) (_fwalk)
/opt/homebrew/Cellar/arm-gcc-bin@8/8-2019-q3-update_2/bin/../lib/gcc/arm-none-eabi/8.3.1/../../../../arm-none-eabi/lib/thumb/v7e-m+fp/hard/libc_nano.a(lib_a-lock.o)
                              /opt/homebrew/Cellar/arm-gcc-bin@8/8-2019-q3-update_2/bin/../lib/gcc/arm-none-eabi/8.3.1/../../../../arm-none-eabi/lib/thumb/v7e-m+fp/hard/libc_nano.a(lib_a-findfp.o) (__retarget_lock_init_recursive)
/opt/homebrew/Cellar/arm-gcc-bin@8/8-2019-q3-update_2/bin/../lib/gcc/arm-none-eabi/8.3.1/../../../../arm-none-eabi/lib/thumb/v7e-m+fp/hard/libc_nano.a(lib_a-nano-mallocr.o)
                              /opt/homebrew/Cellar/arm-gcc-bin@8/8-2019-q3-update_2/bin/../lib/gcc/arm-none-eabi/8.3.1/../../../../arm-none-eabi/lib/thumb/v7e-m+fp/hard/libc_nano.a(lib_a-findfp.o) (_malloc_r)
/opt/homebrew/Cellar/arm-gcc-bin@8/8-2019-q3-update_2/bin/../lib/gcc/arm-none-eabi/8.3.1/../../../../arm-none-eabi/lib/thumb/v7e-m+fp/hard/libc_nano.a(lib_a-nano-vfprintf.o)
                              /opt/homebrew/Cellar/arm-gcc-bin@8/8-2019-q3-update_2/bin/../lib/gcc/arm-none-eabi/8.3.1/../../../../arm-none-eabi/lib/thumb/v7e-m+fp/hard/libc_nano.a(lib_a-printf.o) (_vfprintf_r)
/opt/homebrew/Cellar/arm-gcc-bin@8/8-2019-q3-update_2/bin/../lib/gcc/arm-none-eabi/8.3.1/../../../../arm-none-eabi/lib/thumb/v7e-m+fp/hard/libc_nano.a(lib_a-nano-vfprintf_i.o)
                              /opt/homebrew/Cellar/arm-gcc-bin@8/8-2019-q3-update_2/bin/../lib/gcc/arm-none-eabi/8.3.1/../../../../arm-none-eabi/lib/thumb/v7e-m+fp/hard/libc_nano.a(lib_a-nano-vfprintf.o) (_printf_i)
/opt/homebrew/Cellar/arm-gcc-bin@8/8-2019-q3-update_2/bin/../lib/gcc/arm-none-eabi/8.3.1/../../../../arm-none-eabi/lib/thumb/v7e-m+fp/hard/libc_nano.a(lib_a-sbrkr.o)
                              /opt/homebrew/Cellar/arm-gcc-bin@8/8-2019-q3-update_2/bin/../lib/gcc/arm-none-eabi/8.3.1/../../../../arm-none-eabi/lib/thumb/v7e-m+fp/hard/libc_nano.a(lib_a-nano-mallocr.o) (_sbrk_r)
[...]
Memory Configuration

Name             Origin             Length             Attributes
FLASH            0x0000000000000000 0x0000000000080000 xr
RAM              0x0000000020000000 0x0000000000010000 xrw
*default*        0x0000000000000000 0xffffffffffffffff

Linker script and memory map


.text           0x0000000000000000     0x2820
 *(.isr_vector)
 .isr_vector    0x0000000000000000      0x200 _build/nrf52832_xxaa/gcc_startup_nrf52.S.o
                0x0000000000000000                __isr_vector
 *(.text*)
 .text          0x0000000000000200       0x40 /opt/homebrew/Cellar/arm-gcc-bin@8/8-2019-q3-update_2/bin/../lib/gcc/arm-none-eabi/8.3.1/thumb/v7e-m+fp/hard/crtbegin.o
 .text          0x0000000000000240       0x74 /opt/homebrew/Cellar/arm-gcc-bin@8/8-2019-q3-update_2/bin/../lib/gcc/arm-none-eabi/8.3.1/../../../../arm-none-eabi/lib/thumb/v7e-m+fp/hard/crt0.o
                0x0000000000000240                _mainCRTStartup
                0x0000000000000240                _start
 .text          0x00000000000002b4       0x3c _build/nrf52832_xxaa/gcc_startup_nrf52.S.o
                0x00000000000002b4                Reset_Handler
                0x00000000000002dc                NMI_Handler
                0x00000000000002de                HardFault_Handler
                0x00000000000002e0                MemoryManagement_Handler
                0x00000000000002e2                BusFault_Handler
                0x00000000000002e4                UsageFault_Handler
                0x00000000000002e6                SVC_Handler
                0x00000000000002e8                DebugMon_Handler
                0x00000000000002ea                PendSV_Handler
                0x00000000000002ec                SysTick_Handler
                0x00000000000002ee                QDEC_IRQHandler
                0x00000000000002ee                TIMER3_IRQHandler
                0x00000000000002ee                FPU_IRQHandler
                0x00000000000002ee                SPIM0_SPIS0_TWIM0_TWIS0_SPI0_TWI0_IRQHandler
                0x00000000000002ee                TIMER4_IRQHandler
                0x00000000000002ee                I2S_IRQHandler
                0x00000000000002ee                SWI4_EGU4_IRQHandler
                0x00000000000002ee                TIMER0_IRQHandler
                0x00000000000002ee                TIMER1_IRQHandler
                0x00000000000002ee                PWM2_IRQHandler
                0x00000000000002ee                ECB_IRQHandler
                0x00000000000002ee                SPIM1_SPIS1_TWIM1_TWIS1_SPI1_TWI1_IRQHandler
                0x00000000000002ee                Default_Handler
                0x00000000000002ee                SAADC_IRQHandler
                0x00000000000002ee                CCM_AAR_IRQHandler
                0x00000000000002ee                WDT_IRQHandler
                0x00000000000002ee                SWI5_EGU5_IRQHandler
                0x00000000000002ee                RNG_IRQHandler
                0x00000000000002ee                RTC2_IRQHandler
                0x00000000000002ee                PWM0_IRQHandler
                0x00000000000002ee                SWI3_EGU3_IRQHandler
                0x00000000000002ee                RTC1_IRQHandler
                0x00000000000002ee                SWI1_EGU1_IRQHandler
                0x00000000000002ee                SPIM2_SPIS2_SPI2_IRQHandler
                0x00000000000002ee                NFCT_IRQHandler
                0x00000000000002ee                MWU_IRQHandler
                0x00000000000002ee                TIMER2_IRQHandler
                0x00000000000002ee                COMP_LPCOMP_IRQHandler
                0x00000000000002ee                RTC0_IRQHandler
                0x00000000000002ee                SWI0_EGU0_IRQHandler
                0x00000000000002ee                SWI2_EGU2_IRQHandler
                0x00000000000002ee                GPIOTE_IRQHandler
                0x00000000000002ee                PWM1_IRQHandler
                0x00000000000002ee                POWER_CLOCK_IRQHandler
                0x00000000000002ee                RADIO_IRQHandler
                0x00000000000002ee                PDM_IRQHandler
                0x00000000000002ee                TEMP_IRQHandler
 .text.bsp_board_init
                0x00000000000002f0       0x5c _build/nrf52832_xxaa/boards.c.o
                0x00000000000002f0                bsp_board_init
 .text.app_error_handler_bare
                0x000000000000034c       0x20 _build/nrf52832_xxaa/app_error.c.o
                0x000000000000034c                app_error_handler_bare
 .text.app_error_fault_handler
                0x000000000000036c       0x34 _build/nrf52832_xxaa/app_error_weak.c.o
                0x000000000000036c                app_error_fault_handler
 .text.app_fifo_init
                0x00000000000003a0       0x20 _build/nrf52832_xxaa/app_fifo.c.o
                0x00000000000003a0                app_fifo_init
 .text.app_fifo_put
                0x00000000000003c0       0x30 _build/nrf52832_xxaa/app_fifo.c.o
                0x00000000000003c0                app_fifo_put
 .text.app_fifo_get
                0x00000000000003f0       0x2c _build/nrf52832_xxaa/app_fifo.c.o
                0x00000000000003f0                app_fifo_get
 .text.uart_event_handler
                0x000000000000041c      0x11c _build/nrf52832_xxaa/app_uart_fifo.c.o
 .text.app_uart_init
                0x0000000000000538       0xf4 _build/nrf52832_xxaa/app_uart_fifo.c.o
                0x0000000000000538                app_uart_init
 .text.app_uart_get
                0x000000000000062c       0x5c _build/nrf52832_xxaa/app_uart_fifo.c.o
                0x000000000000062c                app_uart_get
 .text.app_uart_put
                0x0000000000000688       0x74 _build/nrf52832_xxaa/app_uart_fifo.c.o
                0x0000000000000688                app_uart_put
 .text.app_util_critical_region_enter
                0x00000000000006fc       0x10 _build/nrf52832_xxaa/app_util_platform.c.o
                0x00000000000006fc                app_util_critical_region_enter
 .text.app_util_critical_region_exit
                0x000000000000070c       0x14 _build/nrf52832_xxaa/app_util_platform.c.o
                0x000000000000070c                app_util_critical_region_exit
 .text._write   0x0000000000000720       0x1c _build/nrf52832_xxaa/retarget.c.o
                0x0000000000000720                _write
 .text._read    0x000000000000073c       0x14 _build/nrf52832_xxaa/retarget.c.o
                0x000000000000073c                _read
 .text.uarte_evt_handler
                0x0000000000000750       0x34 _build/nrf52832_xxaa/nrf_drv_uart.c.o
 .text.uart_evt_handler
                0x0000000000000784       0x34 _build/nrf52832_xxaa/nrf_drv_uart.c.o
 .text.nrf_drv_uart_init
                0x00000000000007b8       0x7c _build/nrf52832_xxaa/nrf_drv_uart.c.o
                0x00000000000007b8                nrf_drv_uart_init
 .text.UARTE0_UART0_IRQHandler
                0x0000000000000834        0xc _build/nrf52832_xxaa/nrfx_prs.c.o
                0x0000000000000834                UARTE0_UART0_IRQHandler
 .text.nrfx_prs_acquire
                0x0000000000000840       0x3c _build/nrf52832_xxaa/nrfx_prs.c.o
                0x0000000000000840                nrfx_prs_acquire
 .text.nrfx_uart_0_irq_handler
                0x000000000000087c      0x1c4 _build/nrf52832_xxaa/nrfx_uart.c.o
                0x000000000000087c                nrfx_uart_0_irq_handler
 .text.nrfx_uart_init
                0x0000000000000a40      0x198 _build/nrf52832_xxaa/nrfx_uart.c.o
                0x0000000000000a40                nrfx_uart_init
 .text.nrfx_uart_tx
                0x0000000000000bd8       0xd0 _build/nrf52832_xxaa/nrfx_uart.c.o
                0x0000000000000bd8                nrfx_uart_tx
 .text.nrfx_uart_tx_in_progress
                0x0000000000000ca8       0x18 _build/nrf52832_xxaa/nrfx_uart.c.o
                0x0000000000000ca8                nrfx_uart_tx_in_progress
 .text.nrfx_uart_rx
                0x0000000000000cc0      0x13c _build/nrf52832_xxaa/nrfx_uart.c.o
                0x0000000000000cc0                nrfx_uart_rx
 .text.nrfx_uarte_0_irq_handler
                0x0000000000000dfc      0x160 _build/nrf52832_xxaa/nrfx_uarte.c.o
                0x0000000000000dfc                nrfx_uarte_0_irq_handler
 .text.nrfx_uarte_init
                0x0000000000000f5c      0x1d0 _build/nrf52832_xxaa/nrfx_uarte.c.o
                0x0000000000000f5c                nrfx_uarte_init
 .text.nrfx_uarte_tx
                0x000000000000112c       0xb4 _build/nrf52832_xxaa/nrfx_uarte.c.o
                0x000000000000112c                nrfx_uarte_tx
 .text.nrfx_uarte_tx_in_progress
                0x00000000000011e0       0x1c _build/nrf52832_xxaa/nrfx_uarte.c.o
                0x00000000000011e0                nrfx_uarte_tx_in_progress
 .text.nrfx_uarte_rx
                0x00000000000011fc      0x12c _build/nrf52832_xxaa/nrfx_uarte.c.o
                0x00000000000011fc                nrfx_uarte_rx
 .text.uart_error_handle
                0x0000000000001328       0x14 _build/nrf52832_xxaa/main.c.o
                0x0000000000001328                uart_error_handle
 .text.startup.main
                0x000000000000133c       0x88 _build/nrf52832_xxaa/main.c.o
                0x000000000000133c                main
 .text.SystemInit
                0x00000000000013c4      0x340 _build/nrf52832_xxaa/system_nrf52.c.o
                0x00000000000013c4                SystemInit
 .text.exit     0x0000000000001704       0x28 /opt/homebrew/Cellar/arm-gcc-bin@8/8-2019-q3-update_2/bin/../lib/gcc/arm-none-eabi/8.3.1/../../../../arm-none-eabi/lib/thumb/v7e-m+fp/hard/libc_nano.a(lib_a-exit.o)
                0x0000000000001704                exit
 .text.__libc_init_array
                0x000000000000172c       0x48 /opt/homebrew/Cellar/arm-gcc-bin@8/8-2019-q3-update_2/bin/../lib/gcc/arm-none-eabi/8.3.1/../../../../arm-none-eabi/lib/thumb/v7e-m+fp/hard/libc_nano.a(lib_a-init.o)
                0x000000000000172c                __libc_init_array
 .text.memset   0x0000000000001774       0x10 /opt/homebrew/Cellar/arm-gcc-bin@8/8-2019-q3-update_2/bin/../lib/gcc/arm-none-eabi/8.3.1/../../../../arm-none-eabi/lib/thumb/v7e-m+fp/hard/libc_nano.a(lib_a-memset.o)
                0x0000000000001774                memset
 .text.printf   0x0000000000001784       0x30 /opt/homebrew/Cellar/arm-gcc-bin@8/8-2019-q3-update_2/bin/../lib/gcc/arm-none-eabi/8.3.1/../../../../arm-none-eabi/lib/thumb/v7e-m+fp/hard/libc_nano.a(lib_a-printf.o)
                0x0000000000001784                printf
                0x0000000000001784                iprintf
 .text.std      0x00000000000017b4       0x48 /opt/homebrew/Cellar/arm-gcc-bin@8/8-2019-q3-update_2/bin/../lib/gcc/arm-none-eabi/8.3.1/../../../../arm-none-eabi/lib/thumb/v7e-m+fp/hard/libc_nano.a(lib_a-findfp.o)
 .text._cleanup_r
                0x00000000000017fc        0xc /opt/homebrew/Cellar/arm-gcc-bin@8/8-2019-q3-update_2/bin/../lib/gcc/arm-none-eabi/8.3.1/../../../../arm-none-eabi/lib/thumb/v7e-m+fp/hard/libc_nano.a(lib_a-findfp.o)
                0x00000000000017fc                _cleanup_r
 .text.__sfmoreglue
                0x0000000000001808       0x2c /opt/homebrew/Cellar/arm-gcc-bin@8/8-2019-q3-update_2/bin/../lib/gcc/arm-none-eabi/8.3.1/../../../../arm-none-eabi/lib/thumb/v7e-m+fp/hard/libc_nano.a(lib_a-findfp.o)
                0x0000000000001808                __sfmoreglue
 .text.__sfp_lock_acquire
                0x0000000000001834        0xc /opt/homebrew/Cellar/arm-gcc-bin@8/8-2019-q3-update_2/bin/../lib/gcc/arm-none-eabi/8.3.1/../../../../arm-none-eabi/lib/thumb/v7e-m+fp/hard/libc_nano.a(lib_a-findfp.o)
                0x0000000000001834                __sfp_lock_acquire
 .text.__sfp_lock_release
                0x0000000000001840        0xc /opt/homebrew/Cellar/arm-gcc-bin@8/8-2019-q3-update_2/bin/../lib/gcc/arm-none-eabi/8.3.1/../../../../arm-none-eabi/lib/thumb/v7e-m+fp/hard/libc_nano.a(lib_a-findfp.o)
                0x0000000000001840                __sfp_lock_release
 .text.__sinit_lock_acquire
                0x000000000000184c        0xc /opt/homebrew/Cellar/arm-gcc-bin@8/8-2019-q3-update_2/bin/../lib/gcc/arm-none-eabi/8.3.1/../../../../arm-none-eabi/lib/thumb/v7e-m+fp/hard/libc_nano.a(lib_a-findfp.o)
                0x000000000000184c                __sinit_lock_acquire
 .text.__sinit_lock_release
                0x0000000000001858        0xc /opt/homebrew/Cellar/arm-gcc-bin@8/8-2019-q3-update_2/bin/../lib/gcc/arm-none-eabi/8.3.1/../../../../arm-none-eabi/lib/thumb/v7e-m+fp/hard/libc_nano.a(lib_a-findfp.o)
                0x0000000000001858                __sinit_lock_release
 .text.__sinit  0x0000000000001864       0x70 /opt/homebrew/Cellar/arm-gcc-bin@8/8-2019-q3-update_2/bin/../lib/gcc/arm-none-eabi/8.3.1/../../../../arm-none-eabi/lib/thumb/v7e-m+fp/hard/libc_nano.a(lib_a-findfp.o)
                0x0000000000001864                __sinit
 .text.__sfp    0x00000000000018d4       0x8c /opt/homebrew/Cellar/arm-gcc-bin@8/8-2019-q3-update_2/bin/../lib/gcc/arm-none-eabi/8.3.1/../../../../arm-none-eabi/lib/thumb/v7e-m+fp/hard/libc_nano.a(lib_a-findfp.o)
                0x00000000000018d4                __sfp
 .text._fwalk_reent
                0x0000000000001960       0x3c /opt/homebrew/Cellar/arm-gcc-bin@8/8-2019-q3-update_2/bin/../lib/gcc/arm-none-eabi/8.3.1/../../../../arm-none-eabi/lib/thumb/v7e-m+fp/hard/libc_nano.a(lib_a-fwalk.o)
                0x0000000000001960                _fwalk_reent
 .text.__retarget_lock_init_recursive
                0x000000000000199c        0x2 /opt/homebrew/Cellar/arm-gcc-bin@8/8-2019-q3-update_2/bin/../lib/gcc/arm-none-eabi/8.3.1/../../../../arm-none-eabi/lib/thumb/v7e-m+fp/hard/libc_nano.a(lib_a-lock.o)
                0x000000000000199c                __retarget_lock_init_recursive
 .text.__retarget_lock_acquire_recursive
                0x000000000000199e        0x2 /opt/homebrew/Cellar/arm-gcc-bin@8/8-2019-q3-update_2/bin/../lib/gcc/arm-none-eabi/8.3.1/../../../../arm-none-eabi/lib/thumb/v7e-m+fp/hard/libc_nano.a(lib_a-lock.o)
                0x000000000000199e                __retarget_lock_acquire_recursive
 .text.__retarget_lock_release_recursive
                0x00000000000019a0        0x2 /opt/homebrew/Cellar/arm-gcc-bin@8/8-2019-q3-update_2/bin/../lib/gcc/arm-none-eabi/8.3.1/../../../../arm-none-eabi/lib/thumb/v7e-m+fp/hard/libc_nano.a(lib_a-lock.o)
                0x00000000000019a0                __retarget_lock_release_recursive
 *fill*         0x00000000000019a2        0x2 
 .text._malloc_r
                0x00000000000019a4       0xb4 /opt/homebrew/Cellar/arm-gcc-bin@8/8-2019-q3-update_2/bin/../lib/gcc/arm-none-eabi/8.3.1/../../../../arm-none-eabi/lib/thumb/v7e-m+fp/hard/libc_nano.a(lib_a-nano-mallocr.o)
                0x00000000000019a4                _malloc_r
 .text.__sfputc_r
                0x0000000000001a58       0x2e /opt/homebrew/Cellar/arm-gcc-bin@8/8-2019-q3-update_2/bin/../lib/gcc/arm-none-eabi/8.3.1/../../../../arm-none-eabi/lib/thumb/v7e-m+fp/hard/libc_nano.a(lib_a-nano-vfprintf.o)
 .text.__sfputs_r
                0x0000000000001a86       0x24 /opt/homebrew/Cellar/arm-gcc-bin@8/8-2019-q3-update_2/bin/../lib/gcc/arm-none-eabi/8.3.1/../../../../arm-none-eabi/lib/thumb/v7e-m+fp/hard/libc_nano.a(lib_a-nano-vfprintf.o)
                0x0000000000001a86                __sfputs_r
 *fill*         0x0000000000001aaa        0x2 
 .text._vfprintf_r
                0x0000000000001aac      0x250 /opt/homebrew/Cellar/arm-gcc-bin@8/8-2019-q3-update_2/bin/../lib/gcc/arm-none-eabi/8.3.1/../../../../arm-none-eabi/lib/thumb/v7e-m+fp/hard/libc_nano.a(lib_a-nano-vfprintf.o)
                0x0000000000001aac                _vfiprintf_r
                0x0000000000001aac                _vfprintf_r
 .text._printf_common
                0x0000000000001cfc       0xea /opt/homebrew/Cellar/arm-gcc-bin@8/8-2019-q3-update_2/bin/../lib/gcc/arm-none-eabi/8.3.1/../../../../arm-none-eabi/lib/thumb/v7e-m+fp/hard/libc_nano.a(lib_a-nano-vfprintf_i.o)
                0x0000000000001cfc                _printf_common
 *fill*         0x0000000000001de6        0x2 
 .text._printf_i
                0x0000000000001de8      0x228 /opt/homebrew/Cellar/arm-gcc-bin@8/8-2019-q3-update_2/bin/../lib/gcc/arm-none-eabi/8.3.1/../../../../arm-none-eabi/lib/thumb/v7e-m+fp/hard/libc_nano.a(lib_a-nano-vfprintf_i.o)
                0x0000000000001de8                _printf_i
 .text._sbrk_r  0x0000000000002010       0x20 /opt/homebrew/Cellar/arm-gcc-bin@8/8-2019-q3-update_2/bin/../lib/gcc/arm-none-eabi/8.3.1/../../../../arm-none-eabi/lib/thumb/v7e-m+fp/hard/libc_nano.a(lib_a-sbrkr.o)
                0x0000000000002010                _sbrk_r
 .text.__sread  0x0000000000002030       0x22 /opt/homebrew/Cellar/arm-gcc-bin@8/8-2019-q3-update_2/bin/../lib/gcc/arm-none-eabi/8.3.1/../../../../arm-none-eabi/lib/thumb/v7e-m+fp/hard/libc_nano.a(lib_a-stdio.o)
                0x0000000000002030                __sread
 .text.__swrite
                0x0000000000002052       0x38 /opt/homebrew/Cellar/arm-gcc-bin@8/8-2019-q3-update_2/bin/../lib/gcc/arm-none-eabi/8.3.1/../../../../arm-none-eabi/lib/thumb/v7e-m+fp/hard/libc_nano.a(lib_a-stdio.o)
                0x0000000000002052                __swrite
 .text.__sseek  0x000000000000208a       0x24 /opt/homebrew/Cellar/arm-gcc-bin@8/8-2019-q3-update_2/bin/../lib/gcc/arm-none-eabi/8.3.1/../../../../arm-none-eabi/lib/thumb/v7e-m+fp/hard/libc_nano.a(lib_a-stdio.o)
                0x000000000000208a                __sseek
 .text.__sclose
                0x00000000000020ae        0x8 /opt/homebrew/Cellar/arm-gcc-bin@8/8-2019-q3-update_2/bin/../lib/gcc/arm-none-eabi/8.3.1/../../../../arm-none-eabi/lib/thumb/v7e-m+fp/hard/libc_nano.a(lib_a-stdio.o)
                0x00000000000020ae                __sclose
 *fill*         0x00000000000020b6        0x2 
 .text.__swbuf_r
                0x00000000000020b8       0xa4 /opt/homebrew/Cellar/arm-gcc-bin@8/8-2019-q3-update_2/bin/../lib/gcc/arm-none-eabi/8.3.1/../../../../arm-none-eabi/lib/thumb/v7e-m+fp/hard/libc_nano.a(lib_a-wbuf.o)
                0x00000000000020b8                __swbuf_r
 .text._write_r
                0x000000000000215c       0x24 /opt/homebrew/Cellar/arm-gcc-bin@8/8-2019-q3-update_2/bin/../lib/gcc/arm-none-eabi/8.3.1/../../../../arm-none-eabi/lib/thumb/v7e-m+fp/hard/libc_nano.a(lib_a-writer.o)
                0x000000000000215c                _write_r
 .text.__swsetup_r
                0x0000000000002180       0xdc /opt/homebrew/Cellar/arm-gcc-bin@8/8-2019-q3-update_2/bin/../lib/gcc/arm-none-eabi/8.3.1/../../../../arm-none-eabi/lib/thumb/v7e-m+fp/hard/libc_nano.a(lib_a-wsetup.o)
                0x0000000000002180                __swsetup_r
 .text._close_r
                0x000000000000225c       0x20 /opt/homebrew/Cellar/arm-gcc-bin@8/8-2019-q3-update_2/bin/../lib/gcc/arm-none-eabi/8.3.1/../../../../arm-none-eabi/lib/thumb/v7e-m+fp/hard/libc_nano.a(lib_a-closer.o)
                0x000000000000225c                _close_r
 .text.__sflush_r
                0x000000000000227c      0x10c /opt/homebrew/Cellar/arm-gcc-bin@8/8-2019-q3-update_2/bin/../lib/gcc/arm-none-eabi/8.3.1/../../../../arm-none-eabi/lib/thumb/v7e-m+fp/hard/libc_nano.a(lib_a-fflush.o)
                0x000000000000227c                __sflush_r
 .text._fflush_r
                0x0000000000002388       0x78 /opt/homebrew/Cellar/arm-gcc-bin@8/8-2019-q3-update_2/bin/../lib/gcc/arm-none-eabi/8.3.1/../../../../arm-none-eabi/lib/thumb/v7e-m+fp/hard/libc_nano.a(lib_a-fflush.o)
                0x0000000000002388                _fflush_r
 .text._lseek_r
                0x0000000000002400       0x24 /opt/homebrew/Cellar/arm-gcc-bin@8/8-2019-q3-update_2/bin/../lib/gcc/arm-none-eabi/8.3.1/../../../../arm-none-eabi/lib/thumb/v7e-m+fp/hard/libc_nano.a(lib_a-lseekr.o)
                0x0000000000002400                _lseek_r
 .text.__swhatbuf_r
                0x0000000000002424       0x48 /opt/homebrew/Cellar/arm-gcc-bin@8/8-2019-q3-update_2/bin/../lib/gcc/arm-none-eabi/8.3.1/../../../../arm-none-eabi/lib/thumb/v7e-m+fp/hard/libc_nano.a(lib_a-makebuf.o)
                0x0000000000002424                __swhatbuf_r
 .text.__smakebuf_r
                0x000000000000246c       0x80 /opt/homebrew/Cellar/arm-gcc-bin@8/8-2019-q3-update_2/bin/../lib/gcc/arm-none-eabi/8.3.1/../../../../arm-none-eabi/lib/thumb/v7e-m+fp/hard/libc_nano.a(lib_a-makebuf.o)
                0x000000000000246c                __smakebuf_r
 *fill*         0x00000000000024ec        0x4 
 .text          0x00000000000024f0       0xa0 /opt/homebrew/Cellar/arm-gcc-bin@8/8-2019-q3-update_2/bin/../lib/gcc/arm-none-eabi/8.3.1/../../../../arm-none-eabi/lib/thumb/v7e-m+fp/hard/libc_nano.a(lib_a-memchr.o)
                0x00000000000024f0                memchr
 .text.__malloc_lock
                0x0000000000002590        0xc /opt/homebrew/Cellar/arm-gcc-bin@8/8-2019-q3-update_2/bin/../lib/gcc/arm-none-eabi/8.3.1/../../../../arm-none-eabi/lib/thumb/v7e-m+fp/hard/libc_nano.a(lib_a-mlock.o)
                0x0000000000002590                __malloc_lock
 .text.__malloc_unlock
                0x000000000000259c        0xc /opt/homebrew/Cellar/arm-gcc-bin@8/8-2019-q3-update_2/bin/../lib/gcc/arm-none-eabi/8.3.1/../../../../arm-none-eabi/lib/thumb/v7e-m+fp/hard/libc_nano.a(lib_a-mlock.o)
                0x000000000000259c                __malloc_unlock
 .text._free_r  0x00000000000025a8       0x9c /opt/homebrew/Cellar/arm-gcc-bin@8/8-2019-q3-update_2/bin/../lib/gcc/arm-none-eabi/8.3.1/../../../../arm-none-eabi/lib/thumb/v7e-m+fp/hard/libc_nano.a(lib_a-nano-freer.o)
                0x00000000000025a8                _free_r
 .text._read_r  0x0000000000002644       0x24 /opt/homebrew/Cellar/arm-gcc-bin@8/8-2019-q3-update_2/bin/../lib/gcc/arm-none-eabi/8.3.1/../../../../arm-none-eabi/lib/thumb/v7e-m+fp/hard/libc_nano.a(lib_a-readr.o)
                0x0000000000002644                _read_r
 .text._fstat_r
                0x0000000000002668       0x24 /opt/homebrew/Cellar/arm-gcc-bin@8/8-2019-q3-update_2/bin/../lib/gcc/arm-none-eabi/8.3.1/../../../../arm-none-eabi/lib/thumb/v7e-m+fp/hard/libc_nano.a(lib_a-fstatr.o)
                0x0000000000002668                _fstat_r
 .text._isatty_r
                0x000000000000268c       0x20 /opt/homebrew/Cellar/arm-gcc-bin@8/8-2019-q3-update_2/bin/../lib/gcc/arm-none-eabi/8.3.1/../../../../arm-none-eabi/lib/thumb/v7e-m+fp/hard/libc_nano.a(lib_a-isattyr.o)
                0x000000000000268c                _isatty_r
 .text._close   0x00000000000026ac       0x10 /opt/homebrew/Cellar/arm-gcc-bin@8/8-2019-q3-update_2/bin/../lib/gcc/arm-none-eabi/8.3.1/../../../../arm-none-eabi/lib/thumb/v7e-m+fp/hard/libnosys.a(close.o)
                0x00000000000026ac                _close
 .text._fstat   0x00000000000026bc       0x10 /opt/homebrew/Cellar/arm-gcc-bin@8/8-2019-q3-update_2/bin/../lib/gcc/arm-none-eabi/8.3.1/../../../../arm-none-eabi/lib/thumb/v7e-m+fp/hard/libnosys.a(fstat.o)
                0x00000000000026bc                _fstat
 .text._isatty  0x00000000000026cc       0x10 /opt/homebrew/Cellar/arm-gcc-bin@8/8-2019-q3-update_2/bin/../lib/gcc/arm-none-eabi/8.3.1/../../../../arm-none-eabi/lib/thumb/v7e-m+fp/hard/libnosys.a(isatty.o)
                0x00000000000026cc                _isatty
 .text._lseek   0x00000000000026dc       0x10 /opt/homebrew/Cellar/arm-gcc-bin@8/8-2019-q3-update_2/bin/../lib/gcc/arm-none-eabi/8.3.1/../../../../arm-none-eabi/lib/thumb/v7e-m+fp/hard/libnosys.a(lseek.o)
                0x00000000000026dc                _lseek
 .text._sbrk    0x00000000000026ec       0x1c /opt/homebrew/Cellar/arm-gcc-bin@8/8-2019-q3-update_2/bin/../lib/gcc/arm-none-eabi/8.3.1/../../../../arm-none-eabi/lib/thumb/v7e-m+fp/hard/libnosys.a(sbrk.o)
                0x00000000000026ec                _sbrk
 .text._exit    0x0000000000002708        0x4 /opt/homebrew/Cellar/arm-gcc-bin@8/8-2019-q3-update_2/bin/../lib/gcc/arm-none-eabi/8.3.1/../../../../arm-none-eabi/lib/thumb/v7e-m+fp/hard/libnosys.a(_exit.o)
                0x0000000000002708                _exit
 *(.init)
 .init          0x000000000000270c        0x4 /opt/homebrew/Cellar/arm-gcc-bin@8/8-2019-q3-update_2/bin/../lib/gcc/arm-none-eabi/8.3.1/thumb/v7e-m+fp/hard/crti.o
                0x000000000000270c                _init
 .init          0x0000000000002710        0x8 /opt/homebrew/Cellar/arm-gcc-bin@8/8-2019-q3-update_2/bin/../lib/gcc/arm-none-eabi/8.3.1/thumb/v7e-m+fp/hard/crtn.o
 *(.fini)
 .fini          0x0000000000002718        0x4 /opt/homebrew/Cellar/arm-gcc-bin@8/8-2019-q3-update_2/bin/../lib/gcc/arm-none-eabi/8.3.1/thumb/v7e-m+fp/hard/crti.o
                0x0000000000002718                _fini
 .fini          0x000000000000271c        0x8 /opt/homebrew/Cellar/arm-gcc-bin@8/8-2019-q3-update_2/bin/../lib/gcc/arm-none-eabi/8.3.1/thumb/v7e-m+fp/hard/crtn.o
 *crtbegin.o(.ctors)
 *crtbegin?.o(.ctors)
 *(EXCLUDE_FILE(*crtend.o *crtend?.o) .ctors)
 *(SORT_BY_NAME(.ctors.*))
 *(.ctors)
 *crtbegin.o(.dtors)
 *crtbegin?.o(.dtors)
 *(EXCLUDE_FILE(*crtend.o *crtend?.o) .dtors)
 *(SORT_BY_NAME(.dtors.*))
 *(.dtors)
 *(.rodata*)
 .rodata        0x0000000000002724       0x20 _build/nrf52832_xxaa/app_uart_fifo.c.o
 .rodata        0x0000000000002744       0x18 _build/nrf52832_xxaa/main.c.o
 .rodata.main.str1.4
                0x000000000000275c       0x28 _build/nrf52832_xxaa/main.c.o
                                         0x27 (size before relaxing)
 .rodata._global_impure_ptr
                0x0000000000002784        0x4 /opt/homebrew/Cellar/arm-gcc-bin@8/8-2019-q3-update_2/bin/../lib/gcc/arm-none-eabi/8.3.1/../../../../arm-none-eabi/lib/thumb/v7e-m+fp/hard/libc_nano.a(lib_a-impure.o)
                0x0000000000002784                _global_impure_ptr
 .rodata.__sf_fake_stderr
                0x0000000000002788       0x20 /opt/homebrew/Cellar/arm-gcc-bin@8/8-2019-q3-update_2/bin/../lib/gcc/arm-none-eabi/8.3.1/../../../../arm-none-eabi/lib/thumb/v7e-m+fp/hard/libc_nano.a(lib_a-findfp.o)
                0x0000000000002788                __sf_fake_stderr
 .rodata.__sf_fake_stdin
                0x00000000000027a8       0x20 /opt/homebrew/Cellar/arm-gcc-bin@8/8-2019-q3-update_2/bin/../lib/gcc/arm-none-eabi/8.3.1/../../../../arm-none-eabi/lib/thumb/v7e-m+fp/hard/libc_nano.a(lib_a-findfp.o)
                0x00000000000027a8                __sf_fake_stdin
 .rodata.__sf_fake_stdout
                0x00000000000027c8       0x20 /opt/homebrew/Cellar/arm-gcc-bin@8/8-2019-q3-update_2/bin/../lib/gcc/arm-none-eabi/8.3.1/../../../../arm-none-eabi/lib/thumb/v7e-m+fp/hard/libc_nano.a(lib_a-findfp.o)
                0x00000000000027c8                __sf_fake_stdout
 .rodata._vfprintf_r.str1.1
                0x00000000000027e8       0x11 /opt/homebrew/Cellar/arm-gcc-bin@8/8-2019-q3-update_2/bin/../lib/gcc/arm-none-eabi/8.3.1/../../../../arm-none-eabi/lib/thumb/v7e-m+fp/hard/libc_nano.a(lib_a-nano-vfprintf.o)
 .rodata._printf_i.str1.1
                0x00000000000027f9       0x22 /opt/homebrew/Cellar/arm-gcc-bin@8/8-2019-q3-update_2/bin/../lib/gcc/arm-none-eabi/8.3.1/../../../../arm-none-eabi/lib/thumb/v7e-m+fp/hard/libc_nano.a(lib_a-nano-vfprintf_i.o)
 *(.eh_frame*)
 *fill*         0x000000000000281b        0x1 
 .eh_frame      0x000000000000281c        0x0 /opt/homebrew/Cellar/arm-gcc-bin@8/8-2019-q3-update_2/bin/../lib/gcc/arm-none-eabi/8.3.1/thumb/v7e-m+fp/hard/crtbegin.o
 .eh_frame      0x000000000000281c        0x4 /opt/homebrew/Cellar/arm-gcc-bin@8/8-2019-q3-update_2/bin/../lib/gcc/arm-none-eabi/8.3.1/thumb/v7e-m+fp/hard/crtend.o

.glue_7         0x0000000000002820        0x0
 .glue_7        0x0000000000002820        0x0 linker stubs

.glue_7t        0x0000000000002820        0x0
 .glue_7t       0x0000000000002820        0x0 linker stubs

.vfp11_veneer   0x0000000000002820        0x0
 .vfp11_veneer  0x0000000000002820        0x0 linker stubs

.v4_bx          0x0000000000002820        0x0
 .v4_bx         0x0000000000002820        0x0 linker stubs

.iplt           0x0000000000002820        0x0
 .iplt          0x0000000000002820        0x0 /opt/homebrew/Cellar/arm-gcc-bin@8/8-2019-q3-update_2/bin/../lib/gcc/arm-none-eabi/8.3.1/thumb/v7e-m+fp/hard/crtbegin.o

.mem_section_dummy_rom

.log_const_data
                0x0000000000002820        0x0
                [!provide]                        PROVIDE (__start_log_const_data = .)
 *(SORT_BY_NAME(.log_const_data*))
                [!provide]                        PROVIDE (__stop_log_const_data = .)

.log_backends   0x0000000000002820        0x0
                [!provide]                        PROVIDE (__start_log_backends = .)
 *(SORT_BY_NAME(.log_backends*))
                [!provide]                        PROVIDE (__stop_log_backends = .)

.nrf_balloc     0x0000000000002820        0x0
                [!provide]                        PROVIDE (__start_nrf_balloc = .)
 *(.nrf_balloc)
                [!provide]                        PROVIDE (__stop_nrf_balloc = .)

.ARM.extab
 *(.ARM.extab* .gnu.linkonce.armextab.*)
                0x0000000000002820                __exidx_start = .

.ARM.exidx      0x0000000000002820        0x8
 *(.ARM.exidx* .gnu.linkonce.armexidx.*)
 .ARM.exidx     0x0000000000002820        0x8 /opt/homebrew/Cellar/arm-gcc-bin@8/8-2019-q3-update_2/bin/../lib/gcc/arm-none-eabi/8.3.1/../../../../arm-none-eabi/lib/thumb/v7e-m+fp/hard/crt0.o
                0x0000000000002828                __exidx_end = .

.rel.dyn        0x0000000000002828        0x0
 .rel.iplt      0x0000000000002828        0x0 /opt/homebrew/Cellar/arm-gcc-bin@8/8-2019-q3-update_2/bin/../lib/gcc/arm-none-eabi/8.3.1/thumb/v7e-m+fp/hard/crtbegin.o
                0x0000000000002828                . = ALIGN (0x4)
                0x0000000000002828                __etext = .

.data           0x0000000020000000       0x84 load address 0x0000000000002828
                0x0000000020000000                __data_start__ = .
 *(vtable)
 *(.data*)
 .data.app_uart_inst
                0x0000000020000000       0x14 _build/nrf52832_xxaa/app_uart_fifo.c.o
 .data.SystemCoreClock
                0x0000000020000014        0x4 _build/nrf52832_xxaa/system_nrf52.c.o
                0x0000000020000014                SystemCoreClock
 .data._impure_ptr
                0x0000000020000018        0x4 /opt/homebrew/Cellar/arm-gcc-bin@8/8-2019-q3-update_2/bin/../lib/gcc/arm-none-eabi/8.3.1/../../../../arm-none-eabi/lib/thumb/v7e-m+fp/hard/libc_nano.a(lib_a-impure.o)
                0x0000000020000018                _impure_ptr
 .data.impure_data
                0x000000002000001c       0x60 /opt/homebrew/Cellar/arm-gcc-bin@8/8-2019-q3-update_2/bin/../lib/gcc/arm-none-eabi/8.3.1/../../../../arm-none-eabi/lib/thumb/v7e-m+fp/hard/libc_nano.a(lib_a-impure.o)
                0x000000002000007c                . = ALIGN (0x4)
                0x000000002000007c                PROVIDE (__preinit_array_start = .)
 *(.preinit_array)
                0x000000002000007c                PROVIDE (__preinit_array_end = .)
                0x000000002000007c                . = ALIGN (0x4)
                0x000000002000007c                PROVIDE (__init_array_start = .)
 *(SORT_BY_NAME(.init_array.*))
 *(.init_array)
 .init_array    0x000000002000007c        0x4 /opt/homebrew/Cellar/arm-gcc-bin@8/8-2019-q3-update_2/bin/../lib/gcc/arm-none-eabi/8.3.1/thumb/v7e-m+fp/hard/crtbegin.o
                0x0000000020000080                PROVIDE (__init_array_end = .)
                0x0000000020000080                . = ALIGN (0x4)
                [!provide]                        PROVIDE (__fini_array_start = .)
 *(SORT_BY_NAME(.fini_array.*))
 *(.fini_array)
 .fini_array    0x0000000020000080        0x4 /opt/homebrew/Cellar/arm-gcc-bin@8/8-2019-q3-update_2/bin/../lib/gcc/arm-none-eabi/8.3.1/thumb/v7e-m+fp/hard/crtbegin.o
                [!provide]                        PROVIDE (__fini_array_end = .)
 *(.jcr*)
                0x0000000020000084                . = ALIGN (0x4)
                0x0000000020000084                __data_end__ = .
LOAD /opt/homebrew/Cellar/arm-gcc-bin@8/8-2019-q3-update_2/bin/../lib/gcc/arm-none-eabi/8.3.1/thumb/v7e-m+fp/hard/crti.o
LOAD /opt/homebrew/Cellar/arm-gcc-bin@8/8-2019-q3-update_2/bin/../lib/gcc/arm-none-eabi/8.3.1/thumb/v7e-m+fp/hard/crtbegin.o
LOAD /opt/homebrew/Cellar/arm-gcc-bin@8/8-2019-q3-update_2/bin/../lib/gcc/arm-none-eabi/8.3.1/../../../../arm-none-eabi/lib/thumb/v7e-m+fp/hard/crt0.o
LOAD _build/nrf52832_xxaa/gcc_startup_nrf52.S.o
LOAD _build/nrf52832_xxaa/nrf_log_frontend.c.o
LOAD _build/nrf52832_xxaa/nrf_log_str_formatter.c.o
LOAD _build/nrf52832_xxaa/boards.c.o
LOAD _build/nrf52832_xxaa/app_error.c.o
LOAD _build/nrf52832_xxaa/app_error_handler_gcc.c.o
LOAD _build/nrf52832_xxaa/app_error_weak.c.o
LOAD _build/nrf52832_xxaa/app_fifo.c.o
LOAD _build/nrf52832_xxaa/app_uart_fifo.c.o
LOAD _build/nrf52832_xxaa/app_util_platform.c.o
LOAD _build/nrf52832_xxaa/nrf_assert.c.o
LOAD _build/nrf52832_xxaa/nrf_atomic.c.o
LOAD _build/nrf52832_xxaa/nrf_balloc.c.o
LOAD _build/nrf52832_xxaa/nrf_fprintf.c.o
LOAD _build/nrf52832_xxaa/nrf_fprintf_format.c.o
LOAD _build/nrf52832_xxaa/nrf_memobj.c.o
LOAD _build/nrf52832_xxaa/nrf_ringbuf.c.o
LOAD _build/nrf52832_xxaa/nrf_strerror.c.o
LOAD _build/nrf52832_xxaa/retarget.c.o
LOAD _build/nrf52832_xxaa/nrf_drv_uart.c.o
LOAD _build/nrf52832_xxaa/nrfx_atomic.c.o
LOAD _build/nrf52832_xxaa/nrfx_prs.c.o
LOAD _build/nrf52832_xxaa/nrfx_uart.c.o
LOAD _build/nrf52832_xxaa/nrfx_uarte.c.o
LOAD _build/nrf52832_xxaa/main.c.o
LOAD _build/nrf52832_xxaa/system_nrf52.c.o
LOAD /opt/homebrew/Cellar/arm-gcc-bin@8/8-2019-q3-update_2/bin/../lib/gcc/arm-none-eabi/8.3.1/../../../../arm-none-eabi/lib/thumb/v7e-m+fp/hard/libc_nano.a
LOAD /opt/homebrew/Cellar/arm-gcc-bin@8/8-2019-q3-update_2/bin/../lib/gcc/arm-none-eabi/8.3.1/../../../../arm-none-eabi/lib/thumb/v7e-m+fp/hard/libnosys.a
LOAD /opt/homebrew/Cellar/arm-gcc-bin@8/8-2019-q3-update_2/bin/../lib/gcc/arm-none-eabi/8.3.1/../../../../arm-none-eabi/lib/thumb/v7e-m+fp/hard/libm.a
START GROUP
LOAD /opt/homebrew/Cellar/arm-gcc-bin@8/8-2019-q3-update_2/bin/../lib/gcc/arm-none-eabi/8.3.1/thumb/v7e-m+fp/hard/libgcc.a
LOAD /opt/homebrew/Cellar/arm-gcc-bin@8/8-2019-q3-update_2/bin/../lib/gcc/arm-none-eabi/8.3.1/../../../../arm-none-eabi/lib/thumb/v7e-m+fp/hard/libg_nano.a
LOAD /opt/homebrew/Cellar/arm-gcc-bin@8/8-2019-q3-update_2/bin/../lib/gcc/arm-none-eabi/8.3.1/../../../../arm-none-eabi/lib/thumb/v7e-m+fp/hard/libc_nano.a
END GROUP
START GROUP
LOAD /opt/homebrew/Cellar/arm-gcc-bin@8/8-2019-q3-update_2/bin/../lib/gcc/arm-none-eabi/8.3.1/thumb/v7e-m+fp/hard/libgcc.a
LOAD /opt/homebrew/Cellar/arm-gcc-bin@8/8-2019-q3-update_2/bin/../lib/gcc/arm-none-eabi/8.3.1/../../../../arm-none-eabi/lib/thumb/v7e-m+fp/hard/libc_nano.a
END GROUP
LOAD /opt/homebrew/Cellar/arm-gcc-bin@8/8-2019-q3-update_2/bin/../lib/gcc/arm-none-eabi/8.3.1/thumb/v7e-m+fp/hard/crtend.o
LOAD /opt/homebrew/Cellar/arm-gcc-bin@8/8-2019-q3-update_2/bin/../lib/gcc/arm-none-eabi/8.3.1/thumb/v7e-m+fp/hard/crtn.o
START GROUP
LOAD /opt/homebrew/Cellar/arm-gcc-bin@8/8-2019-q3-update_2/bin/../lib/gcc/arm-none-eabi/8.3.1/thumb/v7e-m+fp/hard/libgcc.a
LOAD /opt/homebrew/Cellar/arm-gcc-bin@8/8-2019-q3-update_2/bin/../lib/gcc/arm-none-eabi/8.3.1/../../../../arm-none-eabi/lib/thumb/v7e-m+fp/hard/libc.a
LOAD /opt/homebrew/Cellar/arm-gcc-bin@8/8-2019-q3-update_2/bin/../lib/gcc/arm-none-eabi/8.3.1/../../../../arm-none-eabi/lib/thumb/v7e-m+fp/hard/libnosys.a
END GROUP

.igot.plt       0x0000000020000084        0x0 load address 0x00000000000028ac
 .igot.plt      0x0000000020000084        0x0 /opt/homebrew/Cellar/arm-gcc-bin@8/8-2019-q3-update_2/bin/../lib/gcc/arm-none-eabi/8.3.1/thumb/v7e-m+fp/hard/crtbegin.o
                0x0000000020000084                . = ALIGN (0x4)

.mem_section_dummy_ram

.log_dynamic_data
                0x0000000020000084        0x0
                [!provide]                        PROVIDE (__start_log_dynamic_data = .)
 *(SORT_BY_NAME(.log_dynamic_data*))
                [!provide]                        PROVIDE (__stop_log_dynamic_data = .)

.log_filter_data
                0x0000000020000084        0x0
                [!provide]                        PROVIDE (__start_log_filter_data = .)
 *(SORT_BY_NAME(.log_filter_data*))
                [!provide]                        PROVIDE (__stop_log_filter_data = .)

.bss            0x0000000020000088      0x2d0 load address 0x00000000000028b0
                0x0000000020000088                . = ALIGN (0x4)
                0x0000000020000088                __bss_start__ = .
 *(.bss*)
 .bss           0x0000000020000088       0x1c /opt/homebrew/Cellar/arm-gcc-bin@8/8-2019-q3-update_2/bin/../lib/gcc/arm-none-eabi/8.3.1/thumb/v7e-m+fp/hard/crtbegin.o
 .bss.m_event_handler
                0x00000000200000a4        0x4 _build/nrf52832_xxaa/app_uart_fifo.c.o
 .bss.m_rx_fifo
                0x00000000200000a8       0x10 _build/nrf52832_xxaa/app_uart_fifo.c.o
 .bss.m_rx_ovf  0x00000000200000b8        0x1 _build/nrf52832_xxaa/app_uart_fifo.c.o
 *fill*         0x00000000200000b9        0x3 
 .bss.m_tx_fifo
                0x00000000200000bc       0x10 _build/nrf52832_xxaa/app_uart_fifo.c.o
 .bss.rx_buffer
                0x00000000200000cc        0x1 _build/nrf52832_xxaa/app_uart_fifo.c.o
 *fill*         0x00000000200000cd        0x3 
 .bss.tx_buffer
                0x00000000200000d0        0x1 _build/nrf52832_xxaa/app_uart_fifo.c.o
 *fill*         0x00000000200000d1        0x3 
 .bss.m_in_critical_region
                0x00000000200000d4        0x4 _build/nrf52832_xxaa/app_util_platform.c.o
 .bss.m_contexts
                0x00000000200000d8        0x4 _build/nrf52832_xxaa/nrf_drv_uart.c.o
 .bss.m_handlers
                0x00000000200000dc        0x4 _build/nrf52832_xxaa/nrf_drv_uart.c.o
 .bss.m_prs_box_4
                0x00000000200000e0        0x8 _build/nrf52832_xxaa/nrfx_prs.c.o
 .bss.m_cb      0x00000000200000e8       0x2c _build/nrf52832_xxaa/nrfx_uart.c.o
 *fill*         0x0000000020000114        0x4 
 .bss.m_cb      0x0000000020000118       0x24 _build/nrf52832_xxaa/nrfx_uarte.c.o
 .bss.rx_buf.9080
                0x000000002000013c      0x100 _build/nrf52832_xxaa/main.c.o
 .bss.tx_buf.9081
                0x000000002000023c      0x100 _build/nrf52832_xxaa/main.c.o
 .bss.__malloc_free_list
                0x000000002000033c        0x4 /opt/homebrew/Cellar/arm-gcc-bin@8/8-2019-q3-update_2/bin/../lib/gcc/arm-none-eabi/8.3.1/../../../../arm-none-eabi/lib/thumb/v7e-m+fp/hard/libc_nano.a(lib_a-nano-mallocr.o)
                0x000000002000033c                __malloc_free_list
 .bss.__malloc_sbrk_start
                0x0000000020000340        0x4 /opt/homebrew/Cellar/arm-gcc-bin@8/8-2019-q3-update_2/bin/../lib/gcc/arm-none-eabi/8.3.1/../../../../arm-none-eabi/lib/thumb/v7e-m+fp/hard/libc_nano.a(lib_a-nano-mallocr.o)
                0x0000000020000340                __malloc_sbrk_start
 .bss.heap_end.5501
                0x0000000020000344        0x4 /opt/homebrew/Cellar/arm-gcc-bin@8/8-2019-q3-update_2/bin/../lib/gcc/arm-none-eabi/8.3.1/../../../../arm-none-eabi/lib/thumb/v7e-m+fp/hard/libnosys.a(sbrk.o)
 *(COMMON)
 COMMON         0x0000000020000348        0x1 _build/nrf52832_xxaa/nrf_drv_uart.c.o
                0x0000000020000348                nrf_drv_uart_use_easy_dma
 COMMON         0x0000000020000349        0x9 /opt/homebrew/Cellar/arm-gcc-bin@8/8-2019-q3-update_2/bin/../lib/gcc/arm-none-eabi/8.3.1/../../../../arm-none-eabi/lib/thumb/v7e-m+fp/hard/libc_nano.a(lib_a-lock.o)
                0x0000000020000349                __lock___atexit_recursive_mutex
                0x000000002000034a                __lock___arc4random_mutex
                0x000000002000034b                __lock___env_recursive_mutex
                0x000000002000034c                __lock___sinit_recursive_mutex
                0x000000002000034d                __lock___malloc_recursive_mutex
                0x000000002000034e                __lock___at_quick_exit_mutex
                0x000000002000034f                __lock___dd_hash_mutex
                0x0000000020000350                __lock___tz_mutex
                0x0000000020000351                __lock___sfp_recursive_mutex
 *fill*         0x0000000020000352        0x2 
 COMMON         0x0000000020000354        0x4 /opt/homebrew/Cellar/arm-gcc-bin@8/8-2019-q3-update_2/bin/../lib/gcc/arm-none-eabi/8.3.1/../../../../arm-none-eabi/lib/thumb/v7e-m+fp/hard/libc_nano.a(lib_a-reent.o)
                0x0000000020000354                errno
                0x0000000020000358                . = ALIGN (0x4)
                0x0000000020000358                __bss_end__ = .

.heap           0x0000000020000358     0x2000
                0x0000000020000358                __HeapBase = .
                0x0000000020000358                __end__ = .
                0x0000000020000358                PROVIDE (end = .)
 *(.heap*)
 .heap          0x0000000020000358     0x2000 _build/nrf52832_xxaa/gcc_startup_nrf52.S.o
                0x0000000020002358                __HeapLimit = .

.stack_dummy    0x0000000020000358     0x2000
 *(.stack*)
 .stack         0x0000000020000358     0x2000 _build/nrf52832_xxaa/gcc_startup_nrf52.S.o
                0x0000000020010000                __StackTop = (ORIGIN (RAM) + LENGTH (RAM))
                0x000000002000e000                __StackLimit = (__StackTop - SIZEOF (.stack_dummy))
                0x0000000020010000                PROVIDE (__stack = __StackTop)
                0x0000000000000001                ASSERT ((__StackLimit >= __HeapLimit), region RAM overflowed with stack)
                0x0000000000000088                DataInitFlashUsed = (__bss_start__ - __data_start__)
                0x0000000000002828                CodeFlashUsed = (__etext - ORIGIN (FLASH))
                0x00000000000028b0                TotalFlashUsed = (CodeFlashUsed + DataInitFlashUsed)
                0x0000000000000001                ASSERT ((TotalFlashUsed <= LENGTH (FLASH)), region FLASH overflowed with .data and user data)
OUTPUT(_build/nrf52832_xxaa.out elf32-littlearm)

.ARM.attributes
                0x0000000000000000       0x30
 .ARM.attributes
                0x0000000000000000       0x1e /opt/homebrew/Cellar/arm-gcc-bin@8/8-2019-q3-update_2/bin/../lib/gcc/arm-none-eabi/8.3.1/thumb/v7e-m+fp/hard/crti.o
 .ARM.attributes
                0x000000000000001e       0x34 /opt/homebrew/Cellar/arm-gcc-bin@8/8-2019-q3-update_2/bin/../lib/gcc/arm-none-eabi/8.3.1/thumb/v7e-m+fp/hard/crtbegin.o
 .ARM.attributes
                0x0000000000000052       0x1c /opt/homebrew/Cellar/arm-gcc-bin@8/8-2019-q3-update_2/bin/../lib/gcc/arm-none-eabi/8.3.1/../../../../arm-none-eabi/lib/thumb/v7e-m+fp/hard/crt0.o
 .ARM.attributes
                0x000000000000006e       0x20 _build/nrf52832_xxaa/gcc_startup_nrf52.S.o
 .ARM.attributes
                0x000000000000008e       0x34 _build/nrf52832_xxaa/boards.c.o
 .ARM.attributes
                0x00000000000000c2       0x34 _build/nrf52832_xxaa/app_error.c.o
 .ARM.attributes
                0x00000000000000f6       0x34 _build/nrf52832_xxaa/app_error_weak.c.o
 .ARM.attributes
                0x000000000000012a       0x34 _build/nrf52832_xxaa/app_fifo.c.o
 .ARM.attributes
                0x000000000000015e       0x34 _build/nrf52832_xxaa/app_uart_fifo.c.o
 .ARM.attributes
                0x0000000000000192       0x34 _build/nrf52832_xxaa/app_util_platform.c.o
 .ARM.attributes
                0x00000000000001c6       0x34 _build/nrf52832_xxaa/retarget.c.o
 .ARM.attributes
                0x00000000000001fa       0x34 _build/nrf52832_xxaa/nrf_drv_uart.c.o
 .ARM.attributes
                0x000000000000022e       0x34 _build/nrf52832_xxaa/nrfx_prs.c.o
 .ARM.attributes
                0x0000000000000262       0x34 _build/nrf52832_xxaa/nrfx_uart.c.o
 .ARM.attributes
                0x0000000000000296       0x34 _build/nrf52832_xxaa/nrfx_uarte.c.o
 .ARM.attributes
                0x00000000000002ca       0x34 _build/nrf52832_xxaa/main.c.o
 .ARM.attributes
                0x00000000000002fe       0x34 _build/nrf52832_xxaa/system_nrf52.c.o
 .ARM.attributes
                0x0000000000000332       0x34 /opt/homebrew/Cellar/arm-gcc-bin@8/8-2019-q3-update_2/bin/../lib/gcc/arm-none-eabi/8.3.1/../../../../arm-none-eabi/lib/thumb/v7e-m+fp/hard/libc_nano.a(lib_a-exit.o)
 .ARM.attributes
                0x0000000000000366       0x32 /opt/homebrew/Cellar/arm-gcc-bin@8/8-2019-q3-update_2/bin/../lib/gcc/arm-none-eabi/8.3.1/../../../../arm-none-eabi/lib/thumb/v7e-m+fp/hard/libc_nano.a(lib_a-impure.o)
 .ARM.attributes
                0x0000000000000398       0x34 /opt/homebrew/Cellar/arm-gcc-bin@8/8-2019-q3-update_2/bin/../lib/gcc/arm-none-eabi/8.3.1/../../../../arm-none-eabi/lib/thumb/v7e-m+fp/hard/libc_nano.a(lib_a-init.o)
 .ARM.attributes
                0x00000000000003cc       0x34 /opt/homebrew/Cellar/arm-gcc-bin@8/8-2019-q3-update_2/bin/../lib/gcc/arm-none-eabi/8.3.1/../../../../arm-none-eabi/lib/thumb/v7e-m+fp/hard/libc_nano.a(lib_a-memset.o)
 .ARM.attributes
                0x0000000000000400       0x34 /opt/homebrew/Cellar/arm-gcc-bin@8/8-2019-q3-update_2/bin/../lib/gcc/arm-none-eabi/8.3.1/../../../../arm-none-eabi/lib/thumb/v7e-m+fp/hard/libc_nano.a(lib_a-printf.o)
 .ARM.attributes
                0x0000000000000434       0x34 /opt/homebrew/Cellar/arm-gcc-bin@8/8-2019-q3-update_2/bin/../lib/gcc/arm-none-eabi/8.3.1/../../../../arm-none-eabi/lib/thumb/v7e-m+fp/hard/libc_nano.a(lib_a-findfp.o)
 .ARM.attributes
                0x0000000000000468       0x34 /opt/homebrew/Cellar/arm-gcc-bin@8/8-2019-q3-update_2/bin/../lib/gcc/arm-none-eabi/8.3.1/../../../../arm-none-eabi/lib/thumb/v7e-m+fp/hard/libc_nano.a(lib_a-fwalk.o)
 .ARM.attributes
                0x000000000000049c       0x34 /opt/homebrew/Cellar/arm-gcc-bin@8/8-2019-q3-update_2/bin/../lib/gcc/arm-none-eabi/8.3.1/../../../../arm-none-eabi/lib/thumb/v7e-m+fp/hard/libc_nano.a(lib_a-lock.o)
 .ARM.attributes
                0x00000000000004d0       0x34 /opt/homebrew/Cellar/arm-gcc-bin@8/8-2019-q3-update_2/bin/../lib/gcc/arm-none-eabi/8.3.1/../../../../arm-none-eabi/lib/thumb/v7e-m+fp/hard/libc_nano.a(lib_a-nano-mallocr.o)
 .ARM.attributes
                0x0000000000000504       0x34 /opt/homebrew/Cellar/arm-gcc-bin@8/8-2019-q3-update_2/bin/../lib/gcc/arm-none-eabi/8.3.1/../../../../arm-none-eabi/lib/thumb/v7e-m+fp/hard/libc_nano.a(lib_a-nano-vfprintf.o)
 .ARM.attributes
                0x0000000000000538       0x34 /opt/homebrew/Cellar/arm-gcc-bin@8/8-2019-q3-update_2/bin/../lib/gcc/arm-none-eabi/8.3.1/../../../../arm-none-eabi/lib/thumb/v7e-m+fp/hard/libc_nano.a(lib_a-nano-vfprintf_i.o)
 .ARM.attributes
                0x000000000000056c       0x34 /opt/homebrew/Cellar/arm-gcc-bin@8/8-2019-q3-update_2/bin/../lib/gcc/arm-none-eabi/8.3.1/../../../../arm-none-eabi/lib/thumb/v7e-m+fp/hard/libc_nano.a(lib_a-sbrkr.o)
 .ARM.attributes
                0x00000000000005a0       0x34 /opt/homebrew/Cellar/arm-gcc-bin@8/8-2019-q3-update_2/bin/../lib/gcc/arm-none-eabi/8.3.1/../../../../arm-none-eabi/lib/thumb/v7e-m+fp/hard/libc_nano.a(lib_a-stdio.o)
 .ARM.attributes
                0x00000000000005d4       0x34 /opt/homebrew/Cellar/arm-gcc-bin@8/8-2019-q3-update_2/bin/../lib/gcc/arm-none-eabi/8.3.1/../../../../arm-none-eabi/lib/thumb/v7e-m+fp/hard/libc_nano.a(lib_a-wbuf.o)
 .ARM.attributes
                0x0000000000000608       0x34 /opt/homebrew/Cellar/arm-gcc-bin@8/8-2019-q3-update_2/bin/../lib/gcc/arm-none-eabi/8.3.1/../../../../arm-none-eabi/lib/thumb/v7e-m+fp/hard/libc_nano.a(lib_a-writer.o)
 .ARM.attributes
                0x000000000000063c       0x34 /opt/homebrew/Cellar/arm-gcc-bin@8/8-2019-q3-update_2/bin/../lib/gcc/arm-none-eabi/8.3.1/../../../../arm-none-eabi/lib/thumb/v7e-m+fp/hard/libc_nano.a(lib_a-wsetup.o)
 .ARM.attributes
                0x0000000000000670       0x34 /opt/homebrew/Cellar/arm-gcc-bin@8/8-2019-q3-update_2/bin/../lib/gcc/arm-none-eabi/8.3.1/../../../../arm-none-eabi/lib/thumb/v7e-m+fp/hard/libc_nano.a(lib_a-closer.o)
 .ARM.attributes
                0x00000000000006a4       0x34 /opt/homebrew/Cellar/arm-gcc-bin@8/8-2019-q3-update_2/bin/../lib/gcc/arm-none-eabi/8.3.1/../../../../arm-none-eabi/lib/thumb/v7e-m+fp/hard/libc_nano.a(lib_a-fflush.o)
 .ARM.attributes
                0x00000000000006d8       0x34 /opt/homebrew/Cellar/arm-gcc-bin@8/8-2019-q3-update_2/bin/../lib/gcc/arm-none-eabi/8.3.1/../../../../arm-none-eabi/lib/thumb/v7e-m+fp/hard/libc_nano.a(lib_a-lseekr.o)
 .ARM.attributes
                0x000000000000070c       0x34 /opt/homebrew/Cellar/arm-gcc-bin@8/8-2019-q3-update_2/bin/../lib/gcc/arm-none-eabi/8.3.1/../../../../arm-none-eabi/lib/thumb/v7e-m+fp/hard/libc_nano.a(lib_a-makebuf.o)
 .ARM.attributes
                0x0000000000000740       0x1c /opt/homebrew/Cellar/arm-gcc-bin@8/8-2019-q3-update_2/bin/../lib/gcc/arm-none-eabi/8.3.1/../../../../arm-none-eabi/lib/thumb/v7e-m+fp/hard/libc_nano.a(lib_a-memchr.o)
 .ARM.attributes
                0x000000000000075c       0x34 /opt/homebrew/Cellar/arm-gcc-bin@8/8-2019-q3-update_2/bin/../lib/gcc/arm-none-eabi/8.3.1/../../../../arm-none-eabi/lib/thumb/v7e-m+fp/hard/libc_nano.a(lib_a-mlock.o)
 .ARM.attributes
                0x0000000000000790       0x34 /opt/homebrew/Cellar/arm-gcc-bin@8/8-2019-q3-update_2/bin/../lib/gcc/arm-none-eabi/8.3.1/../../../../arm-none-eabi/lib/thumb/v7e-m+fp/hard/libc_nano.a(lib_a-nano-freer.o)
 .ARM.attributes
                0x00000000000007c4       0x34 /opt/homebrew/Cellar/arm-gcc-bin@8/8-2019-q3-update_2/bin/../lib/gcc/arm-none-eabi/8.3.1/../../../../arm-none-eabi/lib/thumb/v7e-m+fp/hard/libc_nano.a(lib_a-readr.o)
 .ARM.attributes
                0x00000000000007f8       0x34 /opt/homebrew/Cellar/arm-gcc-bin@8/8-2019-q3-update_2/bin/../lib/gcc/arm-none-eabi/8.3.1/../../../../arm-none-eabi/lib/thumb/v7e-m+fp/hard/libc_nano.a(lib_a-reent.o)
 .ARM.attributes
                0x000000000000082c       0x34 /opt/homebrew/Cellar/arm-gcc-bin@8/8-2019-q3-update_2/bin/../lib/gcc/arm-none-eabi/8.3.1/../../../../arm-none-eabi/lib/thumb/v7e-m+fp/hard/libc_nano.a(lib_a-fstatr.o)
 .ARM.attributes
                0x0000000000000860       0x34 /opt/homebrew/Cellar/arm-gcc-bin@8/8-2019-q3-update_2/bin/../lib/gcc/arm-none-eabi/8.3.1/../../../../arm-none-eabi/lib/thumb/v7e-m+fp/hard/libc_nano.a(lib_a-isattyr.o)
 .ARM.attributes
                0x0000000000000894       0x34 /opt/homebrew/Cellar/arm-gcc-bin@8/8-2019-q3-update_2/bin/../lib/gcc/arm-none-eabi/8.3.1/../../../../arm-none-eabi/lib/thumb/v7e-m+fp/hard/libnosys.a(close.o)
 .ARM.attributes
                0x00000000000008c8       0x34 /opt/homebrew/Cellar/arm-gcc-bin@8/8-2019-q3-update_2/bin/../lib/gcc/arm-none-eabi/8.3.1/../../../../arm-none-eabi/lib/thumb/v7e-m+fp/hard/libnosys.a(fstat.o)
 .ARM.attributes
                0x00000000000008fc       0x34 /opt/homebrew/Cellar/arm-gcc-bin@8/8-2019-q3-update_2/bin/../lib/gcc/arm-none-eabi/8.3.1/../../../../arm-none-eabi/lib/thumb/v7e-m+fp/hard/libnosys.a(isatty.o)
 .ARM.attributes
                0x0000000000000930       0x34 /opt/homebrew/Cellar/arm-gcc-bin@8/8-2019-q3-update_2/bin/../lib/gcc/arm-none-eabi/8.3.1/../../../../arm-none-eabi/lib/thumb/v7e-m+fp/hard/libnosys.a(lseek.o)
 .ARM.attributes
                0x0000000000000964       0x34 /opt/homebrew/Cellar/arm-gcc-bin@8/8-2019-q3-update_2/bin/../lib/gcc/arm-none-eabi/8.3.1/../../../../arm-none-eabi/lib/thumb/v7e-m+fp/hard/libnosys.a(sbrk.o)
 .ARM.attributes
                0x0000000000000998       0x34 /opt/homebrew/Cellar/arm-gcc-bin@8/8-2019-q3-update_2/bin/../lib/gcc/arm-none-eabi/8.3.1/../../../../arm-none-eabi/lib/thumb/v7e-m+fp/hard/libnosys.a(_exit.o)
 .ARM.attributes
                0x00000000000009cc       0x32 /opt/homebrew/Cellar/arm-gcc-bin@8/8-2019-q3-update_2/bin/../lib/gcc/arm-none-eabi/8.3.1/thumb/v7e-m+fp/hard/crtend.o
 .ARM.attributes
                0x00000000000009fe       0x1e /opt/homebrew/Cellar/arm-gcc-bin@8/8-2019-q3-update_2/bin/../lib/gcc/arm-none-eabi/8.3.1/thumb/v7e-m+fp/hard/crtn.o

.comment        0x0000000000000000       0x76
 .comment       0x0000000000000000       0x76 _build/nrf52832_xxaa/boards.c.o
                                         0x77 (size before relaxing)
 .comment       0x0000000000000076       0x77 _build/nrf52832_xxaa/app_error.c.o
 .comment       0x0000000000000076       0x77 _build/nrf52832_xxaa/app_error_weak.c.o
 .comment       0x0000000000000076       0x77 _build/nrf52832_xxaa/app_fifo.c.o
 .comment       0x0000000000000076       0x77 _build/nrf52832_xxaa/app_uart_fifo.c.o
 .comment       0x0000000000000076       0x77 _build/nrf52832_xxaa/app_util_platform.c.o
 .comment       0x0000000000000076       0x77 _build/nrf52832_xxaa/retarget.c.o
 .comment       0x0000000000000076       0x77 _build/nrf52832_xxaa/nrf_drv_uart.c.o
 .comment       0x0000000000000076       0x77 _build/nrf52832_xxaa/nrfx_prs.c.o
 .comment       0x0000000000000076       0x77 _build/nrf52832_xxaa/nrfx_uart.c.o
 .comment       0x0000000000000076       0x77 _build/nrf52832_xxaa/nrfx_uarte.c.o
 .comment       0x0000000000000076       0x77 _build/nrf52832_xxaa/main.c.o
 .comment       0x0000000000000076       0x77 _build/nrf52832_xxaa/system_nrf52.c.o

.debug_line     0x0000000000000000     0x9e66
 .debug_line    0x0000000000000000       0x86 _build/nrf52832_xxaa/gcc_startup_nrf52.S.o
 .debug_line    0x0000000000000086      0xfc9 _build/nrf52832_xxaa/boards.c.o
 .debug_line    0x000000000000104f      0x5aa _build/nrf52832_xxaa/app_error.c.o
 .debug_line    0x00000000000015f9      0x785 _build/nrf52832_xxaa/app_error_weak.c.o
 .debug_line    0x0000000000001d7e      0x8bf _build/nrf52832_xxaa/app_fifo.c.o
 .debug_line    0x000000000000263d      0xcd3 _build/nrf52832_xxaa/app_uart_fifo.c.o
 .debug_line    0x0000000000003310      0x67c _build/nrf52832_xxaa/app_util_platform.c.o
 .debug_line    0x000000000000398c      0x5cd _build/nrf52832_xxaa/retarget.c.o
 .debug_line    0x0000000000003f59      0x838 _build/nrf52832_xxaa/nrf_drv_uart.c.o
 .debug_line    0x0000000000004791      0x8de _build/nrf52832_xxaa/nrfx_prs.c.o
 .debug_line    0x000000000000506f     0x1d90 _build/nrf52832_xxaa/nrfx_uart.c.o
 .debug_line    0x0000000000006dff     0x1d55 _build/nrf52832_xxaa/nrfx_uarte.c.o
 .debug_line    0x0000000000008b54      0x8a2 _build/nrf52832_xxaa/main.c.o
 .debug_line    0x00000000000093f6      0xa70 _build/nrf52832_xxaa/system_nrf52.c.o

.debug_info     0x0000000000000000    0x1523b
 .debug_info    0x0000000000000000       0x26 _build/nrf52832_xxaa/gcc_startup_nrf52.S.o
 .debug_info    0x0000000000000026     0x16cd _build/nrf52832_xxaa/boards.c.o
 .debug_info    0x00000000000016f3      0xb94 _build/nrf52832_xxaa/app_error.c.o
 .debug_info    0x0000000000002287      0xf2e _build/nrf52832_xxaa/app_error_weak.c.o
 .debug_info    0x00000000000031b5      0xfd7 _build/nrf52832_xxaa/app_fifo.c.o
 .debug_info    0x000000000000418c     0x217a _build/nrf52832_xxaa/app_uart_fifo.c.o
 .debug_info    0x0000000000006306     0x10df _build/nrf52832_xxaa/app_util_platform.c.o
 .debug_info    0x00000000000073e5      0xaa0 _build/nrf52832_xxaa/retarget.c.o
 .debug_info    0x0000000000007e85     0x1a9c _build/nrf52832_xxaa/nrf_drv_uart.c.o
 .debug_info    0x0000000000009921     0x1198 _build/nrf52832_xxaa/nrfx_prs.c.o
 .debug_info    0x000000000000aab9     0x418e _build/nrf52832_xxaa/nrfx_uart.c.o
 .debug_info    0x000000000000ec47     0x40df _build/nrf52832_xxaa/nrfx_uarte.c.o
 .debug_info    0x0000000000012d26      0xdec _build/nrf52832_xxaa/main.c.o
 .debug_info    0x0000000000013b12     0x1729 _build/nrf52832_xxaa/system_nrf52.c.o

.debug_abbrev   0x0000000000000000     0x2d9b
 .debug_abbrev  0x0000000000000000       0x14 _build/nrf52832_xxaa/gcc_startup_nrf52.S.o
 .debug_abbrev  0x0000000000000014      0x403 _build/nrf52832_xxaa/boards.c.o
 .debug_abbrev  0x0000000000000417      0x276 _build/nrf52832_xxaa/app_error.c.o
 .debug_abbrev  0x000000000000068d      0x2c6 _build/nrf52832_xxaa/app_error_weak.c.o
 .debug_abbrev  0x0000000000000953      0x2da _build/nrf52832_xxaa/app_fifo.c.o
 .debug_abbrev  0x0000000000000c2d      0x41f _build/nrf52832_xxaa/app_uart_fifo.c.o
 .debug_abbrev  0x000000000000104c      0x383 _build/nrf52832_xxaa/app_util_platform.c.o
 .debug_abbrev  0x00000000000013cf      0x24e _build/nrf52832_xxaa/retarget.c.o
 .debug_abbrev  0x000000000000161d      0x2da _build/nrf52832_xxaa/nrf_drv_uart.c.o
 .debug_abbrev  0x00000000000018f7      0x360 _build/nrf52832_xxaa/nrfx_prs.c.o
 .debug_abbrev  0x0000000000001c57      0x5a8 _build/nrf52832_xxaa/nrfx_uart.c.o
 .debug_abbrev  0x00000000000021ff      0x579 _build/nrf52832_xxaa/nrfx_uarte.c.o
 .debug_abbrev  0x0000000000002778      0x2cc _build/nrf52832_xxaa/main.c.o
 .debug_abbrev  0x0000000000002a44      0x357 _build/nrf52832_xxaa/system_nrf52.c.o

.debug_aranges  0x0000000000000000      0x388
 .debug_aranges
                0x0000000000000000       0x20 _build/nrf52832_xxaa/gcc_startup_nrf52.S.o
 .debug_aranges
                0x0000000000000020       0x78 _build/nrf52832_xxaa/boards.c.o
 .debug_aranges
                0x0000000000000098       0x28 _build/nrf52832_xxaa/app_error.c.o
 .debug_aranges
                0x00000000000000c0       0x20 _build/nrf52832_xxaa/app_error_weak.c.o
 .debug_aranges
                0x00000000000000e0       0x50 _build/nrf52832_xxaa/app_fifo.c.o
 .debug_aranges
                0x0000000000000130       0x48 _build/nrf52832_xxaa/app_uart_fifo.c.o
 .debug_aranges
                0x0000000000000178       0x48 _build/nrf52832_xxaa/app_util_platform.c.o
 .debug_aranges
                0x00000000000001c0       0x28 _build/nrf52832_xxaa/retarget.c.o
 .debug_aranges
                0x00000000000001e8       0x30 _build/nrf52832_xxaa/nrf_drv_uart.c.o
 .debug_aranges
                0x0000000000000218       0x30 _build/nrf52832_xxaa/nrfx_prs.c.o
 .debug_aranges
                0x0000000000000248       0x78 _build/nrf52832_xxaa/nrfx_uart.c.o
 .debug_aranges
                0x00000000000002c0       0x68 _build/nrf52832_xxaa/nrfx_uarte.c.o
 .debug_aranges
                0x0000000000000328       0x28 _build/nrf52832_xxaa/main.c.o
 .debug_aranges
                0x0000000000000350       0x38 _build/nrf52832_xxaa/system_nrf52.c.o

.debug_str      0x0000000000000000    0x7ebaa
 .debug_str     0x0000000000000000       0xb4 _build/nrf52832_xxaa/gcc_startup_nrf52.S.o
 .debug_str     0x00000000000000b4    0x6f8b5 _build/nrf52832_xxaa/boards.c.o
                                      0x7078d (size before relaxing)
 .debug_str     0x000000000006f969      0x116 _build/nrf52832_xxaa/app_error.c.o
                                      0x629d0 (size before relaxing)
 .debug_str     0x000000000006fa7f     0x32a1 _build/nrf52832_xxaa/app_error_weak.c.o
                                      0x6fa45 (size before relaxing)
 .debug_str     0x0000000000072d20      0x224 _build/nrf52832_xxaa/app_fifo.c.o
                                      0x6c08b (size before relaxing)
 .debug_str     0x0000000000072f44     0x1688 _build/nrf52832_xxaa/app_uart_fifo.c.o
                                      0x70f77 (size before relaxing)
 .debug_str     0x00000000000745cc      0x339 _build/nrf52832_xxaa/app_util_platform.c.o
                                      0x631e8 (size before relaxing)
 .debug_str     0x0000000000074905       0x3e _build/nrf52832_xxaa/retarget.c.o
                                      0x6cedc (size before relaxing)
 .debug_str     0x0000000000074943      0x481 _build/nrf52832_xxaa/nrf_drv_uart.c.o
                                      0x70653 (size before relaxing)
 .debug_str     0x0000000000074dc4      0x652 _build/nrf52832_xxaa/nrfx_prs.c.o
                                      0x72723 (size before relaxing)
 .debug_str     0x0000000000075416      0x75d _build/nrf52832_xxaa/nrfx_uart.c.o
                                      0x738da (size before relaxing)
 .debug_str     0x0000000000075b73      0x94b _build/nrf52832_xxaa/nrfx_uarte.c.o
                                      0x73d62 (size before relaxing)
 .debug_str     0x00000000000764be      0x38a _build/nrf52832_xxaa/main.c.o
                                      0x70ce3 (size before relaxing)
 .debug_str     0x0000000000076848     0x8362 _build/nrf52832_xxaa/system_nrf52.c.o
                                      0x66edd (size before relaxing)

.debug_loc      0x0000000000000000     0x6960
 .debug_loc     0x0000000000000000      0xd31 _build/nrf52832_xxaa/boards.c.o
 .debug_loc     0x0000000000000d31       0xc9 _build/nrf52832_xxaa/app_error.c.o
 .debug_loc     0x0000000000000dfa       0x4a _build/nrf52832_xxaa/app_error_weak.c.o
 .debug_loc     0x0000000000000e44      0x783 _build/nrf52832_xxaa/app_fifo.c.o
 .debug_loc     0x00000000000015c7      0x934 _build/nrf52832_xxaa/app_uart_fifo.c.o
 .debug_loc     0x0000000000001efb      0x11a _build/nrf52832_xxaa/app_util_platform.c.o
 .debug_loc     0x0000000000002015      0x107 _build/nrf52832_xxaa/retarget.c.o
 .debug_loc     0x000000000000211c      0x1e6 _build/nrf52832_xxaa/nrf_drv_uart.c.o
 .debug_loc     0x0000000000002302      0x11e _build/nrf52832_xxaa/nrfx_prs.c.o
 .debug_loc     0x0000000000002420     0x2026 _build/nrf52832_xxaa/nrfx_uart.c.o
 .debug_loc     0x0000000000004446     0x1f46 _build/nrf52832_xxaa/nrfx_uarte.c.o
 .debug_loc     0x000000000000638c       0x69 _build/nrf52832_xxaa/main.c.o
 .debug_loc     0x00000000000063f5      0x56b _build/nrf52832_xxaa/system_nrf52.c.o

.debug_ranges   0x0000000000000000     0x1ed8
 .debug_ranges  0x0000000000000000      0x988 _build/nrf52832_xxaa/boards.c.o
 .debug_ranges  0x0000000000000988       0x18 _build/nrf52832_xxaa/app_error.c.o
 .debug_ranges  0x00000000000009a0       0x10 _build/nrf52832_xxaa/app_error_weak.c.o
 .debug_ranges  0x00000000000009b0      0x160 _build/nrf52832_xxaa/app_fifo.c.o
 .debug_ranges  0x0000000000000b10      0x158 _build/nrf52832_xxaa/app_uart_fifo.c.o
 .debug_ranges  0x0000000000000c68       0x38 _build/nrf52832_xxaa/app_util_platform.c.o
 .debug_ranges  0x0000000000000ca0       0x18 _build/nrf52832_xxaa/retarget.c.o
 .debug_ranges  0x0000000000000cb8       0x20 _build/nrf52832_xxaa/nrf_drv_uart.c.o
 .debug_ranges  0x0000000000000cd8       0x50 _build/nrf52832_xxaa/nrfx_prs.c.o
 .debug_ranges  0x0000000000000d28      0x7f0 _build/nrf52832_xxaa/nrfx_uart.c.o
 .debug_ranges  0x0000000000001518      0x7f0 _build/nrf52832_xxaa/nrfx_uarte.c.o
 .debug_ranges  0x0000000000001d08       0x50 _build/nrf52832_xxaa/main.c.o
 .debug_ranges  0x0000000000001d58      0x180 _build/nrf52832_xxaa/system_nrf52.c.o

.debug_macro    0x0000000000000000     0x5aa1
 .debug_macro   0x0000000000000000      0x33e _build/nrf52832_xxaa/boards.c.o
 .debug_macro   0x000000000000033e      0x101 _build/nrf52832_xxaa/boards.c.o
 .debug_macro   0x000000000000043f       0x40 _build/nrf52832_xxaa/boards.c.o
 .debug_macro   0x000000000000047f      0x3dc _build/nrf52832_xxaa/boards.c.o
 .debug_macro   0x000000000000085b       0x59 _build/nrf52832_xxaa/boards.c.o
 .debug_macro   0x00000000000008b4      0x137 _build/nrf52832_xxaa/boards.c.o
 .debug_macro   0x00000000000009eb      0x12b _build/nrf52832_xxaa/boards.c.o
 .debug_macro   0x0000000000000b16       0x3f _build/nrf52832_xxaa/boards.c.o
 .debug_macro   0x0000000000000b55       0x16 _build/nrf52832_xxaa/boards.c.o
 .debug_macro   0x0000000000000b6b      0x356 _build/nrf52832_xxaa/boards.c.o
 .debug_macro   0x0000000000000ec1       0x10 _build/nrf52832_xxaa/boards.c.o
 .debug_macro   0x0000000000000ed1       0xbe _build/nrf52832_xxaa/boards.c.o
 .debug_macro   0x0000000000000f8f       0x16 _build/nrf52832_xxaa/boards.c.o
 .debug_macro   0x0000000000000fa5      0x129 _build/nrf52832_xxaa/boards.c.o
 .debug_macro   0x00000000000010ce       0x49 _build/nrf52832_xxaa/boards.c.o
 .debug_macro   0x0000000000001117       0x8c _build/nrf52832_xxaa/boards.c.o
 .debug_macro   0x00000000000011a3       0x19 _build/nrf52832_xxaa/boards.c.o
 .debug_macro   0x00000000000011bc       0x1d _build/nrf52832_xxaa/boards.c.o
 .debug_macro   0x00000000000011d9       0x35 _build/nrf52832_xxaa/boards.c.o
 .debug_macro   0x000000000000120e       0x7b _build/nrf52832_xxaa/boards.c.o
 .debug_macro   0x0000000000001289       0x64 _build/nrf52832_xxaa/boards.c.o
 .debug_macro   0x00000000000012ed       0x20 _build/nrf52832_xxaa/boards.c.o
 .debug_macro   0x000000000000130d       0x1c _build/nrf52832_xxaa/boards.c.o
 .debug_macro   0x0000000000001329      0x25a _build/nrf52832_xxaa/boards.c.o
 .debug_macro   0x0000000000001583      0x16d _build/nrf52832_xxaa/boards.c.o
 .debug_macro   0x00000000000016f0      0x21d _build/nrf52832_xxaa/app_error.c.o
 .debug_macro   0x000000000000190d       0x97 _build/nrf52832_xxaa/app_error.c.o
 .debug_macro   0x00000000000019a4       0xf6 _build/nrf52832_xxaa/app_error.c.o
 .debug_macro   0x0000000000001a9a      0x312 _build/nrf52832_xxaa/app_error_weak.c.o
 .debug_macro   0x0000000000001dac       0xfb _build/nrf52832_xxaa/app_error_weak.c.o
 .debug_macro   0x0000000000001ea7       0x16 _build/nrf52832_xxaa/app_error_weak.c.o
 .debug_macro   0x0000000000001ebd       0x31 _build/nrf52832_xxaa/app_error_weak.c.o
 .debug_macro   0x0000000000001eee       0x16 _build/nrf52832_xxaa/app_error_weak.c.o
 .debug_macro   0x0000000000001f04       0x55 _build/nrf52832_xxaa/app_error_weak.c.o
 .debug_macro   0x0000000000001f59      0x17f _build/nrf52832_xxaa/app_error_weak.c.o
 .debug_macro   0x00000000000020d8       0x9a _build/nrf52832_xxaa/app_error_weak.c.o
 .debug_macro   0x0000000000002172       0x28 _build/nrf52832_xxaa/app_error_weak.c.o
 .debug_macro   0x000000000000219a       0x23 _build/nrf52832_xxaa/app_error_weak.c.o
 .debug_macro   0x00000000000021bd       0x1c _build/nrf52832_xxaa/app_error_weak.c.o
 .debug_macro   0x00000000000021d9       0x92 _build/nrf52832_xxaa/app_error_weak.c.o
 .debug_macro   0x000000000000226b      0x24c _build/nrf52832_xxaa/app_fifo.c.o
 .debug_macro   0x00000000000024b7       0x16 _build/nrf52832_xxaa/app_fifo.c.o
 .debug_macro   0x00000000000024cd       0x22 _build/nrf52832_xxaa/app_fifo.c.o
 .debug_macro   0x00000000000024ef      0x3e7 _build/nrf52832_xxaa/app_uart_fifo.c.o
 .debug_macro   0x00000000000028d6       0x18 _build/nrf52832_xxaa/app_uart_fifo.c.o
 .debug_macro   0x00000000000028ee       0x10 _build/nrf52832_xxaa/app_uart_fifo.c.o
 .debug_macro   0x00000000000028fe       0x10 _build/nrf52832_xxaa/app_uart_fifo.c.o
 .debug_macro   0x000000000000290e       0x10 _build/nrf52832_xxaa/app_uart_fifo.c.o
 .debug_macro   0x000000000000291e       0x10 _build/nrf52832_xxaa/app_uart_fifo.c.o
 .debug_macro   0x000000000000292e       0x10 _build/nrf52832_xxaa/app_uart_fifo.c.o
 .debug_macro   0x000000000000293e       0x3f _build/nrf52832_xxaa/app_uart_fifo.c.o
 .debug_macro   0x000000000000297d      0x239 _build/nrf52832_xxaa/app_util_platform.c.o
 .debug_macro   0x0000000000002bb6       0xe9 _build/nrf52832_xxaa/app_util_platform.c.o
 .debug_macro   0x0000000000002c9f      0x2a1 _build/nrf52832_xxaa/retarget.c.o
 .debug_macro   0x0000000000002f40      0x367 _build/nrf52832_xxaa/nrf_drv_uart.c.o
 .debug_macro   0x00000000000032a7      0x3ca _build/nrf52832_xxaa/nrfx_prs.c.o
 .debug_macro   0x0000000000003671       0x28 _build/nrf52832_xxaa/nrfx_prs.c.o
 .debug_macro   0x0000000000003699       0x1c _build/nrf52832_xxaa/nrfx_prs.c.o
 .debug_macro   0x00000000000036b5       0x37 _build/nrf52832_xxaa/nrfx_prs.c.o
 .debug_macro   0x00000000000036ec       0x10 _build/nrf52832_xxaa/nrfx_prs.c.o
 .debug_macro   0x00000000000036fc      0x179 _build/nrf52832_xxaa/nrfx_prs.c.o
 .debug_macro   0x0000000000003875       0x42 _build/nrf52832_xxaa/nrfx_prs.c.o
 .debug_macro   0x00000000000038b7      0x3e5 _build/nrf52832_xxaa/nrfx_uart.c.o
 .debug_macro   0x0000000000003c9c       0x22 _build/nrf52832_xxaa/nrfx_uart.c.o
 .debug_macro   0x0000000000003cbe      0x403 _build/nrf52832_xxaa/nrfx_uarte.c.o
 .debug_macro   0x00000000000040c1      0x395 _build/nrf52832_xxaa/main.c.o
 .debug_macro   0x0000000000004456      0x151 _build/nrf52832_xxaa/system_nrf52.c.o
 .debug_macro   0x00000000000045a7      0x44e _build/nrf52832_xxaa/system_nrf52.c.o
 .debug_macro   0x00000000000049f5      0xa28 _build/nrf52832_xxaa/system_nrf52.c.o
 .debug_macro   0x000000000000541d      0x520 _build/nrf52832_xxaa/system_nrf52.c.o
 .debug_macro   0x000000000000593d      0x164 _build/nrf52832_xxaa/system_nrf52.c.o

.debug_frame    0x0000000000000000     0x1174
 .debug_frame   0x0000000000000000       0xf4 _build/nrf52832_xxaa/boards.c.o
 .debug_frame   0x00000000000000f4       0x54 _build/nrf52832_xxaa/app_error.c.o
 .debug_frame   0x0000000000000148       0x20 _build/nrf52832_xxaa/app_error_weak.c.o
 .debug_frame   0x0000000000000168      0x110 _build/nrf52832_xxaa/app_fifo.c.o
 .debug_frame   0x0000000000000278       0xe8 _build/nrf52832_xxaa/app_uart_fifo.c.o
 .debug_frame   0x0000000000000360       0x70 _build/nrf52832_xxaa/app_util_platform.c.o
 .debug_frame   0x00000000000003d0       0x44 _build/nrf52832_xxaa/retarget.c.o
 .debug_frame   0x0000000000000414       0x7c _build/nrf52832_xxaa/nrf_drv_uart.c.o
 .debug_frame   0x0000000000000490       0x4c _build/nrf52832_xxaa/nrfx_prs.c.o
 .debug_frame   0x00000000000004dc      0x18c _build/nrf52832_xxaa/nrfx_uart.c.o
 .debug_frame   0x0000000000000668      0x19c _build/nrf52832_xxaa/nrfx_uarte.c.o
 .debug_frame   0x0000000000000804       0x3c _build/nrf52832_xxaa/main.c.o
 .debug_frame   0x0000000000000840       0x60 _build/nrf52832_xxaa/system_nrf52.c.o
 .debug_frame   0x00000000000008a0       0x28 /opt/homebrew/Cellar/arm-gcc-bin@8/8-2019-q3-update_2/bin/../lib/gcc/arm-none-eabi/8.3.1/../../../../arm-none-eabi/lib/thumb/v7e-m+fp/hard/libc_nano.a(lib_a-exit.o)
 .debug_frame   0x00000000000008c8       0x2c /opt/homebrew/Cellar/arm-gcc-bin@8/8-2019-q3-update_2/bin/../lib/gcc/arm-none-eabi/8.3.1/../../../../arm-none-eabi/lib/thumb/v7e-m+fp/hard/libc_nano.a(lib_a-init.o)
 .debug_frame   0x00000000000008f4       0x20 /opt/homebrew/Cellar/arm-gcc-bin@8/8-2019-q3-update_2/bin/../lib/gcc/arm-none-eabi/8.3.1/../../../../arm-none-eabi/lib/thumb/v7e-m+fp/hard/libc_nano.a(lib_a-memset.o)
 .debug_frame   0x0000000000000914       0x74 /opt/homebrew/Cellar/arm-gcc-bin@8/8-2019-q3-update_2/bin/../lib/gcc/arm-none-eabi/8.3.1/../../../../arm-none-eabi/lib/thumb/v7e-m+fp/hard/libc_nano.a(lib_a-printf.o)
 .debug_frame   0x0000000000000988      0x14c /opt/homebrew/Cellar/arm-gcc-bin@8/8-2019-q3-update_2/bin/../lib/gcc/arm-none-eabi/8.3.1/../../../../arm-none-eabi/lib/thumb/v7e-m+fp/hard/libc_nano.a(lib_a-findfp.o)
 .debug_frame   0x0000000000000ad4       0x54 /opt/homebrew/Cellar/arm-gcc-bin@8/8-2019-q3-update_2/bin/../lib/gcc/arm-none-eabi/8.3.1/../../../../arm-none-eabi/lib/thumb/v7e-m+fp/hard/libc_nano.a(lib_a-fwalk.o)
 .debug_frame   0x0000000000000b28       0xb0 /opt/homebrew/Cellar/arm-gcc-bin@8/8-2019-q3-update_2/bin/../lib/gcc/arm-none-eabi/8.3.1/../../../../arm-none-eabi/lib/thumb/v7e-m+fp/hard/libc_nano.a(lib_a-lock.o)
 .debug_frame   0x0000000000000bd8       0x30 /opt/homebrew/Cellar/arm-gcc-bin@8/8-2019-q3-update_2/bin/../lib/gcc/arm-none-eabi/8.3.1/../../../../arm-none-eabi/lib/thumb/v7e-m+fp/hard/libc_nano.a(lib_a-nano-mallocr.o)
 .debug_frame   0x0000000000000c08       0xac /opt/homebrew/Cellar/arm-gcc-bin@8/8-2019-q3-update_2/bin/../lib/gcc/arm-none-eabi/8.3.1/../../../../arm-none-eabi/lib/thumb/v7e-m+fp/hard/libc_nano.a(lib_a-nano-vfprintf.o)
 .debug_frame   0x0000000000000cb4       0x60 /opt/homebrew/Cellar/arm-gcc-bin@8/8-2019-q3-update_2/bin/../lib/gcc/arm-none-eabi/8.3.1/../../../../arm-none-eabi/lib/thumb/v7e-m+fp/hard/libc_nano.a(lib_a-nano-vfprintf_i.o)
 .debug_frame   0x0000000000000d14       0x2c /opt/homebrew/Cellar/arm-gcc-bin@8/8-2019-q3-update_2/bin/../lib/gcc/arm-none-eabi/8.3.1/../../../../arm-none-eabi/lib/thumb/v7e-m+fp/hard/libc_nano.a(lib_a-sbrkr.o)
 .debug_frame   0x0000000000000d40       0x88 /opt/homebrew/Cellar/arm-gcc-bin@8/8-2019-q3-update_2/bin/../lib/gcc/arm-none-eabi/8.3.1/../../../../arm-none-eabi/lib/thumb/v7e-m+fp/hard/libc_nano.a(lib_a-stdio.o)
 .debug_frame   0x0000000000000dc8       0x40 /opt/homebrew/Cellar/arm-gcc-bin@8/8-2019-q3-update_2/bin/../lib/gcc/arm-none-eabi/8.3.1/../../../../arm-none-eabi/lib/thumb/v7e-m+fp/hard/libc_nano.a(lib_a-wbuf.o)
 .debug_frame   0x0000000000000e08       0x2c /opt/homebrew/Cellar/arm-gcc-bin@8/8-2019-q3-update_2/bin/../lib/gcc/arm-none-eabi/8.3.1/../../../../arm-none-eabi/lib/thumb/v7e-m+fp/hard/libc_nano.a(lib_a-writer.o)
 .debug_frame   0x0000000000000e34       0x2c /opt/homebrew/Cellar/arm-gcc-bin@8/8-2019-q3-update_2/bin/../lib/gcc/arm-none-eabi/8.3.1/../../../../arm-none-eabi/lib/thumb/v7e-m+fp/hard/libc_nano.a(lib_a-wsetup.o)
 .debug_frame   0x0000000000000e60       0x2c /opt/homebrew/Cellar/arm-gcc-bin@8/8-2019-q3-update_2/bin/../lib/gcc/arm-none-eabi/8.3.1/../../../../arm-none-eabi/lib/thumb/v7e-m+fp/hard/libc_nano.a(lib_a-closer.o)
 .debug_frame   0x0000000000000e8c       0x5c /opt/homebrew/Cellar/arm-gcc-bin@8/8-2019-q3-update_2/bin/../lib/gcc/arm-none-eabi/8.3.1/../../../../arm-none-eabi/lib/thumb/v7e-m+fp/hard/libc_nano.a(lib_a-fflush.o)
 .debug_frame   0x0000000000000ee8       0x2c /opt/homebrew/Cellar/arm-gcc-bin@8/8-2019-q3-update_2/bin/../lib/gcc/arm-none-eabi/8.3.1/../../../../arm-none-eabi/lib/thumb/v7e-m+fp/hard/libc_nano.a(lib_a-lseekr.o)
 .debug_frame   0x0000000000000f14       0x58 /opt/homebrew/Cellar/arm-gcc-bin@8/8-2019-q3-update_2/bin/../lib/gcc/arm-none-eabi/8.3.1/../../../../arm-none-eabi/lib/thumb/v7e-m+fp/hard/libc_nano.a(lib_a-makebuf.o)
 .debug_frame   0x0000000000000f6c       0x30 /opt/homebrew/Cellar/arm-gcc-bin@8/8-2019-q3-update_2/bin/../lib/gcc/arm-none-eabi/8.3.1/../../../../arm-none-eabi/lib/thumb/v7e-m+fp/hard/libc_nano.a(lib_a-mlock.o)
 .debug_frame   0x0000000000000f9c       0x38 /opt/homebrew/Cellar/arm-gcc-bin@8/8-2019-q3-update_2/bin/../lib/gcc/arm-none-eabi/8.3.1/../../../../arm-none-eabi/lib/thumb/v7e-m+fp/hard/libc_nano.a(lib_a-nano-freer.o)
 .debug_frame   0x0000000000000fd4       0x2c /opt/homebrew/Cellar/arm-gcc-bin@8/8-2019-q3-update_2/bin/../lib/gcc/arm-none-eabi/8.3.1/../../../../arm-none-eabi/lib/thumb/v7e-m+fp/hard/libc_nano.a(lib_a-readr.o)
 .debug_frame   0x0000000000001000       0x5c /opt/homebrew/Cellar/arm-gcc-bin@8/8-2019-q3-update_2/bin/../lib/gcc/arm-none-eabi/8.3.1/../../../../arm-none-eabi/lib/thumb/v7e-m+fp/hard/libc_nano.a(lib_a-reent.o)
 .debug_frame   0x000000000000105c       0x2c /opt/homebrew/Cellar/arm-gcc-bin@8/8-2019-q3-update_2/bin/../lib/gcc/arm-none-eabi/8.3.1/../../../../arm-none-eabi/lib/thumb/v7e-m+fp/hard/libc_nano.a(lib_a-fstatr.o)
 .debug_frame   0x0000000000001088       0x2c /opt/homebrew/Cellar/arm-gcc-bin@8/8-2019-q3-update_2/bin/../lib/gcc/arm-none-eabi/8.3.1/../../../../arm-none-eabi/lib/thumb/v7e-m+fp/hard/libc_nano.a(lib_a-isattyr.o)
 .debug_frame   0x00000000000010b4       0x20 /opt/homebrew/Cellar/arm-gcc-bin@8/8-2019-q3-update_2/bin/../lib/gcc/arm-none-eabi/8.3.1/../../../../arm-none-eabi/lib/thumb/v7e-m+fp/hard/libnosys.a(close.o)
 .debug_frame   0x00000000000010d4       0x20 /opt/homebrew/Cellar/arm-gcc-bin@8/8-2019-q3-update_2/bin/../lib/gcc/arm-none-eabi/8.3.1/../../../../arm-none-eabi/lib/thumb/v7e-m+fp/hard/libnosys.a(fstat.o)
 .debug_frame   0x00000000000010f4       0x20 /opt/homebrew/Cellar/arm-gcc-bin@8/8-2019-q3-update_2/bin/../lib/gcc/arm-none-eabi/8.3.1/../../../../arm-none-eabi/lib/thumb/v7e-m+fp/hard/libnosys.a(isatty.o)
 .debug_frame   0x0000000000001114       0x20 /opt/homebrew/Cellar/arm-gcc-bin@8/8-2019-q3-update_2/bin/../lib/gcc/arm-none-eabi/8.3.1/../../../../arm-none-eabi/lib/thumb/v7e-m+fp/hard/libnosys.a(lseek.o)
 .debug_frame   0x0000000000001134       0x20 /opt/homebrew/Cellar/arm-gcc-bin@8/8-2019-q3-update_2/bin/../lib/gcc/arm-none-eabi/8.3.1/../../../../arm-none-eabi/lib/thumb/v7e-m+fp/hard/libnosys.a(sbrk.o)
 .debug_frame   0x0000000000001154       0x20 /opt/homebrew/Cellar/arm-gcc-bin@8/8-2019-q3-update_2/bin/../lib/gcc/arm-none-eabi/8.3.1/../../../../arm-none-eabi/lib/thumb/v7e-m+fp/hard/libnosys.a(_exit.o)

.stab           0x0000000000000000       0x6c
 .stab          0x0000000000000000       0x24 /opt/homebrew/Cellar/arm-gcc-bin@8/8-2019-q3-update_2/bin/../lib/gcc/arm-none-eabi/8.3.1/../../../../arm-none-eabi/lib/thumb/v7e-m+fp/hard/libnosys.a(close.o)
 .stab          0x0000000000000024       0x18 /opt/homebrew/Cellar/arm-gcc-bin@8/8-2019-q3-update_2/bin/../lib/gcc/arm-none-eabi/8.3.1/../../../../arm-none-eabi/lib/thumb/v7e-m+fp/hard/libnosys.a(fstat.o)
                                         0x24 (size before relaxing)
 .stab          0x000000000000003c       0x18 /opt/homebrew/Cellar/arm-gcc-bin@8/8-2019-q3-update_2/bin/../lib/gcc/arm-none-eabi/8.3.1/../../../../arm-none-eabi/lib/thumb/v7e-m+fp/hard/libnosys.a(isatty.o)
                                         0x24 (size before relaxing)
 .stab          0x0000000000000054       0x18 /opt/homebrew/Cellar/arm-gcc-bin@8/8-2019-q3-update_2/bin/../lib/gcc/arm-none-eabi/8.3.1/../../../../arm-none-eabi/lib/thumb/v7e-m+fp/hard/libnosys.a(lseek.o)
                                         0x24 (size before relaxing)

.stabstr        0x0000000000000000       0xe3
 .stabstr       0x0000000000000000       0xe3 /opt/homebrew/Cellar/arm-gcc-bin@8/8-2019-q3-update_2/bin/../lib/gcc/arm-none-eabi/8.3.1/../../../../arm-none-eabi/lib/thumb/v7e-m+fp/hard/libnosys.a(close.o)
