Archive member included to satisfy reference by file (symbol)

/opt/homebrew/Cellar/arm-gcc-bin@8/8-2019-q3-update_2/bin/../lib/gcc/arm-none-eabi/8.3.1/../../../../arm-none-eabi/lib/thumb/v7e-m+fp/hard/libc_nano.a(lib_a-exit.o)
                              /opt/homebrew/Cellar/arm-gcc-bin@8/8-2019-q3-update_2/bin/../lib/gcc/arm-none-eabi/8.3.1/../../../../arm-none-eabi/lib/thumb/v7e-m+fp/hard/crt0.o (exit)
/opt/homebrew/Cellar/arm-gcc-bin@8/8-2019-q3-update_2/bin/../lib/gcc/arm-none-eabi/8.3.1/../../../../arm-none-eabi/lib/thumb/v7e-m+fp/hard/libc_nano.a(lib_a-impure.o)
                              /opt/homebrew/Cellar/arm-gcc-bin@8/8-2019-q3-update_2/bin/../lib/gcc/arm-none-eabi/8.3.1/../../../../arm-none-eabi/lib/thumb/v7e-m+fp/hard/libc_nano.a(lib_a-exit.o) (_global_impure_ptr)
/opt/homebrew/Cellar/arm-gcc-bin@8/8-2019-q3-update_2/bin/../lib/gcc/arm-none-eabi/8.3.1/../../../../arm-none-eabi/lib/thumb/v7e-m+fp/hard/libc_nano.a(lib_a-init.o)
                              /opt/homebrew/Cellar/arm-gcc-bin@8/8-2019-q3-update_2/bin/../lib/gcc/arm-none-eabi/8.3.1/../../../../arm-none-eabi/lib/thumb/v7e-m+fp/hard/crt0.o (__libc_init_array)
/opt/homebrew/Cellar/arm-gcc-bin@8/8-2019-q3-update_2/bin/../lib/gcc/arm-none-eabi/8.3.1/../../../../arm-none-eabi/lib/thumb/v7e-m+fp/hard/libc_nano.a(lib_a-memcpy-stub.o)
                              _build/nrf52832_xxaa/app_scheduler.c.o (memcpy)
/opt/homebrew/Cellar/arm-gcc-bin@8/8-2019-q3-update_2/bin/../lib/gcc/arm-none-eabi/8.3.1/../../../../arm-none-eabi/lib/thumb/v7e-m+fp/hard/libc_nano.a(lib_a-memset.o)
                              /opt/homebrew/Cellar/arm-gcc-bin@8/8-2019-q3-update_2/bin/../lib/gcc/arm-none-eabi/8.3.1/../../../../arm-none-eabi/lib/thumb/v7e-m+fp/hard/crt0.o (memset)
/opt/homebrew/Cellar/arm-gcc-bin@8/8-2019-q3-update_2/bin/../lib/gcc/arm-none-eabi/8.3.1/../../../../arm-none-eabi/lib/thumb/v7e-m+fp/hard/libc_nano.a(lib_a-strlen.o)
                              _build/nrf52832_xxaa/nrf_fprintf_format.c.o (strlen)
/opt/homebrew/Cellar/arm-gcc-bin@8/8-2019-q3-update_2/bin/../lib/gcc/arm-none-eabi/8.3.1/../../../../arm-none-eabi/lib/thumb/v7e-m+fp/hard/libnosys.a(_exit.o)
                              /opt/homebrew/Cellar/arm-gcc-bin@8/8-2019-q3-update_2/bin/../lib/gcc/arm-none-eabi/8.3.1/../../../../arm-none-eabi/lib/thumb/v7e-m+fp/hard/libc_nano.a(lib_a-exit.o) (_exit)

Discarded input sections

 .text          0x0000000000000000        0x0 /opt/homebrew/Cellar/arm-gcc-bin@8/8-2019-q3-update_2/bin/../lib/gcc/arm-none-eabi/8.3.1/thumb/v7e-m+fp/hard/crti.o
 .data          0x0000000000000000        0x0 /opt/homebrew/Cellar/arm-gcc-bin@8/8-2019-q3-update_2/bin/../lib/gcc/arm-none-eabi/8.3.1/thumb/v7e-m+fp/hard/crti.o
 .bss           0x0000000000000000        0x0 /opt/homebrew/Cellar/arm-gcc-bin@8/8-2019-q3-update_2/bin/../lib/gcc/arm-none-eabi/8.3.1/thumb/v7e-m+fp/hard/crti.o
 .data          0x0000000000000000        0x4 /opt/homebrew/Cellar/arm-gcc-bin@8/8-2019-q3-update_2/bin/../lib/gcc/arm-none-eabi/8.3.1/thumb/v7e-m+fp/hard/crtbegin.o
 .data          0x0000000000000000        0x0 /opt/homebrew/Cellar/arm-gcc-bin@8/8-2019-q3-update_2/bin/../lib/gcc/arm-none-eabi/8.3.1/../../../../arm-none-eabi/lib/thumb/v7e-m+fp/hard/crt0.o
 .bss           0x0000000000000000        0x0 /opt/homebrew/Cellar/arm-gcc-bin@8/8-2019-q3-update_2/bin/../lib/gcc/arm-none-eabi/8.3.1/../../../../arm-none-eabi/lib/thumb/v7e-m+fp/hard/crt0.o
 .ARM.extab     0x0000000000000000        0x0 /opt/homebrew/Cellar/arm-gcc-bin@8/8-2019-q3-update_2/bin/../lib/gcc/arm-none-eabi/8.3.1/../../../../arm-none-eabi/lib/thumb/v7e-m+fp/hard/crt0.o
 .data          0x0000000000000000        0x0 _build/nrf52832_xxaa/gcc_startup_nrf52.S.o
 .bss           0x0000000000000000        0x0 _build/nrf52832_xxaa/gcc_startup_nrf52.S.o
 .group         0x0000000000000000        0xc _build/nrf52832_xxaa/nrf_log_frontend.c.o
 .group         0x0000000000000000        0xc _build/nrf52832_xxaa/nrf_log_frontend.c.o
 .group         0x0000000000000000        0xc _build/nrf52832_xxaa/nrf_log_frontend.c.o
 .group         0x0000000000000000        0xc _build/nrf52832_xxaa/nrf_log_frontend.c.o
 .group         0x0000000000000000        0xc _build/nrf52832_xxaa/nrf_log_frontend.c.o
 .group         0x0000000000000000        0xc _build/nrf52832_xxaa/nrf_log_frontend.c.o
 .group         0x0000000000000000        0xc _build/nrf52832_xxaa/nrf_log_frontend.c.o
 .group         0x0000000000000000        0xc _build/nrf52832_xxaa/nrf_log_frontend.c.o
 .group         0x0000000000000000        0xc _build/nrf52832_xxaa/nrf_log_frontend.c.o
 .group         0x0000000000000000        0xc _build/nrf52832_xxaa/nrf_log_frontend.c.o
 .group         0x0000000000000000        0xc _build/nrf52832_xxaa/nrf_log_frontend.c.o
 .group         0x0000000000000000        0xc _build/nrf52832_xxaa/nrf_log_frontend.c.o
 .group         0x0000000000000000        0xc _build/nrf52832_xxaa/nrf_log_frontend.c.o
[...]
Memory Configuration

Name             Origin             Length             Attributes
FLASH            0x0000000000000000 0x0000000000080000 xr
RAM              0x0000000020000000 0x0000000000010000 xrw
*default*        0x0000000000000000 0xffffffffffffffff

Linker script and memory map


.text           0x0000000000000000     0x1608
 *(.isr_vector)
 .isr_vector    0x0000000000000000      0x200 _build/nrf52832_xxaa/gcc_startup_nrf52.S.o
                0x0000000000000000                __isr_vector
 *(.text*)
 .text          0x0000000000000200       0x40 /opt/homebrew/Cellar/arm-gcc-bin@8/8-2019-q3-update_2/bin/../lib/gcc/arm-none-eabi/8.3.1/thumb/v7e-m+fp/hard/crtbegin.o
 .text          0x0000000000000240       0x74 /opt/homebrew/Cellar/arm-gcc-bin@8/8-2019-q3-update_2/bin/../lib/gcc/arm-none-eabi/8.3.1/../../../../arm-none-eabi/lib/thumb/v7e-m+fp/hard/crt0.o
                0x0000000000000240                _mainCRTStartup
                0x0000000000000240                _start
 .text          0x00000000000002b4       0x3c _build/nrf52832_xxaa/gcc_startup_nrf52.S.o
                0x00000000000002b4                Reset_Handler
                0x00000000000002dc                NMI_Handler
                0x00000000000002de                HardFault_Handler
                0x00000000000002e0                MemoryManagement_Handler
                0x00000000000002e2                BusFault_Handler
                0x00000000000002e4                UsageFault_Handler
                0x00000000000002e6                SVC_Handler
                0x00000000000002e8                DebugMon_Handler
                0x00000000000002ea                PendSV_Handler
                0x00000000000002ec                SysTick_Handler
                0x00000000000002ee                TIMER3_IRQHandler
                0x00000000000002ee                FPU_IRQHandler
                0x00000000000002ee                SPIM0_SPIS0_TWIM0_TWIS0_SPI0_TWI0_IRQHandler
                0x00000000000002ee                UARTE0_UART0_IRQHandler
                0x00000000000002ee                TIMER4_IRQHandler
                0x00000000000002ee                I2S_IRQHandler
                0x00000000000002ee                SWI4_EGU4_IRQHandler
                0x00000000000002ee                TIMER0_IRQHandler
                0x00000000000002ee                TIMER1_IRQHandler
                0x00000000000002ee                PWM2_IRQHandler
                0x00000000000002ee                ECB_IRQHandler
                0x00000000000002ee                SPIM1_SPIS1_TWIM1_TWIS1_SPI1_TWI1_IRQHandler
                0x00000000000002ee                Default_Handler
                0x00000000000002ee                SAADC_IRQHandler
                0x00000000000002ee                CCM_AAR_IRQHandler
                0x00000000000002ee                WDT_IRQHandler
                0x00000000000002ee                SWI5_EGU5_IRQHandler
                0x00000000000002ee                RNG_IRQHandler
                0x00000000000002ee                RTC2_IRQHandler
                0x00000000000002ee                PWM0_IRQHandler
                0x00000000000002ee                SWI3_EGU3_IRQHandler
                0x00000000000002ee                SWI1_EGU1_IRQHandler
                0x00000000000002ee                SPIM2_SPIS2_SPI2_IRQHandler
                0x00000000000002ee                NFCT_IRQHandler
                0x00000000000002ee                MWU_IRQHandler
                0x00000000000002ee                TIMER2_IRQHandler
                0x00000000000002ee                COMP_LPCOMP_IRQHandler
                0x00000000000002ee                RTC0_IRQHandler
                0x00000000000002ee                SWI0_EGU0_IRQHandler
                0x00000000000002ee                SWI2_EGU2_IRQHandler
                0x00000000000002ee                GPIOTE_IRQHandler
                0x00000000000002ee                PWM1_IRQHandler
                0x00000000000002ee                RADIO_IRQHandler
                0x00000000000002ee                PDM_IRQHandler
                0x00000000000002ee                TEMP_IRQHandler
                0x00000000000002ee                QDEC_IRQHandler
 .text.app_error_handler_bare
                0x00000000000002f0       0x20 _build/nrf52832_xxaa/app_error.c.o
                0x00000000000002f0                app_error_handler_bare
 .text.app_error_fault_handler
                0x0000000000000310       0x34 _build/nrf52832_xxaa/app_error_weak.c.o
                0x0000000000000310                app_error_fault_handler
 .text.compare_func
                0x0000000000000344       0x18 _build/nrf52832_xxaa/app_timer2.c.o
 .text.rtc_irq  0x000000000000035c      0x3a4 _build/nrf52832_xxaa/app_timer2.c.o
 .text.app_timer_init
                0x0000000000000700       0x6c _build/nrf52832_xxaa/app_timer2.c.o
                0x0000000000000700                app_timer_init
 .text.app_timer_create
                0x000000000000076c       0x2c _build/nrf52832_xxaa/app_timer2.c.o
                0x000000000000076c                app_timer_create
 .text.app_timer_start
                0x0000000000000798       0xb8 _build/nrf52832_xxaa/app_timer2.c.o
                0x0000000000000798                app_timer_start
 .text.app_util_critical_region_enter
                0x0000000000000850       0x10 _build/nrf52832_xxaa/app_util_platform.c.o
                0x0000000000000850                app_util_critical_region_enter
 .text.app_util_critical_region_exit
                0x0000000000000860       0x14 _build/nrf52832_xxaa/app_util_platform.c.o
                0x0000000000000860                app_util_critical_region_exit
 .text.drv_rtc_init
                0x0000000000000874       0x88 _build/nrf52832_xxaa/drv_rtc.c.o
                0x0000000000000874                drv_rtc_init
 .text.drv_rtc_start
                0x00000000000008fc        0x8 _build/nrf52832_xxaa/drv_rtc.c.o
                0x00000000000008fc                drv_rtc_start
 .text.drv_rtc_stop
                0x0000000000000904        0x8 _build/nrf52832_xxaa/drv_rtc.c.o
                0x0000000000000904                drv_rtc_stop
 .text.drv_rtc_compare_set
                0x000000000000090c       0x4c _build/nrf52832_xxaa/drv_rtc.c.o
                0x000000000000090c                drv_rtc_compare_set
 .text.drv_rtc_windowed_compare_set
                0x0000000000000958      0x104 _build/nrf52832_xxaa/drv_rtc.c.o
                0x0000000000000958                drv_rtc_windowed_compare_set
 .text.drv_rtc_overflow_enable
                0x0000000000000a5c       0x14 _build/nrf52832_xxaa/drv_rtc.c.o
                0x0000000000000a5c                drv_rtc_overflow_enable
 .text.drv_rtc_overflow_pending
                0x0000000000000a70       0x20 _build/nrf52832_xxaa/drv_rtc.c.o
                0x0000000000000a70                drv_rtc_overflow_pending
 .text.drv_rtc_compare_disable
                0x0000000000000a90       0x18 _build/nrf52832_xxaa/drv_rtc.c.o
                0x0000000000000a90                drv_rtc_compare_disable
 .text.drv_rtc_compare_pending
                0x0000000000000aa8       0x20 _build/nrf52832_xxaa/drv_rtc.c.o
                0x0000000000000aa8                drv_rtc_compare_pending
 .text.drv_rtc_counter_get
                0x0000000000000ac8        0x8 _build/nrf52832_xxaa/drv_rtc.c.o
                0x0000000000000ac8                drv_rtc_counter_get
 .text.drv_rtc_irq_trigger
                0x0000000000000ad0       0x24 _build/nrf52832_xxaa/drv_rtc.c.o
                0x0000000000000ad0                drv_rtc_irq_trigger
 .text.RTC1_IRQHandler
                0x0000000000000af4       0x14 _build/nrf52832_xxaa/drv_rtc.c.o
                0x0000000000000af4                RTC1_IRQHandler
 .text.led_softblink_on_timeout
                0x0000000000000b08       0x78 _build/nrf52832_xxaa/led_softblink.c.o
 .text.led_softblink_init
                0x0000000000000b80       0x94 _build/nrf52832_xxaa/led_softblink.c.o
                0x0000000000000b80                led_softblink_init
 .text.led_softblink_start
                0x0000000000000c14        0xc _build/nrf52832_xxaa/led_softblink.c.o
                0x0000000000000c14                led_softblink_start
 .text.pwm_timeout_handler
                0x0000000000000c20       0xc0 _build/nrf52832_xxaa/low_power_pwm.c.o
 .text.low_power_pwm_init
                0x0000000000000ce0       0x68 _build/nrf52832_xxaa/low_power_pwm.c.o
                0x0000000000000ce0                low_power_pwm_init
 .text.low_power_pwm_start
                0x0000000000000d48       0xb0 _build/nrf52832_xxaa/low_power_pwm.c.o
                0x0000000000000d48                low_power_pwm_start
 .text.low_power_pwm_duty_set
                0x0000000000000df8       0x10 _build/nrf52832_xxaa/low_power_pwm.c.o
                0x0000000000000df8                low_power_pwm_duty_set
 .text.nrf_atfifo_init
                0x0000000000000e08       0x30 _build/nrf52832_xxaa/nrf_atfifo.c.o
                0x0000000000000e08                nrf_atfifo_init
 .text.nrf_atfifo_item_alloc
                0x0000000000000e38       0x5c _build/nrf52832_xxaa/nrf_atfifo.c.o
                0x0000000000000e38                nrf_atfifo_item_alloc
 .text.nrf_atfifo_item_put
                0x0000000000000e94       0x20 _build/nrf52832_xxaa/nrf_atfifo.c.o
                0x0000000000000e94                nrf_atfifo_item_put
 .text.nrf_atfifo_item_get
                0x0000000000000eb4       0x60 _build/nrf52832_xxaa/nrf_atfifo.c.o
                0x0000000000000eb4                nrf_atfifo_item_get
 .text.nrf_atfifo_item_free
                0x0000000000000f14       0x20 _build/nrf52832_xxaa/nrf_atfifo.c.o
                0x0000000000000f14                nrf_atfifo_item_free
 .text.nrf_sortlist_add
                0x0000000000000f34       0x28 _build/nrf52832_xxaa/nrf_sortlist.c.o
                0x0000000000000f34                nrf_sortlist_add
 .text.nrf_sortlist_pop
                0x0000000000000f5c        0xc _build/nrf52832_xxaa/nrf_sortlist.c.o
                0x0000000000000f5c                nrf_sortlist_pop
 .text.nrf_sortlist_peek
                0x0000000000000f68        0x8 _build/nrf52832_xxaa/nrf_sortlist.c.o
                0x0000000000000f68                nrf_sortlist_peek
 .text.nrf_sortlist_remove
                0x0000000000000f70       0x28 _build/nrf52832_xxaa/nrf_sortlist.c.o
                0x0000000000000f70                nrf_sortlist_remove
 .text.clock_irq_handler
                0x0000000000000f98       0x44 _build/nrf52832_xxaa/nrf_drv_clock.c.o
 .text.nrf_drv_clock_init
                0x0000000000000fdc       0x40 _build/nrf52832_xxaa/nrf_drv_clock.c.o
                0x0000000000000fdc                nrf_drv_clock_init
 .text.nrf_drv_clock_lfclk_request
                0x000000000000101c       0x5c _build/nrf52832_xxaa/nrf_drv_clock.c.o
                0x000000000000101c                nrf_drv_clock_lfclk_request
 .text.nrfx_clock_init
                0x0000000000001078       0x18 _build/nrf52832_xxaa/nrfx_clock.c.o
                0x0000000000001078                nrfx_clock_init
 .text.nrfx_clock_enable
                0x0000000000001090       0x24 _build/nrf52832_xxaa/nrfx_clock.c.o
                0x0000000000001090                nrfx_clock_enable
 .text.nrfx_clock_lfclk_start
                0x00000000000010b4       0x60 _build/nrf52832_xxaa/nrfx_clock.c.o
                0x00000000000010b4                nrfx_clock_lfclk_start
 .text.POWER_CLOCK_IRQHandler
                0x0000000000001114       0x64 _build/nrf52832_xxaa/nrfx_clock.c.o
                0x0000000000001114                POWER_CLOCK_IRQHandler
 .text.startup.main
                0x0000000000001178       0x54 _build/nrf52832_xxaa/main.c.o
                0x0000000000001178                main
 .text.SystemInit
                0x00000000000011cc      0x340 _build/nrf52832_xxaa/system_nrf52.c.o
                0x00000000000011cc                SystemInit
 .text.exit     0x000000000000150c       0x28 /opt/homebrew/Cellar/arm-gcc-bin@8/8-2019-q3-update_2/bin/../lib/gcc/arm-none-eabi/8.3.1/../../../../arm-none-eabi/lib/thumb/v7e-m+fp/hard/libc_nano.a(lib_a-exit.o)
                0x000000000000150c                exit
 .text.__libc_init_array
                0x0000000000001534       0x48 /opt/homebrew/Cellar/arm-gcc-bin@8/8-2019-q3-update_2/bin/../lib/gcc/arm-none-eabi/8.3.1/../../../../arm-none-eabi/lib/thumb/v7e-m+fp/hard/libc_nano.a(lib_a-init.o)
                0x0000000000001534                __libc_init_array
 .text.memcpy   0x000000000000157c       0x1c /opt/homebrew/Cellar/arm-gcc-bin@8/8-2019-q3-update_2/bin/../lib/gcc/arm-none-eabi/8.3.1/../../../../arm-none-eabi/lib/thumb/v7e-m+fp/hard/libc_nano.a(lib_a-memcpy-stub.o)
                0x000000000000157c                memcpy
 .text.memset   0x0000000000001598       0x10 /opt/homebrew/Cellar/arm-gcc-bin@8/8-2019-q3-update_2/bin/../lib/gcc/arm-none-eabi/8.3.1/../../../../arm-none-eabi/lib/thumb/v7e-m+fp/hard/libc_nano.a(lib_a-memset.o)
                0x0000000000001598                memset
 .text._exit    0x00000000000015a8        0x4 /opt/homebrew/Cellar/arm-gcc-bin@8/8-2019-q3-update_2/bin/../lib/gcc/arm-none-eabi/8.3.1/../../../../arm-none-eabi/lib/thumb/v7e-m+fp/hard/libnosys.a(_exit.o)
                0x00000000000015a8                _exit
 *(.init)
 .init          0x00000000000015ac        0x4 /opt/homebrew/Cellar/arm-gcc-bin@8/8-2019-q3-update_2/bin/../lib/gcc/arm-none-eabi/8.3.1/thumb/v7e-m+fp/hard/crti.o
                0x00000000000015ac                _init
 .init          0x00000000000015b0        0x8 /opt/homebrew/Cellar/arm-gcc-bin@8/8-2019-q3-update_2/bin/../lib/gcc/arm-none-eabi/8.3.1/thumb/v7e-m+fp/hard/crtn.o
 *(.fini)
 .fini          0x00000000000015b8        0x4 /opt/homebrew/Cellar/arm-gcc-bin@8/8-2019-q3-update_2/bin/../lib/gcc/arm-none-eabi/8.3.1/thumb/v7e-m+fp/hard/crti.o
                0x00000000000015b8                _fini
 .fini          0x00000000000015bc        0x8 /opt/homebrew/Cellar/arm-gcc-bin@8/8-2019-q3-update_2/bin/../lib/gcc/arm-none-eabi/8.3.1/thumb/v7e-m+fp/hard/crtn.o
 *crtbegin.o(.ctors)
 *crtbegin?.o(.ctors)
 *(EXCLUDE_FILE(*crtend.o *crtend?.o) .ctors)
 *(SORT_BY_NAME(.ctors.*))
 *(.ctors)
 *crtbegin.o(.dtors)
 *crtbegin?.o(.dtors)
 *(EXCLUDE_FILE(*crtend.o *crtend?.o) .dtors)
 *(SORT_BY_NAME(.dtors.*))
 *(.dtors)
 *(.rodata*)
 .rodata        0x00000000000015c4        0x4 _build/nrf52832_xxaa/app_timer2.c.o
 .rodata.m_app_timer_sortlist
                0x00000000000015c8        0xc _build/nrf52832_xxaa/app_timer2.c.o
 *fill*         0x00000000000015d4        0xc 
 .rodata.delay_machine_code.8088
                0x00000000000015e0        0x6 _build/nrf52832_xxaa/drv_rtc.c.o
 *fill*         0x00000000000015e6        0x2 
 .rodata.m_led_softblink_timer
                0x00000000000015e8        0x4 _build/nrf52832_xxaa/led_softblink.c.o
 .rodata        0x00000000000015ec       0x14 _build/nrf52832_xxaa/main.c.o
 .rodata._global_impure_ptr
                0x0000000000001600        0x4 /opt/homebrew/Cellar/arm-gcc-bin@8/8-2019-q3-update_2/bin/../lib/gcc/arm-none-eabi/8.3.1/../../../../arm-none-eabi/lib/thumb/v7e-m+fp/hard/libc_nano.a(lib_a-impure.o)
                0x0000000000001600                _global_impure_ptr
 *(.eh_frame*)
 .eh_frame      0x0000000000001604        0x0 /opt/homebrew/Cellar/arm-gcc-bin@8/8-2019-q3-update_2/bin/../lib/gcc/arm-none-eabi/8.3.1/thumb/v7e-m+fp/hard/crtbegin.o
 .eh_frame      0x0000000000001604        0x4 /opt/homebrew/Cellar/arm-gcc-bin@8/8-2019-q3-update_2/bin/../lib/gcc/arm-none-eabi/8.3.1/thumb/v7e-m+fp/hard/crtend.o

.glue_7         0x0000000000001608        0x0
 .glue_7        0x0000000000001608        0x0 linker stubs

.glue_7t        0x0000000000001608        0x0
 .glue_7t       0x0000000000001608        0x0 linker stubs

.vfp11_veneer   0x0000000000001608        0x0
 .vfp11_veneer  0x0000000000001608        0x0 linker stubs

.v4_bx          0x0000000000001608        0x0
 .v4_bx         0x0000000000001608        0x0 linker stubs

.iplt           0x0000000000001608        0x0
 .iplt          0x0000000000001608        0x0 /opt/homebrew/Cellar/arm-gcc-bin@8/8-2019-q3-update_2/bin/../lib/gcc/arm-none-eabi/8.3.1/thumb/v7e-m+fp/hard/crtbegin.o

.mem_section_dummy_rom

.log_const_data
                0x0000000000001608        0x0
                [!provide]                        PROVIDE (__start_log_const_data = .)
 *(SORT_BY_NAME(.log_const_data*))
                [!provide]                        PROVIDE (__stop_log_const_data = .)

.log_backends   0x0000000000001608        0x0
                [!provide]                        PROVIDE (__start_log_backends = .)
 *(SORT_BY_NAME(.log_backends*))
                [!provide]                        PROVIDE (__stop_log_backends = .)

.nrf_balloc     0x0000000000001608        0x0
                [!provide]                        PROVIDE (__start_nrf_balloc = .)
 *(.nrf_balloc)
                [!provide]                        PROVIDE (__stop_nrf_balloc = .)

.ARM.extab
 *(.ARM.extab* .gnu.linkonce.armextab.*)
                0x0000000000001608                __exidx_start = .

.ARM.exidx      0x0000000000001608        0x8
 *(.ARM.exidx* .gnu.linkonce.armexidx.*)
 .ARM.exidx     0x0000000000001608        0x8 /opt/homebrew/Cellar/arm-gcc-bin@8/8-2019-q3-update_2/bin/../lib/gcc/arm-none-eabi/8.3.1/../../../../arm-none-eabi/lib/thumb/v7e-m+fp/hard/crt0.o
                0x0000000000001610                __exidx_end = .

.rel.dyn        0x0000000000001610        0x0
 .rel.iplt      0x0000000000001610        0x0 /opt/homebrew/Cellar/arm-gcc-bin@8/8-2019-q3-update_2/bin/../lib/gcc/arm-none-eabi/8.3.1/thumb/v7e-m+fp/hard/crtbegin.o
                0x0000000000001610                . = ALIGN (0x4)
                0x0000000000001610                __etext = .

.data           0x0000000020000000       0x94 load address 0x0000000000001610
                0x0000000020000000                __data_start__ = .
 *(vtable)
 *(.data*)
 .data.m_rtc_inst
                0x0000000020000000        0x8 _build/nrf52832_xxaa/app_timer2.c.o
 .data.m_led_softblink_timer_data
                0x0000000020000008       0x20 _build/nrf52832_xxaa/led_softblink.c.o
 .data.SystemCoreClock
                0x0000000020000028        0x4 _build/nrf52832_xxaa/system_nrf52.c.o
                0x0000000020000028                SystemCoreClock
 .data.impure_data
                0x000000002000002c       0x60 /opt/homebrew/Cellar/arm-gcc-bin@8/8-2019-q3-update_2/bin/../lib/gcc/arm-none-eabi/8.3.1/../../../../arm-none-eabi/lib/thumb/v7e-m+fp/hard/libc_nano.a(lib_a-impure.o)
                0x000000002000008c                . = ALIGN (0x4)
                0x000000002000008c                PROVIDE (__preinit_array_start = .)
 *(.preinit_array)
                0x000000002000008c                PROVIDE (__preinit_array_end = .)
                0x000000002000008c                . = ALIGN (0x4)
                0x000000002000008c                PROVIDE (__init_array_start = .)
 *(SORT_BY_NAME(.init_array.*))
 *(.init_array)
 .init_array    0x000000002000008c        0x4 /opt/homebrew/Cellar/arm-gcc-bin@8/8-2019-q3-update_2/bin/../lib/gcc/arm-none-eabi/8.3.1/thumb/v7e-m+fp/hard/crtbegin.o
                0x0000000020000090                PROVIDE (__init_array_end = .)
                0x0000000020000090                . = ALIGN (0x4)
                [!provide]                        PROVIDE (__fini_array_start = .)
 *(SORT_BY_NAME(.fini_array.*))
 *(.fini_array)
 .fini_array    0x0000000020000090        0x4 /opt/homebrew/Cellar/arm-gcc-bin@8/8-2019-q3-update_2/bin/../lib/gcc/arm-none-eabi/8.3.1/thumb/v7e-m+fp/hard/crtbegin.o
                [!provide]                        PROVIDE (__fini_array_end = .)
 *(.jcr*)
                0x0000000020000094                . = ALIGN (0x4)
                0x0000000020000094                __data_end__ = .
LOAD /opt/homebrew/Cellar/arm-gcc-bin@8/8-2019-q3-update_2/bin/../lib/gcc/arm-none-eabi/8.3.1/thumb/v7e-m+fp/hard/crti.o
LOAD /opt/homebrew/Cellar/arm-gcc-bin@8/8-2019-q3-update_2/bin/../lib/gcc/arm-none-eabi/8.3.1/thumb/v7e-m+fp/hard/crtbegin.o
LOAD /opt/homebrew/Cellar/arm-gcc-bin@8/8-2019-q3-update_2/bin/../lib/gcc/arm-none-eabi/8.3.1/../../../../arm-none-eabi/lib/thumb/v7e-m+fp/hard/crt0.o
LOAD _build/nrf52832_xxaa/gcc_startup_nrf52.S.o
LOAD _build/nrf52832_xxaa/nrf_log_frontend.c.o
LOAD _build/nrf52832_xxaa/nrf_log_str_formatter.c.o
LOAD _build/nrf52832_xxaa/boards.c.o
LOAD _build/nrf52832_xxaa/app_error.c.o
LOAD _build/nrf52832_xxaa/app_error_handler_gcc.c.o
LOAD _build/nrf52832_xxaa/app_error_weak.c.o
LOAD _build/nrf52832_xxaa/app_scheduler.c.o
LOAD _build/nrf52832_xxaa/app_timer2.c.o
LOAD _build/nrf52832_xxaa/app_util_platform.c.o
LOAD _build/nrf52832_xxaa/drv_rtc.c.o
LOAD _build/nrf52832_xxaa/led_softblink.c.o
LOAD _build/nrf52832_xxaa/low_power_pwm.c.o
LOAD _build/nrf52832_xxaa/nrf_assert.c.o
LOAD _build/nrf52832_xxaa/nrf_atfifo.c.o
LOAD _build/nrf52832_xxaa/nrf_atomic.c.o
LOAD _build/nrf52832_xxaa/nrf_balloc.c.o
LOAD _build/nrf52832_xxaa/nrf_fprintf.c.o
LOAD _build/nrf52832_xxaa/nrf_fprintf_format.c.o
LOAD _build/nrf52832_xxaa/nrf_memobj.c.o
LOAD _build/nrf52832_xxaa/nrf_ringbuf.c.o
LOAD _build/nrf52832_xxaa/nrf_sortlist.c.o
LOAD _build/nrf52832_xxaa/nrf_strerror.c.o
LOAD _build/nrf52832_xxaa/nrf_drv_clock.c.o
LOAD _build/nrf52832_xxaa/nrf_nvic.c.o
LOAD _build/nrf52832_xxaa/nrf_soc.c.o
LOAD _build/nrf52832_xxaa/nrfx_atomic.c.o
LOAD _build/nrf52832_xxaa/nrfx_clock.c.o
LOAD _build/nrf52832_xxaa/main.c.o
LOAD _build/nrf52832_xxaa/system_nrf52.c.o
LOAD /opt/homebrew/Cellar/arm-gcc-bin@8/8-2019-q3-update_2/bin/../lib/gcc/arm-none-eabi/8.3.1/../../../../arm-none-eabi/lib/thumb/v7e-m+fp/hard/libc_nano.a
LOAD /opt/homebrew/Cellar/arm-gcc-bin@8/8-2019-q3-update_2/bin/../lib/gcc/arm-none-eabi/8.3.1/../../../../arm-none-eabi/lib/thumb/v7e-m+fp/hard/libnosys.a
LOAD /opt/homebrew/Cellar/arm-gcc-bin@8/8-2019-q3-update_2/bin/../lib/gcc/arm-none-eabi/8.3.1/../../../../arm-none-eabi/lib/thumb/v7e-m+fp/hard/libm.a
START GROUP
LOAD /opt/homebrew/Cellar/arm-gcc-bin@8/8-2019-q3-update_2/bin/../lib/gcc/arm-none-eabi/8.3.1/thumb/v7e-m+fp/hard/libgcc.a
LOAD /opt/homebrew/Cellar/arm-gcc-bin@8/8-2019-q3-update_2/bin/../lib/gcc/arm-none-eabi/8.3.1/../../../../arm-none-eabi/lib/thumb/v7e-m+fp/hard/libg_nano.a
LOAD /opt/homebrew/Cellar/arm-gcc-bin@8/8-2019-q3-update_2/bin/../lib/gcc/arm-none-eabi/8.3.1/../../../../arm-none-eabi/lib/thumb/v7e-m+fp/hard/libc_nano.a
END GROUP
START GROUP
LOAD /opt/homebrew/Cellar/arm-gcc-bin@8/8-2019-q3-update_2/bin/../lib/gcc/arm-none-eabi/8.3.1/thumb/v7e-m+fp/hard/libgcc.a
LOAD /opt/homebrew/Cellar/arm-gcc-bin@8/8-2019-q3-update_2/bin/../lib/gcc/arm-none-eabi/8.3.1/../../../../arm-none-eabi/lib/thumb/v7e-m+fp/hard/libc_nano.a
END GROUP
LOAD /opt/homebrew/Cellar/arm-gcc-bin@8/8-2019-q3-update_2/bin/../lib/gcc/arm-none-eabi/8.3.1/thumb/v7e-m+fp/hard/crtend.o
LOAD /opt/homebrew/Cellar/arm-gcc-bin@8/8-2019-q3-update_2/bin/../lib/gcc/arm-none-eabi/8.3.1/thumb/v7e-m+fp/hard/crtn.o
START GROUP
LOAD /opt/homebrew/Cellar/arm-gcc-bin@8/8-2019-q3-update_2/bin/../lib/gcc/arm-none-eabi/8.3.1/thumb/v7e-m+fp/hard/libgcc.a
LOAD /opt/homebrew/Cellar/arm-gcc-bin@8/8-2019-q3-update_2/bin/../lib/gcc/arm-none-eabi/8.3.1/../../../../arm-none-eabi/lib/thumb/v7e-m+fp/hard/libc.a
LOAD /opt/homebrew/Cellar/arm-gcc-bin@8/8-2019-q3-update_2/bin/../lib/gcc/arm-none-eabi/8.3.1/../../../../arm-none-eabi/lib/thumb/v7e-m+fp/hard/libnosys.a
END GROUP

.igot.plt       0x0000000020000094        0x0 load address 0x00000000000016a4
 .igot.plt      0x0000000020000094        0x0 /opt/homebrew/Cellar/arm-gcc-bin@8/8-2019-q3-update_2/bin/../lib/gcc/arm-none-eabi/8.3.1/thumb/v7e-m+fp/hard/crtbegin.o
                0x0000000020000094                . = ALIGN (0x4)

.mem_section_dummy_ram

.log_dynamic_data
                0x0000000020000094        0x0
                [!provide]                        PROVIDE (__start_log_dynamic_data = .)
 *(SORT_BY_NAME(.log_dynamic_data*))
                [!provide]                        PROVIDE (__stop_log_dynamic_data = .)

.log_filter_data
                0x0000000020000094        0x0
                [!provide]                        PROVIDE (__start_log_filter_data = .)
 *(SORT_BY_NAME(.log_filter_data*))
                [!provide]                        PROVIDE (__stop_log_filter_data = .)

.bss            0x0000000020000098      0x128 load address 0x00000000000016a8
                0x0000000020000098                . = ALIGN (0x4)
                0x0000000020000098                __bss_start__ = .
 *(.bss*)
 .bss           0x0000000020000098       0x1c /opt/homebrew/Cellar/arm-gcc-bin@8/8-2019-q3-update_2/bin/../lib/gcc/arm-none-eabi/8.3.1/thumb/v7e-m+fp/hard/crtbegin.o
 .bss.m_app_timer_sortlist_sortlist_cb
                0x00000000200000b4        0x4 _build/nrf52832_xxaa/app_timer2.c.o
 .bss.m_base_counter
                0x00000000200000b8        0x8 _build/nrf52832_xxaa/app_timer2.c.o
 .bss.m_global_active
                0x00000000200000c0        0x1 _build/nrf52832_xxaa/app_timer2.c.o
 *fill*         0x00000000200000c1        0x3 
 .bss.m_req_fifo_data
                0x00000000200000c4       0x58 _build/nrf52832_xxaa/app_timer2.c.o
 .bss.m_req_fifo_inst
                0x000000002000011c       0x10 _build/nrf52832_xxaa/app_timer2.c.o
 *fill*         0x000000002000012c        0x4 
 .bss.m_stamp64
                0x0000000020000130        0x8 _build/nrf52832_xxaa/app_timer2.c.o
 .bss.mp_active_timer
                0x0000000020000138        0x4 _build/nrf52832_xxaa/app_timer2.c.o
 .bss.m_in_critical_region
                0x000000002000013c        0x4 _build/nrf52832_xxaa/app_util_platform.c.o
 .bss.m_cb      0x0000000020000140        0x8 _build/nrf52832_xxaa/drv_rtc.c.o
 .bss.m_handlers
                0x0000000020000148        0x4 _build/nrf52832_xxaa/drv_rtc.c.o
 .bss.m_led_sb  0x000000002000014c       0x54 _build/nrf52832_xxaa/led_softblink.c.o
 .bss.pause_ticks.8719
                0x00000000200001a0        0x4 _build/nrf52832_xxaa/led_softblink.c.o
 .bss.m_clock_cb
                0x00000000200001a4       0x14 _build/nrf52832_xxaa/nrf_drv_clock.c.o
 .bss.m_clock_cb
                0x00000000200001b8        0x8 _build/nrf52832_xxaa/nrfx_clock.c.o
 *(COMMON)
                0x00000000200001c0                . = ALIGN (0x4)
                0x00000000200001c0                __bss_end__ = .

.heap           0x00000000200001c0     0x2000
                0x00000000200001c0                __HeapBase = .
                0x00000000200001c0                __end__ = .
                [!provide]                        PROVIDE (end = .)
 *(.heap*)
 .heap          0x00000000200001c0     0x2000 _build/nrf52832_xxaa/gcc_startup_nrf52.S.o
                0x00000000200021c0                __HeapLimit = .

.stack_dummy    0x00000000200001c0     0x2000
 *(.stack*)
 .stack         0x00000000200001c0     0x2000 _build/nrf52832_xxaa/gcc_startup_nrf52.S.o
                0x0000000020010000                __StackTop = (ORIGIN (RAM) + LENGTH (RAM))
                0x000000002000e000                __StackLimit = (__StackTop - SIZEOF (.stack_dummy))
                0x0000000020010000                PROVIDE (__stack = __StackTop)
                0x0000000000000001                ASSERT ((__StackLimit >= __HeapLimit), region RAM overflowed with stack)
                0x0000000000000098                DataInitFlashUsed = (__bss_start__ - __data_start__)
                0x0000000000001610                CodeFlashUsed = (__etext - ORIGIN (FLASH))
                0x00000000000016a8                TotalFlashUsed = (CodeFlashUsed + DataInitFlashUsed)
                0x0000000000000001                ASSERT ((TotalFlashUsed <= LENGTH (FLASH)), region FLASH overflowed with .data and user data)
OUTPUT(_build/nrf52832_xxaa.out elf32-littlearm)

.ARM.attributes
                0x0000000000000000       0x30
 .ARM.attributes
                0x0000000000000000       0x1e /opt/homebrew/Cellar/arm-gcc-bin@8/8-2019-q3-update_2/bin/../lib/gcc/arm-none-eabi/8.3.1/thumb/v7e-m+fp/hard/crti.o
 .ARM.attributes
                0x000000000000001e       0x34 /opt/homebrew/Cellar/arm-gcc-bin@8/8-2019-q3-update_2/bin/../lib/gcc/arm-none-eabi/8.3.1/thumb/v7e-m+fp/hard/crtbegin.o
 .ARM.attributes
                0x0000000000000052       0x1c /opt/homebrew/Cellar/arm-gcc-bin@8/8-2019-q3-update_2/bin/../lib/gcc/arm-none-eabi/8.3.1/../../../../arm-none-eabi/lib/thumb/v7e-m+fp/hard/crt0.o
 .ARM.attributes
                0x000000000000006e       0x20 _build/nrf52832_xxaa/gcc_startup_nrf52.S.o
 .ARM.attributes
                0x000000000000008e       0x34 _build/nrf52832_xxaa/app_error.c.o
 .ARM.attributes
                0x00000000000000c2       0x34 _build/nrf52832_xxaa/app_error_weak.c.o
 .ARM.attributes
                0x00000000000000f6       0x34 _build/nrf52832_xxaa/app_timer2.c.o
 .ARM.attributes
                0x000000000000012a       0x34 _build/nrf52832_xxaa/app_util_platform.c.o
 .ARM.attributes
                0x000000000000015e       0x34 _build/nrf52832_xxaa/drv_rtc.c.o
 .ARM.attributes
                0x0000000000000192       0x34 _build/nrf52832_xxaa/led_softblink.c.o
 .ARM.attributes
                0x00000000000001c6       0x34 _build/nrf52832_xxaa/low_power_pwm.c.o
 .ARM.attributes
                0x00000000000001fa       0x34 _build/nrf52832_xxaa/nrf_atfifo.c.o
 .ARM.attributes
                0x000000000000022e       0x34 _build/nrf52832_xxaa/nrf_sortlist.c.o
 .ARM.attributes
                0x0000000000000262       0x34 _build/nrf52832_xxaa/nrf_drv_clock.c.o
 .ARM.attributes
                0x0000000000000296       0x34 _build/nrf52832_xxaa/nrfx_clock.c.o
 .ARM.attributes
                0x00000000000002ca       0x34 _build/nrf52832_xxaa/main.c.o
 .ARM.attributes
                0x00000000000002fe       0x34 _build/nrf52832_xxaa/system_nrf52.c.o
 .ARM.attributes
                0x0000000000000332       0x34 /opt/homebrew/Cellar/arm-gcc-bin@8/8-2019-q3-update_2/bin/../lib/gcc/arm-none-eabi/8.3.1/../../../../arm-none-eabi/lib/thumb/v7e-m+fp/hard/libc_nano.a(lib_a-exit.o)
 .ARM.attributes
                0x0000000000000366       0x32 /opt/homebrew/Cellar/arm-gcc-bin@8/8-2019-q3-update_2/bin/../lib/gcc/arm-none-eabi/8.3.1/../../../../arm-none-eabi/lib/thumb/v7e-m+fp/hard/libc_nano.a(lib_a-impure.o)
 .ARM.attributes
                0x0000000000000398       0x34 /opt/homebrew/Cellar/arm-gcc-bin@8/8-2019-q3-update_2/bin/../lib/gcc/arm-none-eabi/8.3.1/../../../../arm-none-eabi/lib/thumb/v7e-m+fp/hard/libc_nano.a(lib_a-init.o)
 .ARM.attributes
                0x00000000000003cc       0x34 /opt/homebrew/Cellar/arm-gcc-bin@8/8-2019-q3-update_2/bin/../lib/gcc/arm-none-eabi/8.3.1/../../../../arm-none-eabi/lib/thumb/v7e-m+fp/hard/libc_nano.a(lib_a-memcpy-stub.o)
 .ARM.attributes
                0x0000000000000400       0x34 /opt/homebrew/Cellar/arm-gcc-bin@8/8-2019-q3-update_2/bin/../lib/gcc/arm-none-eabi/8.3.1/../../../../arm-none-eabi/lib/thumb/v7e-m+fp/hard/libc_nano.a(lib_a-memset.o)
 .ARM.attributes
                0x0000000000000434       0x34 /opt/homebrew/Cellar/arm-gcc-bin@8/8-2019-q3-update_2/bin/../lib/gcc/arm-none-eabi/8.3.1/../../../../arm-none-eabi/lib/thumb/v7e-m+fp/hard/libnosys.a(_exit.o)
 .ARM.attributes
                0x0000000000000468       0x32 /opt/homebrew/Cellar/arm-gcc-bin@8/8-2019-q3-update_2/bin/../lib/gcc/arm-none-eabi/8.3.1/thumb/v7e-m+fp/hard/crtend.o
 .ARM.attributes
                0x000000000000049a       0x1e /opt/homebrew/Cellar/arm-gcc-bin@8/8-2019-q3-update_2/bin/../lib/gcc/arm-none-eabi/8.3.1/thumb/v7e-m+fp/hard/crtn.o

.comment        0x0000000000000000       0x76
 .comment       0x0000000000000000       0x76 _build/nrf52832_xxaa/app_error.c.o
                                         0x77 (size before relaxing)
 .comment       0x0000000000000076       0x77 _build/nrf52832_xxaa/app_error_weak.c.o
 .comment       0x0000000000000076       0x77 _build/nrf52832_xxaa/app_timer2.c.o
 .comment       0x0000000000000076       0x77 _build/nrf52832_xxaa/app_util_platform.c.o
 .comment       0x0000000000000076       0x77 _build/nrf52832_xxaa/drv_rtc.c.o
 .comment       0x0000000000000076       0x77 _build/nrf52832_xxaa/led_softblink.c.o
 .comment       0x0000000000000076       0x77 _build/nrf52832_xxaa/low_power_pwm.c.o
 .comment       0x0000000000000076       0x77 _build/nrf52832_xxaa/nrf_atfifo.c.o
 .comment       0x0000000000000076       0x77 _build/nrf52832_xxaa/nrf_sortlist.c.o
 .comment       0x0000000000000076       0x77 _build/nrf52832_xxaa/nrf_drv_clock.c.o
 .comment       0x0000000000000076       0x77 _build/nrf52832_xxaa/nrfx_clock.c.o
 .comment       0x0000000000000076       0x77 _build/nrf52832_xxaa/main.c.o
 .comment       0x0000000000000076       0x77 _build/nrf52832_xxaa/system_nrf52.c.o

.debug_line     0x0000000000000000     0x9967
 .debug_line    0x0000000000000000       0x86 _build/nrf52832_xxaa/gcc_startup_nrf52.S.o
 .debug_line    0x0000000000000086      0x5aa _build/nrf52832_xxaa/app_error.c.o
 .debug_line    0x0000000000000630      0x785 _build/nrf52832_xxaa/app_error_weak.c.o
 .debug_line    0x0000000000000db5     0x121d _build/nrf52832_xxaa/app_timer2.c.o
 .debug_line    0x0000000000001fd2      0x67c _build/nrf52832_xxaa/app_util_platform.c.o
 .debug_line    0x000000000000264e     0x1461 _build/nrf52832_xxaa/drv_rtc.c.o
 .debug_line    0x0000000000003aaf      0xb2d _build/nrf52832_xxaa/led_softblink.c.o
 .debug_line    0x00000000000045dc      0xf62 _build/nrf52832_xxaa/low_power_pwm.c.o
 .debug_line    0x000000000000553e      0xa33 _build/nrf52832_xxaa/nrf_atfifo.c.o
 .debug_line    0x0000000000005f71      0x752 _build/nrf52832_xxaa/nrf_sortlist.c.o
 .debug_line    0x00000000000066c3      0xdab _build/nrf52832_xxaa/nrf_drv_clock.c.o
 .debug_line    0x000000000000746e     0x10b9 _build/nrf52832_xxaa/nrfx_clock.c.o
 .debug_line    0x0000000000008527      0x9d0 _build/nrf52832_xxaa/main.c.o
 .debug_line    0x0000000000008ef7      0xa70 _build/nrf52832_xxaa/system_nrf52.c.o

.debug_info     0x0000000000000000    0x12765
 .debug_info    0x0000000000000000       0x26 _build/nrf52832_xxaa/gcc_startup_nrf52.S.o
 .debug_info    0x0000000000000026      0xb94 _build/nrf52832_xxaa/app_error.c.o
 .debug_info    0x0000000000000bba      0xf2e _build/nrf52832_xxaa/app_error_weak.c.o
 .debug_info    0x0000000000001ae8     0x23ef _build/nrf52832_xxaa/app_timer2.c.o
 .debug_info    0x0000000000003ed7     0x10df _build/nrf52832_xxaa/app_util_platform.c.o
 .debug_info    0x0000000000004fb6     0x2ae2 _build/nrf52832_xxaa/drv_rtc.c.o
 .debug_info    0x0000000000007a98     0x12b7 _build/nrf52832_xxaa/led_softblink.c.o
 .debug_info    0x0000000000008d4f     0x19b9 _build/nrf52832_xxaa/low_power_pwm.c.o
 .debug_info    0x000000000000a708     0x15a2 _build/nrf52832_xxaa/nrf_atfifo.c.o
 .debug_info    0x000000000000bcaa      0xd5f _build/nrf52832_xxaa/nrf_sortlist.c.o
 .debug_info    0x000000000000ca09     0x184b _build/nrf52832_xxaa/nrf_drv_clock.c.o
 .debug_info    0x000000000000e254     0x1f6f _build/nrf52832_xxaa/nrfx_clock.c.o
 .debug_info    0x00000000000101c3      0xe79 _build/nrf52832_xxaa/main.c.o
 .debug_info    0x000000000001103c     0x1729 _build/nrf52832_xxaa/system_nrf52.c.o

.debug_abbrev   0x0000000000000000     0x326f
 .debug_abbrev  0x0000000000000000       0x14 _build/nrf52832_xxaa/gcc_startup_nrf52.S.o
 .debug_abbrev  0x0000000000000014      0x276 _build/nrf52832_xxaa/app_error.c.o
 .debug_abbrev  0x000000000000028a      0x2c6 _build/nrf52832_xxaa/app_error_weak.c.o
 .debug_abbrev  0x0000000000000550      0x58e _build/nrf52832_xxaa/app_timer2.c.o
 .debug_abbrev  0x0000000000000ade      0x383 _build/nrf52832_xxaa/app_util_platform.c.o
 .debug_abbrev  0x0000000000000e61      0x5a5 _build/nrf52832_xxaa/drv_rtc.c.o
 .debug_abbrev  0x0000000000001406      0x366 _build/nrf52832_xxaa/led_softblink.c.o
 .debug_abbrev  0x000000000000176c      0x3fa _build/nrf52832_xxaa/low_power_pwm.c.o
 .debug_abbrev  0x0000000000001b66      0x3c2 _build/nrf52832_xxaa/nrf_atfifo.c.o
 .debug_abbrev  0x0000000000001f28      0x275 _build/nrf52832_xxaa/nrf_sortlist.c.o
 .debug_abbrev  0x000000000000219d      0x528 _build/nrf52832_xxaa/nrf_drv_clock.c.o
 .debug_abbrev  0x00000000000026c5      0x566 _build/nrf52832_xxaa/nrfx_clock.c.o
 .debug_abbrev  0x0000000000002c2b      0x2ed _build/nrf52832_xxaa/main.c.o
 .debug_abbrev  0x0000000000002f18      0x357 _build/nrf52832_xxaa/system_nrf52.c.o

.debug_aranges  0x0000000000000000      0x448
 .debug_aranges
                0x0000000000000000       0x20 _build/nrf52832_xxaa/gcc_startup_nrf52.S.o
 .debug_aranges
                0x0000000000000020       0x28 _build/nrf52832_xxaa/app_error.c.o
 .debug_aranges
                0x0000000000000048       0x20 _build/nrf52832_xxaa/app_error_weak.c.o
 .debug_aranges
                0x0000000000000068       0x70 _build/nrf52832_xxaa/app_timer2.c.o
 .debug_aranges
                0x00000000000000d8       0x48 _build/nrf52832_xxaa/app_util_platform.c.o
 .debug_aranges
                0x0000000000000120       0xb0 _build/nrf52832_xxaa/drv_rtc.c.o
 .debug_aranges
                0x00000000000001d0       0x50 _build/nrf52832_xxaa/led_softblink.c.o
 .debug_aranges
                0x0000000000000220       0x40 _build/nrf52832_xxaa/low_power_pwm.c.o
 .debug_aranges
                0x0000000000000260       0x58 _build/nrf52832_xxaa/nrf_atfifo.c.o
 .debug_aranges
                0x00000000000002b8       0x40 _build/nrf52832_xxaa/nrf_sortlist.c.o
 .debug_aranges
                0x00000000000002f8       0x80 _build/nrf52832_xxaa/nrf_drv_clock.c.o
 .debug_aranges
                0x0000000000000378       0x78 _build/nrf52832_xxaa/nrfx_clock.c.o
 .debug_aranges
                0x00000000000003f0       0x20 _build/nrf52832_xxaa/main.c.o
 .debug_aranges
                0x0000000000000410       0x38 _build/nrf52832_xxaa/system_nrf52.c.o

.debug_str      0x0000000000000000    0x7e596
 .debug_str     0x0000000000000000       0xbd _build/nrf52832_xxaa/gcc_startup_nrf52.S.o
 .debug_str     0x00000000000000bd    0x61e52 _build/nrf52832_xxaa/app_error.c.o
                                      0x62a04 (size before relaxing)
 .debug_str     0x0000000000061f0f     0xcc80 _build/nrf52832_xxaa/app_error_weak.c.o
                                      0x6f895 (size before relaxing)
 .debug_str     0x000000000006eb8f     0x3de5 _build/nrf52832_xxaa/app_timer2.c.o
                                      0x73188 (size before relaxing)
 .debug_str     0x0000000000072974      0x204 _build/nrf52832_xxaa/app_util_platform.c.o
                                      0x6321c (size before relaxing)
 .debug_str     0x0000000000072b78      0x79d _build/nrf52832_xxaa/drv_rtc.c.o
                                      0x72a3f (size before relaxing)
 .debug_str     0x0000000000073315      0x8ae _build/nrf52832_xxaa/led_softblink.c.o
                                      0x70a54 (size before relaxing)
 .debug_str     0x0000000000073bc3      0x2f2 _build/nrf52832_xxaa/low_power_pwm.c.o
                                      0x70894 (size before relaxing)
 .debug_str     0x0000000000073eb5      0x163 _build/nrf52832_xxaa/nrf_atfifo.c.o
                                      0x6eb27 (size before relaxing)
 .debug_str     0x0000000000074018       0xc5 _build/nrf52832_xxaa/nrf_sortlist.c.o
                                      0x6e776 (size before relaxing)
 .debug_str     0x00000000000740dd      0x9f7 _build/nrf52832_xxaa/nrf_drv_clock.c.o
                                      0x72327 (size before relaxing)
 .debug_str     0x0000000000074ad4      0x849 _build/nrf52832_xxaa/nrfx_clock.c.o
                                      0x729ef (size before relaxing)
 .debug_str     0x000000000007531d     0x1006 _build/nrf52832_xxaa/main.c.o
                                      0x7113b (size before relaxing)
 .debug_str     0x0000000000076323     0x8273 _build/nrf52832_xxaa/system_nrf52.c.o
                                      0x66f11 (size before relaxing)

.debug_loc      0x0000000000000000     0x4030
 .debug_loc     0x0000000000000000       0xc9 _build/nrf52832_xxaa/app_error.c.o
 .debug_loc     0x00000000000000c9       0x4a _build/nrf52832_xxaa/app_error_weak.c.o
 .debug_loc     0x0000000000000113      0xa05 _build/nrf52832_xxaa/app_timer2.c.o
 .debug_loc     0x0000000000000b18      0x11a _build/nrf52832_xxaa/app_util_platform.c.o
 .debug_loc     0x0000000000000c32     0x134a _build/nrf52832_xxaa/drv_rtc.c.o
 .debug_loc     0x0000000000001f7c      0x15d _build/nrf52832_xxaa/led_softblink.c.o
 .debug_loc     0x00000000000020d9      0x8f0 _build/nrf52832_xxaa/low_power_pwm.c.o
 .debug_loc     0x00000000000029c9      0x76d _build/nrf52832_xxaa/nrf_atfifo.c.o
 .debug_loc     0x0000000000003136      0x19f _build/nrf52832_xxaa/nrf_sortlist.c.o
 .debug_loc     0x00000000000032d5      0x35f _build/nrf52832_xxaa/nrf_drv_clock.c.o
 .debug_loc     0x0000000000003634      0x391 _build/nrf52832_xxaa/nrfx_clock.c.o
 .debug_loc     0x00000000000039c5      0x100 _build/nrf52832_xxaa/main.c.o
 .debug_loc     0x0000000000003ac5      0x56b _build/nrf52832_xxaa/system_nrf52.c.o

.debug_ranges   0x0000000000000000     0x1328
 .debug_ranges  0x0000000000000000       0x18 _build/nrf52832_xxaa/app_error.c.o
 .debug_ranges  0x0000000000000018       0x10 _build/nrf52832_xxaa/app_error_weak.c.o
 .debug_ranges  0x0000000000000028      0x2b8 _build/nrf52832_xxaa/app_timer2.c.o
 .debug_ranges  0x00000000000002e0       0x38 _build/nrf52832_xxaa/app_util_platform.c.o
 .debug_ranges  0x0000000000000318      0x430 _build/nrf52832_xxaa/drv_rtc.c.o
 .debug_ranges  0x0000000000000748       0x78 _build/nrf52832_xxaa/led_softblink.c.o
 .debug_ranges  0x00000000000007c0      0x250 _build/nrf52832_xxaa/low_power_pwm.c.o
 .debug_ranges  0x0000000000000a10      0x1a0 _build/nrf52832_xxaa/nrf_atfifo.c.o
 .debug_ranges  0x0000000000000bb0       0x30 _build/nrf52832_xxaa/nrf_sortlist.c.o
 .debug_ranges  0x0000000000000be0      0x178 _build/nrf52832_xxaa/nrf_drv_clock.c.o
 .debug_ranges  0x0000000000000d58      0x3c0 _build/nrf52832_xxaa/nrfx_clock.c.o
 .debug_ranges  0x0000000000001118       0x90 _build/nrf52832_xxaa/main.c.o
 .debug_ranges  0x00000000000011a8      0x180 _build/nrf52832_xxaa/system_nrf52.c.o

.debug_macro    0x0000000000000000     0x4b69
 .debug_macro   0x0000000000000000      0x21d _build/nrf52832_xxaa/app_error.c.o
 .debug_macro   0x000000000000021d       0x97 _build/nrf52832_xxaa/app_error.c.o
 .debug_macro   0x00000000000002b4       0xf6 _build/nrf52832_xxaa/app_error.c.o
 .debug_macro   0x00000000000003aa      0x312 _build/nrf52832_xxaa/app_error_weak.c.o
 .debug_macro   0x00000000000006bc       0xfb _build/nrf52832_xxaa/app_error_weak.c.o
 .debug_macro   0x00000000000007b7       0x16 _build/nrf52832_xxaa/app_error_weak.c.o
 .debug_macro   0x00000000000007cd       0x31 _build/nrf52832_xxaa/app_error_weak.c.o
 .debug_macro   0x00000000000007fe       0x16 _build/nrf52832_xxaa/app_error_weak.c.o
 .debug_macro   0x0000000000000814       0x55 _build/nrf52832_xxaa/app_error_weak.c.o
 .debug_macro   0x0000000000000869      0x17f _build/nrf52832_xxaa/app_error_weak.c.o
 .debug_macro   0x00000000000009e8       0x9a _build/nrf52832_xxaa/app_error_weak.c.o
 .debug_macro   0x0000000000000a82       0x28 _build/nrf52832_xxaa/app_error_weak.c.o
 .debug_macro   0x0000000000000aaa       0x23 _build/nrf52832_xxaa/app_error_weak.c.o
 .debug_macro   0x0000000000000acd       0x1c _build/nrf52832_xxaa/app_error_weak.c.o
 .debug_macro   0x0000000000000ae9       0x92 _build/nrf52832_xxaa/app_error_weak.c.o
 .debug_macro   0x0000000000000b7b      0x403 _build/nrf52832_xxaa/app_timer2.c.o
 .debug_macro   0x0000000000000f7e       0x37 _build/nrf52832_xxaa/app_timer2.c.o
 .debug_macro   0x0000000000000fb5       0x16 _build/nrf52832_xxaa/app_timer2.c.o
 .debug_macro   0x0000000000000fcb       0x42 _build/nrf52832_xxaa/app_timer2.c.o
 .debug_macro   0x000000000000100d       0x27 _build/nrf52832_xxaa/app_timer2.c.o
 .debug_macro   0x0000000000001034       0x45 _build/nrf52832_xxaa/app_timer2.c.o
 .debug_macro   0x0000000000001079       0xac _build/nrf52832_xxaa/app_timer2.c.o
 .debug_macro   0x0000000000001125       0x5b _build/nrf52832_xxaa/app_timer2.c.o
 .debug_macro   0x0000000000001180       0x10 _build/nrf52832_xxaa/app_timer2.c.o
 .debug_macro   0x0000000000001190      0x179 _build/nrf52832_xxaa/app_timer2.c.o
 .debug_macro   0x0000000000001309       0x2e _build/nrf52832_xxaa/app_timer2.c.o
 .debug_macro   0x0000000000001337       0x28 _build/nrf52832_xxaa/app_timer2.c.o
 .debug_macro   0x000000000000135f      0x239 _build/nrf52832_xxaa/app_util_platform.c.o
 .debug_macro   0x0000000000001598       0xe9 _build/nrf52832_xxaa/app_util_platform.c.o
 .debug_macro   0x0000000000001681      0x3e9 _build/nrf52832_xxaa/drv_rtc.c.o
 .debug_macro   0x0000000000001a6a       0x10 _build/nrf52832_xxaa/drv_rtc.c.o
 .debug_macro   0x0000000000001a7a      0x3b9 _build/nrf52832_xxaa/led_softblink.c.o
 .debug_macro   0x0000000000001e33       0x3a _build/nrf52832_xxaa/led_softblink.c.o
 .debug_macro   0x0000000000001e6d       0x28 _build/nrf52832_xxaa/led_softblink.c.o
 .debug_macro   0x0000000000001e95      0x3aa _build/nrf52832_xxaa/low_power_pwm.c.o
 .debug_macro   0x000000000000223f       0x22 _build/nrf52832_xxaa/low_power_pwm.c.o
 .debug_macro   0x0000000000002261       0x22 _build/nrf52832_xxaa/low_power_pwm.c.o
 .debug_macro   0x0000000000002283      0x28b _build/nrf52832_xxaa/nrf_atfifo.c.o
 .debug_macro   0x000000000000250e       0x58 _build/nrf52832_xxaa/nrf_atfifo.c.o
 .debug_macro   0x0000000000002566       0x5c _build/nrf52832_xxaa/nrf_atfifo.c.o
 .debug_macro   0x00000000000025c2       0x57 _build/nrf52832_xxaa/nrf_atfifo.c.o
 .debug_macro   0x0000000000002619      0x285 _build/nrf52832_xxaa/nrf_sortlist.c.o
 .debug_macro   0x000000000000289e      0x408 _build/nrf52832_xxaa/nrf_drv_clock.c.o
 .debug_macro   0x0000000000002ca6       0x16 _build/nrf52832_xxaa/nrf_drv_clock.c.o
 .debug_macro   0x0000000000002cbc       0x10 _build/nrf52832_xxaa/nrf_drv_clock.c.o
 .debug_macro   0x0000000000002ccc       0x16 _build/nrf52832_xxaa/nrf_drv_clock.c.o
 .debug_macro   0x0000000000002ce2      0x3e9 _build/nrf52832_xxaa/nrfx_clock.c.o
 .debug_macro   0x00000000000030cb       0x1c _build/nrf52832_xxaa/nrfx_clock.c.o
 .debug_macro   0x00000000000030e7       0x42 _build/nrf52832_xxaa/nrfx_clock.c.o
 .debug_macro   0x0000000000003129      0x3b5 _build/nrf52832_xxaa/main.c.o
 .debug_macro   0x00000000000034de       0x40 _build/nrf52832_xxaa/main.c.o
 .debug_macro   0x000000000000351e      0x151 _build/nrf52832_xxaa/system_nrf52.c.o
 .debug_macro   0x000000000000366f      0x44e _build/nrf52832_xxaa/system_nrf52.c.o
 .debug_macro   0x0000000000003abd      0xa28 _build/nrf52832_xxaa/system_nrf52.c.o
 .debug_macro   0x00000000000044e5      0x520 _build/nrf52832_xxaa/system_nrf52.c.o
 .debug_macro   0x0000000000004a05      0x164 _build/nrf52832_xxaa/system_nrf52.c.o

.debug_frame    0x0000000000000000      0xb08
 .debug_frame   0x0000000000000000       0x54 _build/nrf52832_xxaa/app_error.c.o
 .debug_frame   0x0000000000000054       0x20 _build/nrf52832_xxaa/app_error_weak.c.o
 .debug_frame   0x0000000000000074      0x16c _build/nrf52832_xxaa/app_timer2.c.o
 .debug_frame   0x00000000000001e0       0x70 _build/nrf52832_xxaa/app_util_platform.c.o
 .debug_frame   0x0000000000000250      0x1c0 _build/nrf52832_xxaa/drv_rtc.c.o
 .debug_frame   0x0000000000000410       0xc8 _build/nrf52832_xxaa/led_softblink.c.o
 .debug_frame   0x00000000000004d8       0x9c _build/nrf52832_xxaa/low_power_pwm.c.o
 .debug_frame   0x0000000000000574      0x138 _build/nrf52832_xxaa/nrf_atfifo.c.o
 .debug_frame   0x00000000000006ac       0x6c _build/nrf52832_xxaa/nrf_sortlist.c.o
 .debug_frame   0x0000000000000718      0x164 _build/nrf52832_xxaa/nrf_drv_clock.c.o
 .debug_frame   0x000000000000087c      0x144 _build/nrf52832_xxaa/nrfx_clock.c.o
 .debug_frame   0x00000000000009c0       0x2c _build/nrf52832_xxaa/main.c.o
 .debug_frame   0x00000000000009ec       0x60 _build/nrf52832_xxaa/system_nrf52.c.o
 .debug_frame   0x0000000000000a4c       0x28 /opt/homebrew/Cellar/arm-gcc-bin@8/8-2019-q3-update_2/bin/../lib/gcc/arm-none-eabi/8.3.1/../../../../arm-none-eabi/lib/thumb/v7e-m+fp/hard/libc_nano.a(lib_a-exit.o)
 .debug_frame   0x0000000000000a74       0x2c /opt/homebrew/Cellar/arm-gcc-bin@8/8-2019-q3-update_2/bin/../lib/gcc/arm-none-eabi/8.3.1/../../../../arm-none-eabi/lib/thumb/v7e-m+fp/hard/libc_nano.a(lib_a-init.o)
 .debug_frame   0x0000000000000aa0       0x28 /opt/homebrew/Cellar/arm-gcc-bin@8/8-2019-q3-update_2/bin/../lib/gcc/arm-none-eabi/8.3.1/../../../../arm-none-eabi/lib/thumb/v7e-m+fp/hard/libc_nano.a(lib_a-memcpy-stub.o)
 .debug_frame   0x0000000000000ac8       0x20 /opt/homebrew/Cellar/arm-gcc-bin@8/8-2019-q3-update_2/bin/../lib/gcc/arm-none-eabi/8.3.1/../../../../arm-none-eabi/lib/thumb/v7e-m+fp/hard/libc_nano.a(lib_a-memset.o)
 .debug_frame   0x0000000000000ae8       0x20 /opt/homebrew/Cellar/arm-gcc-bin@8/8-2019-q3-update_2/bin/../lib/gcc/arm-none-eabi/8.3.1/../../../../arm-none-eabi/lib/thumb/v7e-m+fp/hard/libnosys.a(_exit.o)
